Archive member included to satisfy reference by file (symbol)

touchgfx//lib/core/cortex_m4f/gcc\libtouchgfx.a(AbstractPartition.o)
                              build/ST/STM32469IDISCO/target/bsp/source/BoardConfiguration.o (touchgfx::AbstractPartition::getAllocationCount() const)
touchgfx//lib/core/cortex_m4f/gcc\libtouchgfx.a(CircleProgress.o)
                              build/ST/STM32469IDISCO/generated/gui_generated/src/screen1_screen/Screen1ViewBase.o (touchgfx::CircleProgress::setCenter(int, int))
touchgfx//lib/core/cortex_m4f/gcc\libtouchgfx.a(AbstractProgressIndicator.o)
                              touchgfx//lib/core/cortex_m4f/gcc\libtouchgfx.a(CircleProgress.o) (touchgfx::AbstractProgressIndicator::~AbstractProgressIndicator())
touchgfx//lib/core/cortex_m4f/gcc\libtouchgfx.a(Container.o)
                              touchgfx//lib/core/cortex_m4f/gcc\libtouchgfx.a(CircleProgress.o) (touchgfx::Container::contains(touchgfx::Drawable const&))
touchgfx//lib/core/cortex_m4f/gcc\libtouchgfx.a(Slider.o)
                              build/ST/STM32469IDISCO/gui/src/screen1_screen/Screen1View.o (touchgfx::Slider::~Slider())
touchgfx//lib/core/cortex_m4f/gcc\libtouchgfx.a(HAL.o)
                              build/ST/STM32469IDISCO/target/bsp/source/platform/hal/mcu/stm32f4cube/STM32F4HAL_DSI.o (touchgfx::HAL::flushFrameBuffer())
touchgfx//lib/core/cortex_m4f/gcc\libtouchgfx.a(DMA.o)
                              build/ST/STM32469IDISCO/target/bsp/source/platform/hal/mcu/stm32f4cube/STM32F4DMA.o (touchgfx::DMA_Interface::seedExecution())
touchgfx//lib/core/cortex_m4f/gcc\libtouchgfx.a(AbstractPainterRGB888.o)
                              build/ST/STM32469IDISCO/gui/src/screen1_screen/Screen1View.o (vtable for touchgfx::AbstractPainterRGB888)
touchgfx//lib/core/cortex_m4f/gcc\libtouchgfx.a(PainterRGB888Bitmap.o)
                              build/ST/STM32469IDISCO/generated/gui_generated/src/screen1_screen/Screen1ViewBase.o (touchgfx::PainterRGB888Bitmap::setBitmap(touchgfx::Bitmap const&))
touchgfx//lib/core/cortex_m4f/gcc\libtouchgfx.a(Circle.o)
                              touchgfx//lib/core/cortex_m4f/gcc\libtouchgfx.a(CircleProgress.o) (touchgfx::Circle::Circle())
touchgfx//lib/core/cortex_m4f/gcc\libtouchgfx.a(AbstractPainter.o)
                              touchgfx//lib/core/cortex_m4f/gcc\libtouchgfx.a(PainterRGB888Bitmap.o) (touchgfx::AbstractPainter::AbstractPainter())
touchgfx//lib/core/cortex_m4f/gcc\libtouchgfx.a(CanvasWidget.o)
                              touchgfx//lib/core/cortex_m4f/gcc\libtouchgfx.a(CircleProgress.o) (touchgfx::CanvasWidget::setPainter(touchgfx::AbstractPainter&))
touchgfx//lib/core/cortex_m4f/gcc\libtouchgfx.a(Box.o)
                              build/ST/STM32469IDISCO/generated/gui_generated/src/screen1_screen/Screen1ViewBase.o (vtable for touchgfx::Box)
touchgfx//lib/core/cortex_m4f/gcc\libtouchgfx.a(Button.o)
                              build/ST/STM32469IDISCO/generated/gui_generated/src/screen1_screen/Screen1ViewBase.o (touchgfx::Button::setBitmaps(touchgfx::Bitmap const&, touchgfx::Bitmap const&))
touchgfx//lib/core/cortex_m4f/gcc\libtouchgfx.a(Image.o)
                              touchgfx//lib/core/cortex_m4f/gcc\libtouchgfx.a(AbstractProgressIndicator.o) (touchgfx::Image::setBitmap(touchgfx::Bitmap const&))
touchgfx//lib/core/cortex_m4f/gcc\libtouchgfx.a(CanvasWidgetRenderer.o)
                              build/ST/STM32469IDISCO/generated/gui_generated/src/screen1_screen/Screen1ViewBase.o (touchgfx::CanvasWidgetRenderer::setupBuffer(unsigned char*, unsigned int))
touchgfx//lib/core/cortex_m4f/gcc\libtouchgfx.a(LCD.o)
                              build/ST/STM32469IDISCO/generated/texts/src/Texts.o (touchgfx::LCD::drawStringLTR(touchgfx::Rect const&, touchgfx::Rect const&, touchgfx::LCD::StringVisuals const&, unsigned short const*, std::__va_list))
touchgfx//lib/core/cortex_m4f/gcc\libtouchgfx.a(TouchCalibration.o)
                              touchgfx//lib/core/cortex_m4f/gcc\libtouchgfx.a(HAL.o) (touchgfx::TouchCalibration::translatePoint(touchgfx::Point&))
touchgfx//lib/core/cortex_m4f/gcc\libtouchgfx.a(DisplayTransformation.o)
                              touchgfx//lib/core/cortex_m4f/gcc\libtouchgfx.a(HAL.o) (touchgfx::DisplayTransformation::transformFrameBufferToDisplay(short&, short&))
touchgfx//lib/core/cortex_m4f/gcc\libtouchgfx.a(Application.o)
                              build/ST/STM32469IDISCO/gui/src/common/FrontendApplication.o (touchgfx::Application::handleClickEvent(touchgfx::ClickEvent const&))
touchgfx//lib/core/cortex_m4f/gcc\libtouchgfx.a(TypedText.o)
                              build/ST/STM32469IDISCO/generated/texts/src/Texts.o (touchgfx::TypedText::numberOfTypedTexts)
touchgfx//lib/core/cortex_m4f/gcc\libtouchgfx.a(Font.o)
[...]
Memory Configuration

Name             Origin             Length             Attributes
CODE             0x0000000008000000 0x0000000000200000 xr
RAM              0x0000000020000000 0x0000000000050000 rw
CCMRAM           0x0000000010000000 0x0000000000010000 rw
QUADSPI          0x0000000090000000 0x0000000001000000 r
*default*        0x0000000000000000 0xffffffffffffffff

Linker script and memory map

LOAD build/ST/STM32469IDISCO/gui/src/screen1_screen/Screen1Presenter.o
LOAD build/ST/STM32469IDISCO/gui/src/screen1_screen/Screen1View.o
LOAD build/ST/STM32469IDISCO/gui/src/model/Model.o
LOAD build/ST/STM32469IDISCO/gui/src/common/FrontendApplication.o
LOAD build/ST/STM32469IDISCO/generated/gui_generated/src/screen1_screen/Screen1ViewBase.o
LOAD build/ST/STM32469IDISCO/generated/gui_generated/src/common/FrontendApplicationBase.o
LOAD build/ST/STM32469IDISCO/generated/fonts/src/Kerning_verdana_10_4bpp.o
LOAD build/ST/STM32469IDISCO/generated/fonts/src/Font_verdana_40_4bpp.o
LOAD build/ST/STM32469IDISCO/generated/fonts/src/FontGetters.o
LOAD build/ST/STM32469IDISCO/generated/fonts/src/Font_verdana_20_4bpp.o
LOAD build/ST/STM32469IDISCO/generated/fonts/src/Kerning_verdana_40_4bpp.o
LOAD build/ST/STM32469IDISCO/generated/fonts/src/Table_verdana_10_4bpp.o
LOAD build/ST/STM32469IDISCO/generated/fonts/src/Kerning_verdana_20_4bpp.o
LOAD build/ST/STM32469IDISCO/generated/fonts/src/Font_verdana_10_4bpp.o
LOAD build/ST/STM32469IDISCO/generated/fonts/src/Table_verdana_40_4bpp.o
LOAD build/ST/STM32469IDISCO/generated/fonts/src/Table_verdana_20_4bpp.o
LOAD build/ST/STM32469IDISCO/generated/fonts/src/ApplicationFontProvider.o
LOAD build/ST/STM32469IDISCO/generated/images/src/__designer/blue_slider_horizontal_large_indicators_slider_round_nob.o
LOAD build/ST/STM32469IDISCO/generated/images/src/__designer/blue_buttons_round_edge_small.o
LOAD build/ST/STM32469IDISCO/generated/images/src/__designer/blue_progressindicators_bg_medium_circle_indicator_bg_full.o
LOAD build/ST/STM32469IDISCO/generated/images/src/__designer/blue_slider_horizontal_large_slider_round_fill.o
LOAD build/ST/STM32469IDISCO/generated/images/src/__designer/blue_progressindicators_fill_medium_circle_indicator_fill_full.o
LOAD build/ST/STM32469IDISCO/generated/images/src/__designer/blue_slider_horizontal_large_slider_round_back.o
LOAD build/ST/STM32469IDISCO/generated/images/src/__designer/blue_buttons_round_edge_small_pressed.o
LOAD build/ST/STM32469IDISCO/generated/images/src/BitmapDatabase.o
LOAD build/ST/STM32469IDISCO/generated/texts/src/TypedTextDatabase.o
LOAD build/ST/STM32469IDISCO/generated/texts/src/Texts.o
LOAD build/ST/STM32469IDISCO/target/os/FreeRTOS7.6.0/OSWrappers.o
LOAD build/ST/STM32469IDISCO/target/gcc/gccstubs.o
LOAD build/ST/STM32469IDISCO/target/main.o
LOAD build/ST/STM32469IDISCO/target/bsp/source/bsp/OTM8009TouchController.o
LOAD build/ST/STM32469IDISCO/target/bsp/source/platform/hal/mcu/stm32f4cube/STM32F4DMA.o
LOAD build/ST/STM32469IDISCO/target/bsp/source/platform/hal/mcu/stm32f4cube/STM32F4HAL_DSI.o
LOAD build/ST/STM32469IDISCO/target/bsp/source/platform/cortex-m/CortexMMCUInstrumentation.o
LOAD build/ST/STM32469IDISCO/target/bsp/source/bsp/KeySampler.o
LOAD build/ST/STM32469IDISCO/target/bsp/source/bsp/Buttons.o
LOAD build/ST/STM32469IDISCO/target/bsp/source/BoardConfiguration.o
LOAD build/ST/STM32469IDISCO/target/bsp/source/GPIO.o
LOAD build/ST/STM32469IDISCO/target/os/FreeRTOS7.6.0/Source/croutine.o
LOAD build/ST/STM32469IDISCO/target/os/FreeRTOS7.6.0/Source/list.o
LOAD build/ST/STM32469IDISCO/target/os/FreeRTOS7.6.0/Source/queue.o
LOAD build/ST/STM32469IDISCO/target/os/FreeRTOS7.6.0/Source/tasks.o
LOAD build/ST/STM32469IDISCO/target/os/FreeRTOS7.6.0/Source/timers.o
LOAD build/ST/STM32469IDISCO/target/os/FreeRTOS7.6.0/Source/portable/MemMang/heap_2.o
LOAD build/ST/STM32469IDISCO/target/os/FreeRTOS7.6.0/Source/portable/GCC/ARM_CM4F/port.o
LOAD build/ST/STM32469IDISCO/target/gcc/isr.o
LOAD build/ST/STM32469IDISCO/target/bsp/source/vendor/STM32469I-Discovery/stm32469i_discovery.o
LOAD build/ST/STM32469IDISCO/target/bsp/source/vendor/STM32469I-Discovery/stm32469i_discovery_lcd.o
LOAD build/ST/STM32469IDISCO/target/bsp/source/vendor/STM32469I-Discovery/stm32469i_discovery_qspi.o
LOAD build/ST/STM32469IDISCO/target/bsp/source/vendor/STM32469I-Discovery/stm32469i_discovery_sdram.o
LOAD build/ST/STM32469IDISCO/target/bsp/source/vendor/STM32469I-Discovery/stm32469i_discovery_ts.o
LOAD build/ST/STM32469IDISCO/target/bsp/source/vendor/Components/ft6x06/ft6x06.o
LOAD build/ST/STM32469IDISCO/target/bsp/source/vendor/Components/otm8009a/otm8009a.o
LOAD build/ST/STM32469IDISCO/target/bsp/source/platform/hal/mcu/stm32f4cube/STM32F4xx_HAL_Driver/stm32f4xx_hal.o
LOAD build/ST/STM32469IDISCO/target/bsp/source/platform/hal/mcu/stm32f4cube/STM32F4xx_HAL_Driver/stm32f4xx_hal_cortex.o
LOAD build/ST/STM32469IDISCO/target/bsp/source/platform/hal/mcu/stm32f4cube/STM32F4xx_HAL_Driver/stm32f4xx_hal_dma.o
LOAD build/ST/STM32469IDISCO/target/bsp/source/platform/hal/mcu/stm32f4cube/STM32F4xx_HAL_Driver/stm32f4xx_hal_dma2d.o
LOAD build/ST/STM32469IDISCO/target/bsp/source/platform/hal/mcu/stm32f4cube/STM32F4xx_HAL_Driver/stm32f4xx_hal_dma_ex.o
LOAD build/ST/STM32469IDISCO/target/bsp/source/platform/hal/mcu/stm32f4cube/STM32F4xx_HAL_Driver/stm32f4xx_hal_gpio.o
LOAD build/ST/STM32469IDISCO/target/bsp/source/platform/hal/mcu/stm32f4cube/STM32F4xx_HAL_Driver/stm32f4xx_hal_i2c.o
LOAD build/ST/STM32469IDISCO/target/bsp/source/platform/hal/mcu/stm32f4cube/STM32F4xx_HAL_Driver/stm32f4xx_hal_ltdc.o
LOAD build/ST/STM32469IDISCO/target/bsp/source/platform/hal/mcu/stm32f4cube/STM32F4xx_HAL_Driver/stm32f4xx_hal_ltdc_ex.o
LOAD build/ST/STM32469IDISCO/target/bsp/source/platform/hal/mcu/stm32f4cube/STM32F4xx_HAL_Driver/stm32f4xx_hal_qspi.o
LOAD build/ST/STM32469IDISCO/target/bsp/source/platform/hal/mcu/stm32f4cube/STM32F4xx_HAL_Driver/stm32f4xx_hal_dsi.o
LOAD build/ST/STM32469IDISCO/target/bsp/source/platform/hal/mcu/stm32f4cube/STM32F4xx_HAL_Driver/stm32f4xx_hal_pwr_ex.o
LOAD build/ST/STM32469IDISCO/target/bsp/source/platform/hal/mcu/stm32f4cube/STM32F4xx_HAL_Driver/stm32f4xx_hal_rcc.o
LOAD build/ST/STM32469IDISCO/target/bsp/source/platform/hal/mcu/stm32f4cube/STM32F4xx_HAL_Driver/stm32f4xx_hal_rcc_ex.o
LOAD build/ST/STM32469IDISCO/target/bsp/source/platform/hal/mcu/stm32f4cube/STM32F4xx_HAL_Driver/stm32f4xx_hal_sdram.o
LOAD build/ST/STM32469IDISCO/target/bsp/source/platform/hal/mcu/stm32f4cube/STM32F4xx_HAL_Driver/stm32f4xx_ll_fmc.o
LOAD build/ST/STM32469IDISCO/target/bsp/source/platform/hal/mcu/stm32f4cube/STM32F4xx_HAL_Driver/stm32f4xx_ll_fsmc.o
LOAD build/ST/STM32469IDISCO/target/bsp/source/platform/hal/mcu/stm32f4cube/CMSIS/system_stm32f4xx.o
START GROUP
LOAD touchgfx//lib/core/cortex_m4f/gcc\libtouchgfx.a
END GROUP
LOAD c:/st/stm32cubeide_1.0.0/stm32cubeide/plugins/com.st.stm32cube.ide.mcu.externaltools.gnu-tools-for-stm32.7-2018-q2-update.win32_1.0.0.201904181610/tools/bin/../lib/gcc/arm-none-eabi/7.3.1/../../../../arm-none-eabi/lib/thumb/v7e-m/fpv4-sp/softfp\libstdc++.a
LOAD c:/st/stm32cubeide_1.0.0/stm32cubeide/plugins/com.st.stm32cube.ide.mcu.externaltools.gnu-tools-for-stm32.7-2018-q2-update.win32_1.0.0.201904181610/tools/bin/../lib/gcc/arm-none-eabi/7.3.1/../../../../arm-none-eabi/lib/thumb/v7e-m/fpv4-sp/softfp\libm.a
START GROUP
LOAD c:/st/stm32cubeide_1.0.0/stm32cubeide/plugins/com.st.stm32cube.ide.mcu.externaltools.gnu-tools-for-stm32.7-2018-q2-update.win32_1.0.0.201904181610/tools/bin/../lib/gcc/arm-none-eabi/7.3.1/thumb/v7e-m/fpv4-sp/softfp\libgcc.a
LOAD c:/st/stm32cubeide_1.0.0/stm32cubeide/plugins/com.st.stm32cube.ide.mcu.externaltools.gnu-tools-for-stm32.7-2018-q2-update.win32_1.0.0.201904181610/tools/bin/../lib/gcc/arm-none-eabi/7.3.1/../../../../arm-none-eabi/lib/thumb/v7e-m/fpv4-sp/softfp\libg.a
LOAD c:/st/stm32cubeide_1.0.0/stm32cubeide/plugins/com.st.stm32cube.ide.mcu.externaltools.gnu-tools-for-stm32.7-2018-q2-update.win32_1.0.0.201904181610/tools/bin/../lib/gcc/arm-none-eabi/7.3.1/../../../../arm-none-eabi/lib/thumb/v7e-m/fpv4-sp/softfp\libc.a
END GROUP
                0x0000000000000400                _STACKSIZE = 0x400
                0x0000000000000200                _HEAPSIZE = 0x200

.text           0x0000000008000000     0xe85c
 CREATE_OBJECT_SYMBOLS
 *(.isr_vectors)
 .isr_vectors   0x0000000008000000      0x1b4 build/ST/STM32469IDISCO/target/gcc/isr.o
                0x0000000008000000                g_pfnVectors
 *(.text .text.*)
 .text._ZN16Screen1PresenterD2Ev
                0x00000000080001b4        0x6 build/ST/STM32469IDISCO/gui/src/screen1_screen/Screen1Presenter.o
                0x00000000080001b4                Screen1Presenter::~Screen1Presenter()
                0x00000000080001b4                Screen1Presenter::~Screen1Presenter()
                0x00000000080001b6                non-virtual thunk to Screen1Presenter::~Screen1Presenter()
 .text._ZN16Screen1Presenter8activateEv
                0x00000000080001ba        0x2 build/ST/STM32469IDISCO/gui/src/screen1_screen/Screen1Presenter.o
                0x00000000080001ba                Screen1Presenter::deactivate()
                0x00000000080001ba                Screen1Presenter::activate()
 .text._ZN16Screen1PresenterD0Ev
                0x00000000080001bc       0x14 build/ST/STM32469IDISCO/gui/src/screen1_screen/Screen1Presenter.o
                0x00000000080001bc                Screen1Presenter::~Screen1Presenter()
                0x00000000080001ca                non-virtual thunk to Screen1Presenter::~Screen1Presenter()
 .text._ZN16Screen1PresenterC2ER11Screen1View
                0x00000000080001d0       0x1c build/ST/STM32469IDISCO/gui/src/screen1_screen/Screen1Presenter.o
                0x00000000080001d0                Screen1Presenter::Screen1Presenter(Screen1View&)
                0x00000000080001d0                Screen1Presenter::Screen1Presenter(Screen1View&)
 .text._ZN8touchgfx6Screen15afterTransitionEv
                0x00000000080001ec        0x2 build/ST/STM32469IDISCO/gui/src/screen1_screen/Screen1View.o
                0x00000000080001ec                touchgfx::Screen::afterTransition()
 .text._ZN8touchgfx6Screen15handleTickEventEv
                0x00000000080001ee        0x2 build/ST/STM32469IDISCO/gui/src/screen1_screen/Screen1View.o
                0x00000000080001ee                touchgfx::Screen::handleTickEvent()
 .text._ZN8touchgfx6Screen14handleKeyEventEh
                0x00000000080001f0        0x2 build/ST/STM32469IDISCO/gui/src/screen1_screen/Screen1View.o
                0x00000000080001f0                touchgfx::Screen::handleKeyEvent(unsigned char)
 .text._ZN11Screen1View14tearDownScreenEv
                0x00000000080001f2        0x2 build/ST/STM32469IDISCO/gui/src/screen1_screen/Screen1View.o
                0x00000000080001f2                Screen1View::tearDownScreen()
 .text._ZN11Screen1View11setupScreenEv
                0x00000000080001f4        0x4 build/ST/STM32469IDISCO/gui/src/screen1_screen/Screen1View.o
                0x00000000080001f4                Screen1View::setupScreen()
 .text._ZN11Screen1ViewC2Ev
                0x00000000080001f8       0x14 build/ST/STM32469IDISCO/gui/src/screen1_screen/Screen1View.o
                0x00000000080001f8                Screen1View::Screen1View()
                0x00000000080001f8                Screen1View::Screen1View()
 .text._ZN15Screen1ViewBaseD2Ev
                0x000000000800020c       0x34 build/ST/STM32469IDISCO/gui/src/screen1_screen/Screen1View.o
                0x000000000800020c                Screen1ViewBase::~Screen1ViewBase()
                0x000000000800020c                Screen1ViewBase::~Screen1ViewBase()
 .text._ZN15Screen1ViewBaseD0Ev
                0x0000000008000240       0x16 build/ST/STM32469IDISCO/gui/src/screen1_screen/Screen1View.o
                0x0000000008000240                Screen1ViewBase::~Screen1ViewBase()
 *fill*         0x0000000008000256        0x2 00000000
 .text._ZN11Screen1ViewD2Ev
                0x0000000008000258       0x14 build/ST/STM32469IDISCO/gui/src/screen1_screen/Screen1View.o
                0x0000000008000258                Screen1View::~Screen1View()
                0x0000000008000258                Screen1View::~Screen1View()
 .text._ZN11Screen1ViewD0Ev
                0x000000000800026c       0x16 build/ST/STM32469IDISCO/gui/src/screen1_screen/Screen1View.o
                0x000000000800026c                Screen1View::~Screen1View()
 .text._ZN5ModelC2Ev
                0x0000000008000282        0x6 build/ST/STM32469IDISCO/gui/src/model/Model.o
                0x0000000008000282                Model::Model()
                0x0000000008000282                Model::Model()
 .text._ZN5Model4tickEv
                0x0000000008000288        0x2 build/ST/STM32469IDISCO/gui/src/model/Model.o
                0x0000000008000288                Model::tick()
 .text._ZN8touchgfx11Application15appSwitchScreenEh
                0x000000000800028a        0x2 build/ST/STM32469IDISCO/gui/src/common/FrontendApplication.o
                0x000000000800028a                touchgfx::Application::appSwitchScreen(unsigned char)
 .text._ZN19FrontendApplicationD2Ev
                0x000000000800028c        0x2 build/ST/STM32469IDISCO/gui/src/common/FrontendApplication.o
                0x000000000800028c                FrontendApplication::~FrontendApplication()
                0x000000000800028c                FrontendApplication::~FrontendApplication()
 .text._ZN19FrontendApplicationD0Ev
                0x000000000800028e       0x10 build/ST/STM32469IDISCO/gui/src/common/FrontendApplication.o
                0x000000000800028e                FrontendApplication::~FrontendApplication()
 .text._ZN19FrontendApplication15handleTickEventEv
                0x000000000800029e       0x16 build/ST/STM32469IDISCO/gui/src/common/FrontendApplication.o
                0x000000000800029e                FrontendApplication::handleTickEvent()
 .text._ZN8touchgfx14MVPApplication29handlePendingScreenTransitionEv
                0x00000000080002b4       0x24 build/ST/STM32469IDISCO/gui/src/common/FrontendApplication.o
                0x00000000080002b4                touchgfx::MVPApplication::handlePendingScreenTransition()
 .text._ZN19FrontendApplicationC2ER5ModelR12FrontendHeap
                0x00000000080002d8       0x14 build/ST/STM32469IDISCO/gui/src/common/FrontendApplication.o
                0x00000000080002d8                FrontendApplication::FrontendApplication(Model&, FrontendHeap&)
                0x00000000080002d8                FrontendApplication::FrontendApplication(Model&, FrontendHeap&)
 .text._ZN8touchgfx8Drawable11setPositionEssss
                0x00000000080002ec       0x28 build/ST/STM32469IDISCO/generated/gui_generated/src/screen1_screen/Screen1ViewBase.o
                0x00000000080002ec                touchgfx::Drawable::setPosition(short, short, short, short)
 .text._ZN8touchgfx8Drawable4setXEs
                0x0000000008000314        0x4 build/ST/STM32469IDISCO/generated/gui_generated/src/screen1_screen/Screen1ViewBase.o
                0x0000000008000314                touchgfx::Drawable::setX(short)
 .text._ZN8touchgfx8Drawable4setYEs
                0x0000000008000318        0x4 build/ST/STM32469IDISCO/generated/gui_generated/src/screen1_screen/Screen1ViewBase.o
                0x0000000008000318                touchgfx::Drawable::setY(short)
 .text._ZN8touchgfx8Drawable5setXYEss
                0x000000000800031c       0x1a build/ST/STM32469IDISCO/generated/gui_generated/src/screen1_screen/Screen1ViewBase.o
                0x000000000800031c                touchgfx::Drawable::setXY(short, short)
 .text._ZN8touchgfx8Drawable8setWidthEs
                0x0000000008000336        0x4 build/ST/STM32469IDISCO/generated/gui_generated/src/screen1_screen/Screen1ViewBase.o
                0x0000000008000336                touchgfx::Drawable::setWidth(short)
 .text._ZN8touchgfx8Drawable9setHeightEs
                0x000000000800033a        0x4 build/ST/STM32469IDISCO/generated/gui_generated/src/screen1_screen/Screen1ViewBase.o
                0x000000000800033a                touchgfx::Drawable::setHeight(short)
 .text._ZN8touchgfx8Drawable20childGeometryChangedEv
                0x000000000800033e        0x2 build/ST/STM32469IDISCO/generated/gui_generated/src/screen1_screen/Screen1ViewBase.o
                0x000000000800033e                touchgfx::Drawable::childGeometryChanged()
 .text._ZN8touchgfx8Drawable16handleClickEventERKNS_10ClickEventE
                0x0000000008000340        0x2 build/ST/STM32469IDISCO/generated/gui_generated/src/screen1_screen/Screen1ViewBase.o
                0x0000000008000340                touchgfx::Drawable::handleClickEvent(touchgfx::ClickEvent const&)
 .text._ZN8touchgfx8Drawable18handleGestureEventERKNS_12GestureEventE
                0x0000000008000342        0x2 build/ST/STM32469IDISCO/generated/gui_generated/src/screen1_screen/Screen1ViewBase.o
                0x0000000008000342                touchgfx::Drawable::handleGestureEvent(touchgfx::GestureEvent const&)
 .text._ZN8touchgfx8Drawable15handleDragEventERKNS_9DragEventE
                0x0000000008000344        0x2 build/ST/STM32469IDISCO/generated/gui_generated/src/screen1_screen/Screen1ViewBase.o
                0x0000000008000344                touchgfx::Drawable::handleDragEvent(touchgfx::DragEvent const&)
 .text._ZN8touchgfx8Drawable15handleTickEventEv
                0x0000000008000346        0x2 build/ST/STM32469IDISCO/generated/gui_generated/src/screen1_screen/Screen1ViewBase.o
                0x0000000008000346                touchgfx::Drawable::handleTickEvent()
 .text._ZN8touchgfx8Drawable6moveToEss
                0x0000000008000348       0x18 build/ST/STM32469IDISCO/generated/gui_generated/src/screen1_screen/Screen1ViewBase.o
                0x0000000008000348                touchgfx::Drawable::moveTo(short, short)
 .text._ZN8touchgfx8Drawable14setupDrawChainERKNS_4RectEPPS0_
                0x0000000008000360       0x14 build/ST/STM32469IDISCO/generated/gui_generated/src/screen1_screen/Screen1ViewBase.o
                0x0000000008000360                touchgfx::Drawable::setupDrawChain(touchgfx::Rect const&, touchgfx::Drawable**)
 .text._ZN8touchgfx6Screen11setupScreenEv
                0x0000000008000374        0x2 build/ST/STM32469IDISCO/generated/gui_generated/src/screen1_screen/Screen1ViewBase.o
                0x0000000008000374                touchgfx::Screen::setupScreen()
 .text._ZN8touchgfx6Screen14tearDownScreenEv
                0x0000000008000376        0x2 build/ST/STM32469IDISCO/generated/gui_generated/src/screen1_screen/Screen1ViewBase.o
                0x0000000008000376                touchgfx::Screen::tearDownScreen()
 .text._ZN8touchgfx6Widget12getLastChildEssPPNS_8DrawableE
                0x0000000008000378       0x10 build/ST/STM32469IDISCO/generated/gui_generated/src/screen1_screen/Screen1ViewBase.o
                0x0000000008000378                touchgfx::Widget::getLastChild(short, short, touchgfx::Drawable**)
 .text._ZNK8touchgfx6Widget7getTypeEv
                0x0000000008000388        0x4 build/ST/STM32469IDISCO/generated/gui_generated/src/screen1_screen/Screen1ViewBase.o
                0x0000000008000388                touchgfx::Widget::getType() const
 .text._ZN15Screen1ViewBase11setupScreenEv
                0x000000000800038c        0x2 build/ST/STM32469IDISCO/generated/gui_generated/src/screen1_screen/Screen1ViewBase.o
                0x000000000800038c                Screen1ViewBase::setupScreen()
 *fill*         0x000000000800038e        0x2 00000000
 .text._ZN8touchgfx3BoxC2Ev
                0x0000000008000390       0x38 build/ST/STM32469IDISCO/generated/gui_generated/src/screen1_screen/Screen1ViewBase.o
                0x0000000008000390                touchgfx::Box::Box()
                0x0000000008000390                touchgfx::Box::Box()
 .text._ZN8touchgfx6ButtonC2Ev
                0x00000000080003c8       0x40 build/ST/STM32469IDISCO/generated/gui_generated/src/screen1_screen/Screen1ViewBase.o
                0x00000000080003c8                touchgfx::Button::Button()
                0x00000000080003c8                touchgfx::Button::Button()
 .text._ZN15Screen1ViewBaseC2Ev
                0x0000000008000408      0x334 build/ST/STM32469IDISCO/generated/gui_generated/src/screen1_screen/Screen1ViewBase.o
                0x0000000008000408                Screen1ViewBase::Screen1ViewBase()
                0x0000000008000408                Screen1ViewBase::Screen1ViewBase()
 .text._ZN8touchgfx10Transition8tearDownEv
                0x000000000800073c        0x2 build/ST/STM32469IDISCO/generated/gui_generated/src/common/FrontendApplicationBase.o
                0x000000000800073c                touchgfx::Transition::tearDown()
 .text._ZN8touchgfx10Transition4initEv
                0x000000000800073e        0x2 build/ST/STM32469IDISCO/generated/gui_generated/src/common/FrontendApplicationBase.o
                0x000000000800073e                touchgfx::Transition::init()
 .text._ZN8touchgfx10Transition18setScreenContainerERNS_9ContainerE
                0x0000000008000740        0x4 build/ST/STM32469IDISCO/generated/gui_generated/src/common/FrontendApplicationBase.o
                0x0000000008000740                touchgfx::Transition::setScreenContainer(touchgfx::Container&)
 .text._ZN23FrontendApplicationBaseD2Ev
                0x0000000008000744        0x2 build/ST/STM32469IDISCO/generated/gui_generated/src/common/FrontendApplicationBase.o
                0x0000000008000744                FrontendApplicationBase::~FrontendApplicationBase()
                0x0000000008000744                FrontendApplicationBase::~FrontendApplicationBase()
 .text._ZN8touchgfx12NoTransitionD2Ev
                0x0000000008000746        0x2 build/ST/STM32469IDISCO/generated/gui_generated/src/common/FrontendApplicationBase.o
                0x0000000008000746                touchgfx::NoTransition::~NoTransition()
                0x0000000008000746                touchgfx::NoTransition::~NoTransition()
 .text._ZN8touchgfx12NoTransition15handleTickEventEv
                0x0000000008000748        0x6 build/ST/STM32469IDISCO/generated/gui_generated/src/common/FrontendApplicationBase.o
                0x0000000008000748                touchgfx::NoTransition::handleTickEvent()
 .text._ZN8touchgfx8CallbackI23FrontendApplicationBasevvvED2Ev
                0x000000000800074e        0x2 build/ST/STM32469IDISCO/generated/gui_generated/src/common/FrontendApplicationBase.o
                0x000000000800074e                touchgfx::Callback<FrontendApplicationBase, void, void, void>::~Callback()
                0x000000000800074e                touchgfx::Callback<FrontendApplicationBase, void, void, void>::~Callback()
 .text._ZN8touchgfx8CallbackI23FrontendApplicationBasevvvE7executeEv
                0x0000000008000750       0x20 build/ST/STM32469IDISCO/generated/gui_generated/src/common/FrontendApplicationBase.o
                0x0000000008000750                touchgfx::Callback<FrontendApplicationBase, void, void, void>::execute()
 .text._ZNK8touchgfx8CallbackI23FrontendApplicationBasevvvE7isValidEv
                0x0000000008000770       0x18 build/ST/STM32469IDISCO/generated/gui_generated/src/common/FrontendApplicationBase.o
                0x0000000008000770                touchgfx::Callback<FrontendApplicationBase, void, void, void>::isValid() const
 .text._ZN8touchgfx12NoTransitionD0Ev
                0x0000000008000788        0xe build/ST/STM32469IDISCO/generated/gui_generated/src/common/FrontendApplicationBase.o
                0x0000000008000788                touchgfx::NoTransition::~NoTransition()
 .text._ZN23FrontendApplicationBaseD0Ev
                0x0000000008000796       0x10 build/ST/STM32469IDISCO/generated/gui_generated/src/common/FrontendApplicationBase.o
                0x0000000008000796                FrontendApplicationBase::~FrontendApplicationBase()
 .text._ZN8touchgfx8CallbackI23FrontendApplicationBasevvvED0Ev
                0x00000000080007a6        0xe build/ST/STM32469IDISCO/generated/gui_generated/src/common/FrontendApplicationBase.o
                0x00000000080007a6                touchgfx::Callback<FrontendApplicationBase, void, void, void>::~Callback()
 .text._ZN23FrontendApplicationBaseC2ER5ModelR12FrontendHeap
                0x00000000080007b4       0x48 build/ST/STM32469IDISCO/generated/gui_generated/src/common/FrontendApplicationBase.o
                0x00000000080007b4                FrontendApplicationBase::FrontendApplicationBase(Model&, FrontendHeap&)
                0x00000000080007b4                FrontendApplicationBase::FrontendApplicationBase(Model&, FrontendHeap&)
 .text._ZN23FrontendApplicationBase29gotoScreen1ScreenNoTransitionEv
                0x00000000080007fc       0x20 build/ST/STM32469IDISCO/generated/gui_generated/src/common/FrontendApplicationBase.o
                0x00000000080007fc                FrontendApplicationBase::gotoScreen1ScreenNoTransition()
 .text._ZN8touchgfx14makeTransitionI11Screen1View16Screen1PresenterNS_12NoTransitionE5ModelEEPT0_PPNS_6ScreenEPPNS_9PresenterERNS_7MVPHeapEPPNS_10TransitionEPT2_
                0x000000000800081c      0x144 build/ST/STM32469IDISCO/generated/gui_generated/src/common/FrontendApplicationBase.o
                0x000000000800081c                Screen1Presenter* touchgfx::makeTransition<Screen1View, Screen1Presenter, touchgfx::NoTransition, Model>(touchgfx::Screen**, touchgfx::Presenter**, touchgfx::MVPHeap&, touchgfx::Transition**, Model*)
 .text._ZN23FrontendApplicationBase33gotoScreen1ScreenNoTransitionImplEv
                0x0000000008000960       0x28 build/ST/STM32469IDISCO/generated/gui_generated/src/common/FrontendApplicationBase.o
                0x0000000008000960                FrontendApplicationBase::gotoScreen1ScreenNoTransitionImpl()
 .text._ZN8touchgfx17InternalFlashFontD2Ev
                0x0000000008000988        0x2 build/ST/STM32469IDISCO/generated/fonts/src/FontGetters.o
                0x0000000008000988                touchgfx::InternalFlashFont::~InternalFlashFont()
                0x0000000008000988                touchgfx::InternalFlashFont::~InternalFlashFont()
 *fill*         0x000000000800098a        0x2 00000000
 .text._Z23getFont_verdana_10_4bppv
                0x000000000800098c       0x70 build/ST/STM32469IDISCO/generated/fonts/src/FontGetters.o
                0x000000000800098c                getFont_verdana_10_4bpp()
 .text._Z23getFont_verdana_20_4bppv
                0x00000000080009fc       0x70 build/ST/STM32469IDISCO/generated/fonts/src/FontGetters.o
                0x00000000080009fc                getFont_verdana_20_4bpp()
 .text._Z23getFont_verdana_40_4bppv
                0x0000000008000a6c       0x70 build/ST/STM32469IDISCO/generated/fonts/src/FontGetters.o
                0x0000000008000a6c                getFont_verdana_40_4bpp()
 .text._ZN8touchgfx17InternalFlashFontD0Ev
                0x0000000008000adc        0xe build/ST/STM32469IDISCO/generated/fonts/src/FontGetters.o
                0x0000000008000adc                touchgfx::InternalFlashFont::~InternalFlashFont()
 .text._ZN23ApplicationFontProviderD2Ev
                0x0000000008000aea        0x2 build/ST/STM32469IDISCO/generated/fonts/src/ApplicationFontProvider.o
                0x0000000008000aea                ApplicationFontProvider::~ApplicationFontProvider()
                0x0000000008000aea                ApplicationFontProvider::~ApplicationFontProvider()
 .text._ZN23ApplicationFontProvider7getFontEt
                0x0000000008000aec       0x1a build/ST/STM32469IDISCO/generated/fonts/src/ApplicationFontProvider.o
                0x0000000008000aec                ApplicationFontProvider::getFont(unsigned short)
 .text._ZN23ApplicationFontProviderD0Ev
                0x0000000008000b06        0xe build/ST/STM32469IDISCO/generated/fonts/src/ApplicationFontProvider.o
                0x0000000008000b06                ApplicationFontProvider::~ApplicationFontProvider()
 .text._ZN14BitmapDatabase11getInstanceEv
                0x0000000008000b14        0x8 build/ST/STM32469IDISCO/generated/images/src/BitmapDatabase.o
                0x0000000008000b14                BitmapDatabase::getInstance()
 .text._ZN14BitmapDatabase15getInstanceSizeEv
                0x0000000008000b1c        0x4 build/ST/STM32469IDISCO/generated/images/src/BitmapDatabase.o
                0x0000000008000b1c                BitmapDatabase::getInstanceSize()
 .text._ZN17TypedTextDatabase11getInstanceEt
                0x0000000008000b20        0x8 build/ST/STM32469IDISCO/generated/texts/src/TypedTextDatabase.o
                0x0000000008000b20                TypedTextDatabase::getInstance(unsigned short)
 .text._ZN17TypedTextDatabase15getInstanceSizeEv
                0x0000000008000b28        0x4 build/ST/STM32469IDISCO/generated/texts/src/TypedTextDatabase.o
                0x0000000008000b28                TypedTextDatabase::getInstanceSize()
 .text._ZN17TypedTextDatabase8getFontsEv
                0x0000000008000b2c        0x8 build/ST/STM32469IDISCO/generated/texts/src/TypedTextDatabase.o
                0x0000000008000b2c                TypedTextDatabase::getFonts()
 .text.startup._GLOBAL__sub_I__ZN17TypedTextDatabase11getInstanceEt
                0x0000000008000b34       0x1c build/ST/STM32469IDISCO/generated/texts/src/TypedTextDatabase.o
 .text._ZN8touchgfx5Texts11setLanguageEt
                0x0000000008000b50       0x40 build/ST/STM32469IDISCO/generated/texts/src/Texts.o
                0x0000000008000b50                touchgfx::Texts::setLanguage(unsigned short)
 .text.startup._GLOBAL__sub_I__ZN8touchgfx4Font22getStringWidthFunctionE
                0x0000000008000b90        0xc build/ST/STM32469IDISCO/generated/texts/src/Texts.o
 .text._ZL12IdleTaskHookPv
                0x0000000008000b9c       0x1c build/ST/STM32469IDISCO/target/os/FreeRTOS7.6.0/OSWrappers.o
 .text._ZN8touchgfx10OSWrappers10initializeEv
                0x0000000008000bb8       0x34 build/ST/STM32469IDISCO/target/os/FreeRTOS7.6.0/OSWrappers.o
                0x0000000008000bb8                touchgfx::OSWrappers::initialize()
 .text._ZN8touchgfx10OSWrappers24takeFrameBufferSemaphoreEv
                0x0000000008000bec       0x14 build/ST/STM32469IDISCO/target/os/FreeRTOS7.6.0/OSWrappers.o
                0x0000000008000bec                touchgfx::OSWrappers::takeFrameBufferSemaphore()
 .text._ZN8touchgfx10OSWrappers24giveFrameBufferSemaphoreEv
                0x0000000008000c00       0x14 build/ST/STM32469IDISCO/target/os/FreeRTOS7.6.0/OSWrappers.o
                0x0000000008000c00                touchgfx::OSWrappers::giveFrameBufferSemaphore()
 .text._ZN8touchgfx10OSWrappers27tryTakeFrameBufferSemaphoreEv
                0x0000000008000c14       0x14 build/ST/STM32469IDISCO/target/os/FreeRTOS7.6.0/OSWrappers.o
                0x0000000008000c14                touchgfx::OSWrappers::tryTakeFrameBufferSemaphore()
 .text._ZN8touchgfx10OSWrappers31giveFrameBufferSemaphoreFromISREv
                0x0000000008000c28       0x30 build/ST/STM32469IDISCO/target/os/FreeRTOS7.6.0/OSWrappers.o
                0x0000000008000c28                touchgfx::OSWrappers::giveFrameBufferSemaphoreFromISR()
 .text._ZN8touchgfx10OSWrappers11signalVSyncEv
                0x0000000008000c58       0x34 build/ST/STM32469IDISCO/target/os/FreeRTOS7.6.0/OSWrappers.o
                0x0000000008000c58                touchgfx::OSWrappers::signalVSync()
 .text._ZN8touchgfx10OSWrappers12waitForVSyncEv
                0x0000000008000c8c       0x2c build/ST/STM32469IDISCO/target/os/FreeRTOS7.6.0/OSWrappers.o
                0x0000000008000c8c                touchgfx::OSWrappers::waitForVSync()
 .text.vApplicationStackOverflowHook
                0x0000000008000cb8        0x2 build/ST/STM32469IDISCO/target/os/FreeRTOS7.6.0/OSWrappers.o
                0x0000000008000cb8                vApplicationStackOverflowHook
 .text.vApplicationMallocFailedHook
                0x0000000008000cba        0x2 build/ST/STM32469IDISCO/target/os/FreeRTOS7.6.0/OSWrappers.o
                0x0000000008000cba                vApplicationMallocFailedHook
 .text.vApplicationIdleHook
                0x0000000008000cbc        0xc build/ST/STM32469IDISCO/target/os/FreeRTOS7.6.0/OSWrappers.o
                0x0000000008000cbc                vApplicationIdleHook
 .text.__cxa_atexit
                0x0000000008000cc8        0x2 build/ST/STM32469IDISCO/target/gcc/gccstubs.o
                0x0000000008000cc8                __cxa_atexit
 .text.__cxa_guard_acquire
                0x0000000008000cca        0x2 build/ST/STM32469IDISCO/target/gcc/gccstubs.o
                0x0000000008000cca                __cxa_guard_acquire
 .text.__cxa_guard_release
                0x0000000008000ccc        0x2 build/ST/STM32469IDISCO/target/gcc/gccstubs.o
                0x0000000008000ccc                __cxa_guard_release
 .text.__cxa_pure_virtual
                0x0000000008000cce        0x2 build/ST/STM32469IDISCO/target/gcc/gccstubs.o
                0x0000000008000cce                __cxa_pure_virtual
 .text._sbrk    0x0000000008000cd0       0x2c build/ST/STM32469IDISCO/target/gcc/gccstubs.o
                0x0000000008000cd0                _sbrk
 .text.__assert_func
                0x0000000008000cfc        0x2 build/ST/STM32469IDISCO/target/gcc/gccstubs.o
                0x0000000008000cfc                __assert_func
 *fill*         0x0000000008000cfe        0x2 00000000
 .text._ZL7GUITaskPv
                0x0000000008000d00       0x10 build/ST/STM32469IDISCO/target/main.o
 .text.startup.main
                0x0000000008000d10       0x30 build/ST/STM32469IDISCO/target/main.o
                0x0000000008000d10                main
 .text._ZN22OTM8009TouchControllerD2Ev
                0x0000000008000d40        0x2 build/ST/STM32469IDISCO/target/bsp/source/bsp/OTM8009TouchController.o
                0x0000000008000d40                OTM8009TouchController::~OTM8009TouchController()
                0x0000000008000d40                OTM8009TouchController::~OTM8009TouchController()
 .text._ZN22OTM8009TouchController4initEv
                0x0000000008000d42       0x1e build/ST/STM32469IDISCO/target/bsp/source/bsp/OTM8009TouchController.o
                0x0000000008000d42                OTM8009TouchController::init()
 .text._ZN22OTM8009TouchControllerD0Ev
                0x0000000008000d60        0xe build/ST/STM32469IDISCO/target/bsp/source/bsp/OTM8009TouchController.o
                0x0000000008000d60                OTM8009TouchController::~OTM8009TouchController()
 .text._ZN22OTM8009TouchController11sampleTouchERlS0_
                0x0000000008000d6e       0x2c build/ST/STM32469IDISCO/target/bsp/source/bsp/OTM8009TouchController.o
                0x0000000008000d6e                OTM8009TouchController::sampleTouch(long&, long&)
 .text._ZN8touchgfx13DMA_Interface5flushEv
                0x0000000008000d9a        0x6 build/ST/STM32469IDISCO/target/bsp/source/platform/hal/mcu/stm32f4cube/STM32F4DMA.o
                0x0000000008000d9a                touchgfx::DMA_Interface::flush()
 .text._ZN10STM32F4DMA18signalDMAInterruptEv
                0x0000000008000da0        0x6 build/ST/STM32469IDISCO/target/bsp/source/platform/hal/mcu/stm32f4cube/STM32F4DMA.o
                0x0000000008000da0                STM32F4DMA::signalDMAInterrupt()
 .text._ZN10STM32F4DMA11enableAlphaEh
                0x0000000008000da6        0x2 build/ST/STM32469IDISCO/target/bsp/source/platform/hal/mcu/stm32f4cube/STM32F4DMA.o
                0x0000000008000da6                STM32F4DMA::enableAlpha(unsigned char)
 .text._ZN10STM32F4DMAD2Ev
                0x0000000008000da8        0x2 build/ST/STM32469IDISCO/target/bsp/source/platform/hal/mcu/stm32f4cube/STM32F4DMA.o
                0x0000000008000da8                STM32F4DMA::~STM32F4DMA()
                0x0000000008000da8                STM32F4DMA::~STM32F4DMA()
 *fill*         0x0000000008000daa        0x2 00000000
 .text._ZN10STM32F4DMA10initializeEv
                0x0000000008000dac       0x18 build/ST/STM32469IDISCO/target/bsp/source/platform/hal/mcu/stm32f4cube/STM32F4DMA.o
                0x0000000008000dac                STM32F4DMA::initialize()
 .text._ZN10STM32F4DMA11getBlitCapsEv
                0x0000000008000dc4       0x14 build/ST/STM32469IDISCO/target/bsp/source/platform/hal/mcu/stm32f4cube/STM32F4DMA.o
                0x0000000008000dc4                STM32F4DMA::getBlitCaps()
 .text._ZN10STM32F4DMA18setupFillWithAlphaERKN8touchgfx6BlitOpE
                0x0000000008000dd8      0x11c build/ST/STM32469IDISCO/target/bsp/source/platform/hal/mcu/stm32f4cube/STM32F4DMA.o
                0x0000000008000dd8                STM32F4DMA::setupFillWithAlpha(touchgfx::BlitOp const&)
 .text._ZN10STM32F4DMAD0Ev
                0x0000000008000ef4       0x10 build/ST/STM32469IDISCO/target/bsp/source/platform/hal/mcu/stm32f4cube/STM32F4DMA.o
                0x0000000008000ef4                STM32F4DMA::~STM32F4DMA()
 .text._ZN10STM32F4DMA13setupDataCopyERKN8touchgfx6BlitOpE
                0x0000000008000f04      0x1a8 build/ST/STM32469IDISCO/target/bsp/source/platform/hal/mcu/stm32f4cube/STM32F4DMA.o
                0x0000000008000f04                STM32F4DMA::setupDataCopy(touchgfx::BlitOp const&)
 .text._ZN10STM32F4DMA13setupDataFillERKN8touchgfx6BlitOpE
                0x00000000080010ac       0xf0 build/ST/STM32469IDISCO/target/bsp/source/platform/hal/mcu/stm32f4cube/STM32F4DMA.o
                0x00000000080010ac                STM32F4DMA::setupDataFill(touchgfx::BlitOp const&)
 .text._ZN10STM32F4DMAC2Ev
                0x000000000800119c       0x4c build/ST/STM32469IDISCO/target/bsp/source/platform/hal/mcu/stm32f4cube/STM32F4DMA.o
                0x000000000800119c                STM32F4DMA::STM32F4DMA()
                0x000000000800119c                STM32F4DMA::STM32F4DMA()
 .text._ZN8touchgfx3HAL21setDisplayOrientationENS_18DisplayOrientationE
                0x00000000080011e8        0xc build/ST/STM32469IDISCO/target/bsp/source/platform/hal/mcu/stm32f4cube/STM32F4HAL_DSI.o
                0x00000000080011e8                touchgfx::HAL::setDisplayOrientation(touchgfx::DisplayOrientation)
 .text._ZN8touchgfx3HAL11getBlitCapsEv
                0x00000000080011f4        0x8 build/ST/STM32469IDISCO/target/bsp/source/platform/hal/mcu/stm32f4cube/STM32F4HAL_DSI.o
                0x00000000080011f4                touchgfx::HAL::getBlitCaps()
 .text._ZN8touchgfx3HAL9sampleKeyERh
                0x00000000080011fc        0x4 build/ST/STM32469IDISCO/target/bsp/source/platform/hal/mcu/stm32f4cube/STM32F4HAL_DSI.o
                0x00000000080011fc                touchgfx::HAL::sampleKey(unsigned char&)
 .text._ZN8touchgfx3HAL9taskDelayEt
                0x0000000008001200        0xa build/ST/STM32469IDISCO/target/bsp/source/platform/hal/mcu/stm32f4cube/STM32F4HAL_DSI.o
                0x0000000008001200                touchgfx::HAL::taskDelay(unsigned short)
 .text._ZN8touchgfx3HAL17getTFTCurrentLineEv
                0x000000000800120a        0x6 build/ST/STM32469IDISCO/target/bsp/source/platform/hal/mcu/stm32f4cube/STM32F4HAL_DSI.o
                0x000000000800120a                touchgfx::HAL::getTFTCurrentLine()
 .text._ZNK14STM32F4HAL_DSI17getTFTFrameBufferEv
                0x0000000008001210        0xc build/ST/STM32469IDISCO/target/bsp/source/platform/hal/mcu/stm32f4cube/STM32F4HAL_DSI.o
                0x0000000008001210                STM32F4HAL_DSI::getTFTFrameBuffer() const
 .text._ZN14STM32F4HAL_DSI19configureInterruptsEv
                0x000000000800121c       0x14 build/ST/STM32469IDISCO/target/bsp/source/platform/hal/mcu/stm32f4cube/STM32F4HAL_DSI.o
                0x000000000800121c                STM32F4HAL_DSI::configureInterrupts()
 .text._ZN14STM32F4HAL_DSI17disableInterruptsEv
                0x0000000008001230       0x18 build/ST/STM32469IDISCO/target/bsp/source/platform/hal/mcu/stm32f4cube/STM32F4HAL_DSI.o
                0x0000000008001230                STM32F4HAL_DSI::disableInterrupts()
 .text._ZN14STM32F4HAL_DSI16enableInterruptsEv
                0x0000000008001248       0x14 build/ST/STM32469IDISCO/target/bsp/source/platform/hal/mcu/stm32f4cube/STM32F4HAL_DSI.o
                0x0000000008001248                STM32F4HAL_DSI::enableInterrupts()
 .text._ZN14STM32F4HAL_DSID2Ev
                0x000000000800125c        0x2 build/ST/STM32469IDISCO/target/bsp/source/platform/hal/mcu/stm32f4cube/STM32F4HAL_DSI.o
                0x000000000800125c                STM32F4HAL_DSI::~STM32F4HAL_DSI()
                0x000000000800125c                STM32F4HAL_DSI::~STM32F4HAL_DSI()
 *fill*         0x000000000800125e        0x2 00000000
 .text._ZN8touchgfx3HAL28setFrameBufferStartAddressesEPvS1_S1_
                0x0000000008001260       0x44 build/ST/STM32469IDISCO/target/bsp/source/platform/hal/mcu/stm32f4cube/STM32F4HAL_DSI.o
                0x0000000008001260                touchgfx::HAL::setFrameBufferStartAddresses(void*, void*, void*)
 .text._ZN14STM32F4HAL_DSI28enableLCDControllerInterruptEv
                0x00000000080012a4       0x34 build/ST/STM32469IDISCO/target/bsp/source/platform/hal/mcu/stm32f4cube/STM32F4HAL_DSI.o
                0x00000000080012a4                STM32F4HAL_DSI::enableLCDControllerInterrupt()
 .text._ZN14STM32F4HAL_DSI10beginFrameEv
                0x00000000080012d8       0x10 build/ST/STM32469IDISCO/target/bsp/source/platform/hal/mcu/stm32f4cube/STM32F4HAL_DSI.o
                0x00000000080012d8                STM32F4HAL_DSI::beginFrame()
 .text._ZN14STM32F4HAL_DSI8endFrameEv
                0x00000000080012e8       0x1c build/ST/STM32469IDISCO/target/bsp/source/platform/hal/mcu/stm32f4cube/STM32F4HAL_DSI.o
                0x00000000080012e8                STM32F4HAL_DSI::endFrame()
 .text._ZN8touchgfx3HAL15backPorchExitedEv
                0x0000000008001304       0x16 build/ST/STM32469IDISCO/target/bsp/source/platform/hal/mcu/stm32f4cube/STM32F4HAL_DSI.o
                0x0000000008001304                touchgfx::HAL::backPorchExited()
 .text._ZN14STM32F4HAL_DSID0Ev
                0x000000000800131a        0xe build/ST/STM32469IDISCO/target/bsp/source/platform/hal/mcu/stm32f4cube/STM32F4HAL_DSI.o
                0x000000000800131a                STM32F4HAL_DSI::~STM32F4HAL_DSI()
 .text._ZN8touchgfx3HAL31performDisplayOrientationChangeEv
                0x0000000008001328       0x60 build/ST/STM32469IDISCO/target/bsp/source/platform/hal/mcu/stm32f4cube/STM32F4HAL_DSI.o
                0x0000000008001328                touchgfx::HAL::performDisplayOrientationChange()
 .text._ZN14STM32F4HAL_DSI17setTFTFrameBufferEPt
                0x0000000008001388       0x4c build/ST/STM32469IDISCO/target/bsp/source/platform/hal/mcu/stm32f4cube/STM32F4HAL_DSI.o
                0x0000000008001388                STM32F4HAL_DSI::setTFTFrameBuffer(unsigned short*)
 .text._ZN14STM32F4HAL_DSI26setFrameBufferStartAddressEPvtbb
                0x00000000080013d4       0x9c build/ST/STM32469IDISCO/target/bsp/source/platform/hal/mcu/stm32f4cube/STM32F4HAL_DSI.o
                0x00000000080013d4                STM32F4HAL_DSI::setFrameBufferStartAddress(void*, unsigned short, bool, bool)
 .text._ZN8touchgfx3HAL17frontPorchEnteredEv
                0x0000000008001470        0x6 build/ST/STM32469IDISCO/target/bsp/source/platform/hal/mcu/stm32f4cube/STM32F4HAL_DSI.o
                0x0000000008001470                touchgfx::HAL::frontPorchEntered()
 *fill*         0x0000000008001476        0x2 00000000
 .text.DSI_IRQHandler
                0x0000000008001478      0x188 build/ST/STM32469IDISCO/target/bsp/source/platform/hal/mcu/stm32f4cube/STM32F4HAL_DSI.o
                0x0000000008001478                DSI_IRQHandler
 .text.DMA2D_IRQHandler
                0x0000000008001600       0x24 build/ST/STM32469IDISCO/target/bsp/source/platform/hal/mcu/stm32f4cube/STM32F4HAL_DSI.o
                0x0000000008001600                DMA2D_IRQHandler
 .text._ZN8touchgfx18MCUInstrumentation13getCCConsumedEv
                0x0000000008001624        0x4 build/ST/STM32469IDISCO/target/bsp/source/platform/cortex-m/CortexMMCUInstrumentation.o
                0x0000000008001624                touchgfx::MCUInstrumentation::getCCConsumed()
 .text._ZN8touchgfx18MCUInstrumentation13setCCConsumedEm
                0x0000000008001628        0x4 build/ST/STM32469IDISCO/target/bsp/source/platform/cortex-m/CortexMMCUInstrumentation.o
                0x0000000008001628                touchgfx::MCUInstrumentation::setCCConsumed(unsigned long)
 .text._ZN8touchgfx25CortexMMCUInstrumentation4initEv
                0x000000000800162c       0x20 build/ST/STM32469IDISCO/target/bsp/source/platform/cortex-m/CortexMMCUInstrumentation.o
                0x000000000800162c                touchgfx::CortexMMCUInstrumentation::init()
 .text._ZN8touchgfx25CortexMMCUInstrumentation12getElapsedUSEjjj
                0x000000000800164c        0xc build/ST/STM32469IDISCO/target/bsp/source/platform/cortex-m/CortexMMCUInstrumentation.o
                0x000000000800164c                touchgfx::CortexMMCUInstrumentation::getElapsedUS(unsigned int, unsigned int, unsigned int)
 .text._ZN8touchgfx25CortexMMCUInstrumentation12getCPUCyclesEv
                0x0000000008001658        0xc build/ST/STM32469IDISCO/target/bsp/source/platform/cortex-m/CortexMMCUInstrumentation.o
                0x0000000008001658                touchgfx::CortexMMCUInstrumentation::getCPUCycles()
 .text._ZN8touchgfx25CortexMMCUInstrumentationD2Ev
                0x0000000008001664        0x2 build/ST/STM32469IDISCO/target/bsp/source/platform/cortex-m/CortexMMCUInstrumentation.o
                0x0000000008001664                touchgfx::CortexMMCUInstrumentation::~CortexMMCUInstrumentation()
                0x0000000008001664                touchgfx::CortexMMCUInstrumentation::~CortexMMCUInstrumentation()
 .text._ZN8touchgfx25CortexMMCUInstrumentationD0Ev
                0x0000000008001666        0xe build/ST/STM32469IDISCO/target/bsp/source/platform/cortex-m/CortexMMCUInstrumentation.o
                0x0000000008001666                touchgfx::CortexMMCUInstrumentation::~CortexMMCUInstrumentation()
 .text._ZN8touchgfx25CortexMMCUInstrumentation12setMCUActiveEb
                0x0000000008001674       0x1e build/ST/STM32469IDISCO/target/bsp/source/platform/cortex-m/CortexMMCUInstrumentation.o
                0x0000000008001674                touchgfx::CortexMMCUInstrumentation::setMCUActive(bool)
 .text._ZN8touchgfx16ButtonController5resetEv
                0x0000000008001692        0x2 build/ST/STM32469IDISCO/target/bsp/source/bsp/KeySampler.o
                0x0000000008001692                touchgfx::ButtonController::reset()
 .text._ZN8touchgfx10KeySamplerD2Ev
                0x0000000008001694        0x2 build/ST/STM32469IDISCO/target/bsp/source/bsp/KeySampler.o
                0x0000000008001694                touchgfx::KeySampler::~KeySampler()
                0x0000000008001694                touchgfx::KeySampler::~KeySampler()
 *fill*         0x0000000008001696        0x2 00000000
 .text._ZN8touchgfx10KeySampler4initEv
                0x0000000008001698       0x14 build/ST/STM32469IDISCO/target/bsp/source/bsp/KeySampler.o
                0x0000000008001698                touchgfx::KeySampler::init()
 .text._ZN8touchgfx10KeySampler6sampleERh
                0x00000000080016ac       0x3c build/ST/STM32469IDISCO/target/bsp/source/bsp/KeySampler.o
                0x00000000080016ac                touchgfx::KeySampler::sample(unsigned char&)
 .text._ZN8touchgfx10KeySamplerD0Ev
                0x00000000080016e8        0xe build/ST/STM32469IDISCO/target/bsp/source/bsp/KeySampler.o
                0x00000000080016e8                touchgfx::KeySampler::~KeySampler()
 .text._ZN8touchgfx7Buttons4initEv
                0x00000000080016f6        0x8 build/ST/STM32469IDISCO/target/bsp/source/bsp/Buttons.o
                0x00000000080016f6                touchgfx::Buttons::init()
 .text._ZN8touchgfx7Buttons6sampleEv
                0x00000000080016fe        0x6 build/ST/STM32469IDISCO/target/bsp/source/bsp/Buttons.o
                0x00000000080016fe                touchgfx::Buttons::sample()
 .text._ZN8touchgfx8LCD24bppD2Ev
                0x0000000008001704        0x2 build/ST/STM32469IDISCO/target/bsp/source/BoardConfiguration.o
                0x0000000008001704                touchgfx::LCD24bpp::~LCD24bpp()
                0x0000000008001704                touchgfx::LCD24bpp::~LCD24bpp()
 .text._ZNK8touchgfx9PartitionINS_4meta8TypeListINS_12NoTransitionENS2_INS1_3NilES4_EEEELt1EE8capacityEv
                0x0000000008001706        0x4 build/ST/STM32469IDISCO/target/bsp/source/BoardConfiguration.o
                0x0000000008001706                touchgfx::Partition<touchgfx::meta::TypeList<touchgfx::NoTransition, touchgfx::meta::TypeList<touchgfx::meta::Nil, touchgfx::meta::Nil> >, (unsigned short)1>::capacity() const
 .text._ZN8touchgfx9PartitionINS_4meta8TypeListINS_12NoTransitionENS2_INS1_3NilES4_EEEELt1EE12element_sizeEv
                0x000000000800170a        0x4 build/ST/STM32469IDISCO/target/bsp/source/BoardConfiguration.o
                0x000000000800170a                touchgfx::Partition<touchgfx::meta::TypeList<touchgfx::NoTransition, touchgfx::meta::TypeList<touchgfx::meta::Nil, touchgfx::meta::Nil> >, (unsigned short)1>::element_size()
 .text._ZN8touchgfx9PartitionINS_4meta8TypeListINS_12NoTransitionENS2_INS1_3NilES4_EEEELt1EE7elementEt
                0x000000000800170e        0xa build/ST/STM32469IDISCO/target/bsp/source/BoardConfiguration.o
                0x000000000800170e                touchgfx::Partition<touchgfx::meta::TypeList<touchgfx::NoTransition, touchgfx::meta::TypeList<touchgfx::meta::Nil, touchgfx::meta::Nil> >, (unsigned short)1>::element(unsigned short)
 .text._ZNK8touchgfx9PartitionINS_4meta8TypeListINS_12NoTransitionENS2_INS1_3NilES4_EEEELt1EE7elementEt
                0x0000000008001718        0xa build/ST/STM32469IDISCO/target/bsp/source/BoardConfiguration.o
                0x0000000008001718                touchgfx::Partition<touchgfx::meta::TypeList<touchgfx::NoTransition, touchgfx::meta::TypeList<touchgfx::meta::Nil, touchgfx::meta::Nil> >, (unsigned short)1>::element(unsigned short) const
 .text._ZNK8touchgfx9PartitionINS_4meta8TypeListI11Screen1ViewNS2_INS1_3NilES4_EEEELt1EE8capacityEv
                0x0000000008001722        0x4 build/ST/STM32469IDISCO/target/bsp/source/BoardConfiguration.o
                0x0000000008001722                touchgfx::Partition<touchgfx::meta::TypeList<Screen1View, touchgfx::meta::TypeList<touchgfx::meta::Nil, touchgfx::meta::Nil> >, (unsigned short)1>::capacity() const
 .text._ZN8touchgfx9PartitionINS_4meta8TypeListI11Screen1ViewNS2_INS1_3NilES4_EEEELt1EE12element_sizeEv
                0x0000000008001726        0x6 build/ST/STM32469IDISCO/target/bsp/source/BoardConfiguration.o
                0x0000000008001726                touchgfx::Partition<touchgfx::meta::TypeList<Screen1View, touchgfx::meta::TypeList<touchgfx::meta::Nil, touchgfx::meta::Nil> >, (unsigned short)1>::element_size()
 .text._ZN8touchgfx9PartitionINS_4meta8TypeListI11Screen1ViewNS2_INS1_3NilES4_EEEELt1EE7elementEt
                0x000000000800172c        0xc build/ST/STM32469IDISCO/target/bsp/source/BoardConfiguration.o
                0x000000000800172c                touchgfx::Partition<touchgfx::meta::TypeList<Screen1View, touchgfx::meta::TypeList<touchgfx::meta::Nil, touchgfx::meta::Nil> >, (unsigned short)1>::element(unsigned short)
 .text._ZNK8touchgfx9PartitionINS_4meta8TypeListI11Screen1ViewNS2_INS1_3NilES4_EEEELt1EE7elementEt
                0x0000000008001738        0xc build/ST/STM32469IDISCO/target/bsp/source/BoardConfiguration.o
                0x0000000008001738                touchgfx::Partition<touchgfx::meta::TypeList<Screen1View, touchgfx::meta::TypeList<touchgfx::meta::Nil, touchgfx::meta::Nil> >, (unsigned short)1>::element(unsigned short) const
 .text._ZNK8touchgfx9PartitionINS_4meta8TypeListI16Screen1PresenterNS2_INS1_3NilES4_EEEELt1EE8capacityEv
                0x0000000008001744        0x4 build/ST/STM32469IDISCO/target/bsp/source/BoardConfiguration.o
                0x0000000008001744                touchgfx::Partition<touchgfx::meta::TypeList<Screen1Presenter, touchgfx::meta::TypeList<touchgfx::meta::Nil, touchgfx::meta::Nil> >, (unsigned short)1>::capacity() const
 .text._ZN8touchgfx9PartitionINS_4meta8TypeListI16Screen1PresenterNS2_INS1_3NilES4_EEEELt1EE12element_sizeEv
                0x0000000008001748        0x4 build/ST/STM32469IDISCO/target/bsp/source/BoardConfiguration.o
                0x0000000008001748                touchgfx::Partition<touchgfx::meta::TypeList<Screen1Presenter, touchgfx::meta::TypeList<touchgfx::meta::Nil, touchgfx::meta::Nil> >, (unsigned short)1>::element_size()
 .text._ZN8touchgfx9PartitionINS_4meta8TypeListI16Screen1PresenterNS2_INS1_3NilES4_EEEELt1EE7elementEt
                0x000000000800174c        0x8 build/ST/STM32469IDISCO/target/bsp/source/BoardConfiguration.o
                0x000000000800174c                touchgfx::Partition<touchgfx::meta::TypeList<Screen1Presenter, touchgfx::meta::TypeList<touchgfx::meta::Nil, touchgfx::meta::Nil> >, (unsigned short)1>::element(unsigned short)
 .text._ZNK8touchgfx9PartitionINS_4meta8TypeListI16Screen1PresenterNS2_INS1_3NilES4_EEEELt1EE7elementEt
                0x0000000008001754        0x8 build/ST/STM32469IDISCO/target/bsp/source/BoardConfiguration.o
                0x0000000008001754                touchgfx::Partition<touchgfx::meta::TypeList<Screen1Presenter, touchgfx::meta::TypeList<touchgfx::meta::Nil, touchgfx::meta::Nil> >, (unsigned short)1>::element(unsigned short) const
 .text._ZN16FrontendHeapBase15gotoStartScreenER19FrontendApplication
                0x000000000800175c        0x6 build/ST/STM32469IDISCO/target/bsp/source/BoardConfiguration.o
                0x000000000800175c                FrontendHeapBase::gotoStartScreen(FrontendApplication&)
 *fill*         0x0000000008001762        0x2 00000000
 .text._ZN8touchgfx9PartitionINS_4meta8TypeListINS_12NoTransitionENS2_INS1_3NilES4_EEEELt1EED2Ev
                0x0000000008001764       0x14 build/ST/STM32469IDISCO/target/bsp/source/BoardConfiguration.o
                0x0000000008001764                touchgfx::Partition<touchgfx::meta::TypeList<touchgfx::NoTransition, touchgfx::meta::TypeList<touchgfx::meta::Nil, touchgfx::meta::Nil> >, (unsigned short)1>::~Partition()
                0x0000000008001764                touchgfx::Partition<touchgfx::meta::TypeList<touchgfx::NoTransition, touchgfx::meta::TypeList<touchgfx::meta::Nil, touchgfx::meta::Nil> >, (unsigned short)1>::~Partition()
 .text._ZN8touchgfx9PartitionINS_4meta8TypeListINS_12NoTransitionENS2_INS1_3NilES4_EEEELt1EED0Ev
                0x0000000008001778       0x14 build/ST/STM32469IDISCO/target/bsp/source/BoardConfiguration.o
                0x0000000008001778                touchgfx::Partition<touchgfx::meta::TypeList<touchgfx::NoTransition, touchgfx::meta::TypeList<touchgfx::meta::Nil, touchgfx::meta::Nil> >, (unsigned short)1>::~Partition()
 .text._ZN8touchgfx9PartitionINS_4meta8TypeListI11Screen1ViewNS2_INS1_3NilES4_EEEELt1EED2Ev
                0x000000000800178c       0x14 build/ST/STM32469IDISCO/target/bsp/source/BoardConfiguration.o
                0x000000000800178c                touchgfx::Partition<touchgfx::meta::TypeList<Screen1View, touchgfx::meta::TypeList<touchgfx::meta::Nil, touchgfx::meta::Nil> >, (unsigned short)1>::~Partition()
                0x000000000800178c                touchgfx::Partition<touchgfx::meta::TypeList<Screen1View, touchgfx::meta::TypeList<touchgfx::meta::Nil, touchgfx::meta::Nil> >, (unsigned short)1>::~Partition()
 .text._ZN8touchgfx9PartitionINS_4meta8TypeListI11Screen1ViewNS2_INS1_3NilES4_EEEELt1EED0Ev
                0x00000000080017a0       0x16 build/ST/STM32469IDISCO/target/bsp/source/BoardConfiguration.o
                0x00000000080017a0                touchgfx::Partition<touchgfx::meta::TypeList<Screen1View, touchgfx::meta::TypeList<touchgfx::meta::Nil, touchgfx::meta::Nil> >, (unsigned short)1>::~Partition()
 *fill*         0x00000000080017b6        0x2 00000000
 .text._ZN8touchgfx9PartitionINS_4meta8TypeListI16Screen1PresenterNS2_INS1_3NilES4_EEEELt1EED2Ev
                0x00000000080017b8       0x14 build/ST/STM32469IDISCO/target/bsp/source/BoardConfiguration.o
                0x00000000080017b8                touchgfx::Partition<touchgfx::meta::TypeList<Screen1Presenter, touchgfx::meta::TypeList<touchgfx::meta::Nil, touchgfx::meta::Nil> >, (unsigned short)1>::~Partition()
                0x00000000080017b8                touchgfx::Partition<touchgfx::meta::TypeList<Screen1Presenter, touchgfx::meta::TypeList<touchgfx::meta::Nil, touchgfx::meta::Nil> >, (unsigned short)1>::~Partition()
 .text._ZN8touchgfx9PartitionINS_4meta8TypeListI16Screen1PresenterNS2_INS1_3NilES4_EEEELt1EED0Ev
                0x00000000080017cc       0x14 build/ST/STM32469IDISCO/target/bsp/source/BoardConfiguration.o
                0x00000000080017cc                touchgfx::Partition<touchgfx::meta::TypeList<Screen1Presenter, touchgfx::meta::TypeList<touchgfx::meta::Nil, touchgfx::meta::Nil> >, (unsigned short)1>::~Partition()
 .text._ZN12FrontendHeapD2Ev
                0x00000000080017e0       0x2c build/ST/STM32469IDISCO/target/bsp/source/BoardConfiguration.o
                0x00000000080017e0                FrontendHeap::~FrontendHeap()
                0x00000000080017e0                FrontendHeap::~FrontendHeap()
 .text._ZN12FrontendHeapD0Ev
                0x000000000800180c       0x16 build/ST/STM32469IDISCO/target/bsp/source/BoardConfiguration.o
                0x000000000800180c                FrontendHeap::~FrontendHeap()
 .text._ZN8touchgfx8LCD24bppD0Ev
                0x0000000008001822        0xe build/ST/STM32469IDISCO/target/bsp/source/BoardConfiguration.o
                0x0000000008001822                touchgfx::LCD24bpp::~LCD24bpp()
 .text.SysTick_Handler
                0x0000000008001830       0x1c build/ST/STM32469IDISCO/target/bsp/source/BoardConfiguration.o
                0x0000000008001830                SysTick_Handler
 .text._ZN8touchgfx7hw_initEv
                0x000000000800184c      0x2e8 build/ST/STM32469IDISCO/target/bsp/source/BoardConfiguration.o
                0x000000000800184c                touchgfx::hw_init()
 .text.LCD_ReqTear
                0x0000000008001b34       0x38 build/ST/STM32469IDISCO/target/bsp/source/BoardConfiguration.o
                0x0000000008001b34                LCD_ReqTear
 .text.LCD_SetUpdateRegion
                0x0000000008001b6c       0x28 build/ST/STM32469IDISCO/target/bsp/source/BoardConfiguration.o
                0x0000000008001b6c                LCD_SetUpdateRegion
 .text.LCD_SetUpdateRegionLeft
                0x0000000008001b94       0x24 build/ST/STM32469IDISCO/target/bsp/source/BoardConfiguration.o
                0x0000000008001b94                LCD_SetUpdateRegionLeft
 .text.LCD_SetUpdateRegionRight
                0x0000000008001bb8       0x24 build/ST/STM32469IDISCO/target/bsp/source/BoardConfiguration.o
                0x0000000008001bb8                LCD_SetUpdateRegionRight
 .text._ZN8touchgfx21touchgfx_generic_initI14STM32F4HAL_DSIEERNS_3HALERNS_13DMA_InterfaceERNS_3LCDERNS_15TouchControllerEssPtmm
                0x0000000008001bdc      0x1cc build/ST/STM32469IDISCO/target/bsp/source/BoardConfiguration.o
                0x0000000008001bdc                touchgfx::HAL& touchgfx::touchgfx_generic_init<STM32F4HAL_DSI>(touchgfx::DMA_Interface&, touchgfx::LCD&, touchgfx::TouchController&, short, short, unsigned short*, unsigned long, unsigned long)
 .text._ZN8touchgfx13touchgfx_initEv
                0x0000000008001da8       0x80 build/ST/STM32469IDISCO/target/bsp/source/BoardConfiguration.o
                0x0000000008001da8                touchgfx::touchgfx_init()
 .text.startup._GLOBAL__sub_I_os_inited
                0x0000000008001e28       0xa8 build/ST/STM32469IDISCO/target/bsp/source/BoardConfiguration.o
 .text._ZN8touchgfx4GPIO3setENS0_7GPIO_IDE
                0x0000000008001ed0       0x20 build/ST/STM32469IDISCO/target/bsp/source/GPIO.o
                0x0000000008001ed0                touchgfx::GPIO::set(touchgfx::GPIO::GPIO_ID)
 .text._ZN8touchgfx4GPIO5clearENS0_7GPIO_IDE
                0x0000000008001ef0       0x20 build/ST/STM32469IDISCO/target/bsp/source/GPIO.o
                0x0000000008001ef0                touchgfx::GPIO::clear(touchgfx::GPIO::GPIO_ID)
 .text._ZN8touchgfx4GPIO4initEv
                0x0000000008001f10       0x36 build/ST/STM32469IDISCO/target/bsp/source/GPIO.o
                0x0000000008001f10                touchgfx::GPIO::init()
 *fill*         0x0000000008001f46        0x2 00000000
 .text._ZN8touchgfx4GPIO6toggleENS0_7GPIO_IDE
                0x0000000008001f48       0x14 build/ST/STM32469IDISCO/target/bsp/source/GPIO.o
                0x0000000008001f48                touchgfx::GPIO::toggle(touchgfx::GPIO::GPIO_ID)
 .text.vListInitialise
                0x0000000008001f5c       0x16 build/ST/STM32469IDISCO/target/os/FreeRTOS7.6.0/Source/list.o
                0x0000000008001f5c                vListInitialise
 .text.vListInitialiseItem
                0x0000000008001f72        0x6 build/ST/STM32469IDISCO/target/os/FreeRTOS7.6.0/Source/list.o
                0x0000000008001f72                vListInitialiseItem
 .text.vListInsertEnd
                0x0000000008001f78       0x18 build/ST/STM32469IDISCO/target/os/FreeRTOS7.6.0/Source/list.o
                0x0000000008001f78                vListInsertEnd
 .text.vListInsert
                0x0000000008001f90       0x2e build/ST/STM32469IDISCO/target/os/FreeRTOS7.6.0/Source/list.o
                0x0000000008001f90                vListInsert
 .text.uxListRemove
                0x0000000008001fbe       0x24 build/ST/STM32469IDISCO/target/os/FreeRTOS7.6.0/Source/list.o
                0x0000000008001fbe                uxListRemove
 .text.prvCopyDataToQueue
                0x0000000008001fe2       0x68 build/ST/STM32469IDISCO/target/os/FreeRTOS7.6.0/Source/queue.o
 .text.prvCopyDataFromQueue
                0x000000000800204a       0x26 build/ST/STM32469IDISCO/target/os/FreeRTOS7.6.0/Source/queue.o
 .text.prvUnlockQueue
                0x0000000008002070       0x6c build/ST/STM32469IDISCO/target/os/FreeRTOS7.6.0/Source/queue.o
 .text.xQueueGenericReset
                0x00000000080020dc       0x62 build/ST/STM32469IDISCO/target/os/FreeRTOS7.6.0/Source/queue.o
                0x00000000080020dc                xQueueGenericReset
 .text.xQueueGenericCreate
                0x000000000800213e       0x42 build/ST/STM32469IDISCO/target/os/FreeRTOS7.6.0/Source/queue.o
                0x000000000800213e                xQueueGenericCreate
 .text.xQueueGenericSend
                0x0000000008002180      0x100 build/ST/STM32469IDISCO/target/os/FreeRTOS7.6.0/Source/queue.o
                0x0000000008002180                xQueueGenericSend
 .text.xQueueGenericSendFromISR
                0x0000000008002280       0x8a build/ST/STM32469IDISCO/target/os/FreeRTOS7.6.0/Source/queue.o
                0x0000000008002280                xQueueGenericSendFromISR
 .text.xQueueGenericReceive
                0x000000000800230a      0x128 build/ST/STM32469IDISCO/target/os/FreeRTOS7.6.0/Source/queue.o
                0x000000000800230a                xQueueGenericReceive
 *fill*         0x0000000008002432        0x2 00000000
 .text.prvAddCurrentTaskToDelayedList
                0x0000000008002434       0x50 build/ST/STM32469IDISCO/target/os/FreeRTOS7.6.0/Source/tasks.o
 .text.xTaskGenericCreate
                0x0000000008002484      0x1cc build/ST/STM32469IDISCO/target/os/FreeRTOS7.6.0/Source/tasks.o
                0x0000000008002484                xTaskGenericCreate
 .text.vTaskStartScheduler
                0x0000000008002650       0x54 build/ST/STM32469IDISCO/target/os/FreeRTOS7.6.0/Source/tasks.o
                0x0000000008002650                vTaskStartScheduler
 .text.vTaskSuspendAll
                0x00000000080026a4       0x10 build/ST/STM32469IDISCO/target/os/FreeRTOS7.6.0/Source/tasks.o
                0x00000000080026a4                vTaskSuspendAll
 .text.xTaskIncrementTick
                0x00000000080026b4      0x12c build/ST/STM32469IDISCO/target/os/FreeRTOS7.6.0/Source/tasks.o
                0x00000000080026b4                xTaskIncrementTick
 .text.xTaskResumeAll
                0x00000000080027e0       0xc8 build/ST/STM32469IDISCO/target/os/FreeRTOS7.6.0/Source/tasks.o
                0x00000000080027e0                xTaskResumeAll
 .text.prvIdleTask
                0x00000000080028a8       0x68 build/ST/STM32469IDISCO/target/os/FreeRTOS7.6.0/Source/tasks.o
 .text.vTaskSetApplicationTaskTag
                0x0000000008002910       0x20 build/ST/STM32469IDISCO/target/os/FreeRTOS7.6.0/Source/tasks.o
                0x0000000008002910                vTaskSetApplicationTaskTag
 .text.xTaskCallApplicationTaskHook
                0x0000000008002930       0x18 build/ST/STM32469IDISCO/target/os/FreeRTOS7.6.0/Source/tasks.o
                0x0000000008002930                xTaskCallApplicationTaskHook
 .text.vTaskSwitchContext
                0x0000000008002948       0xb4 build/ST/STM32469IDISCO/target/os/FreeRTOS7.6.0/Source/tasks.o
                0x0000000008002948                vTaskSwitchContext
 .text.vTaskPlaceOnEventList
                0x00000000080029fc       0x4c build/ST/STM32469IDISCO/target/os/FreeRTOS7.6.0/Source/tasks.o
                0x00000000080029fc                vTaskPlaceOnEventList
 .text.xTaskRemoveFromEventList
                0x0000000008002a48       0x74 build/ST/STM32469IDISCO/target/os/FreeRTOS7.6.0/Source/tasks.o
                0x0000000008002a48                xTaskRemoveFromEventList
 .text.vTaskSetTimeOutState
                0x0000000008002abc       0x20 build/ST/STM32469IDISCO/target/os/FreeRTOS7.6.0/Source/tasks.o
                0x0000000008002abc                vTaskSetTimeOutState
 .text.xTaskCheckForTimeOut
                0x0000000008002adc       0x5c build/ST/STM32469IDISCO/target/os/FreeRTOS7.6.0/Source/tasks.o
                0x0000000008002adc                xTaskCheckForTimeOut
 .text.vTaskMissedYield
                0x0000000008002b38        0xc build/ST/STM32469IDISCO/target/os/FreeRTOS7.6.0/Source/tasks.o
                0x0000000008002b38                vTaskMissedYield
 .text.xTaskGetCurrentTaskHandle
                0x0000000008002b44        0xc build/ST/STM32469IDISCO/target/os/FreeRTOS7.6.0/Source/tasks.o
                0x0000000008002b44                xTaskGetCurrentTaskHandle
 .text.vTaskPriorityInherit
                0x0000000008002b50       0x68 build/ST/STM32469IDISCO/target/os/FreeRTOS7.6.0/Source/tasks.o
                0x0000000008002b50                vTaskPriorityInherit
 .text.vTaskPriorityDisinherit
                0x0000000008002bb8       0x48 build/ST/STM32469IDISCO/target/os/FreeRTOS7.6.0/Source/tasks.o
                0x0000000008002bb8                vTaskPriorityDisinherit
 .text.pvPortMalloc
                0x0000000008002c00       0xc0 build/ST/STM32469IDISCO/target/os/FreeRTOS7.6.0/Source/portable/MemMang/heap_2.o
                0x0000000008002c00                pvPortMalloc
 .text.vPortFree
                0x0000000008002cc0       0x44 build/ST/STM32469IDISCO/target/os/FreeRTOS7.6.0/Source/portable/MemMang/heap_2.o
                0x0000000008002cc0                vPortFree
 .text.prvPortStartFirstTask
                0x0000000008002d04       0x14 build/ST/STM32469IDISCO/target/os/FreeRTOS7.6.0/Source/portable/GCC/ARM_CM4F/port.o
 .text.vPortEnableVFP
                0x0000000008002d18       0x14 build/ST/STM32469IDISCO/target/os/FreeRTOS7.6.0/Source/portable/GCC/ARM_CM4F/port.o
 .text.pxPortInitialiseStack
                0x0000000008002d2c       0x24 build/ST/STM32469IDISCO/target/os/FreeRTOS7.6.0/Source/portable/GCC/ARM_CM4F/port.o
                0x0000000008002d2c                pxPortInitialiseStack
 .text.SVC_Handler
                0x0000000008002d50       0x1c build/ST/STM32469IDISCO/target/os/FreeRTOS7.6.0/Source/portable/GCC/ARM_CM4F/port.o
                0x0000000008002d50                SVC_Handler
 .text.vPortYield
                0x0000000008002d6c       0x18 build/ST/STM32469IDISCO/target/os/FreeRTOS7.6.0/Source/portable/GCC/ARM_CM4F/port.o
                0x0000000008002d6c                vPortYield
 .text.ulPortSetInterruptMask
                0x0000000008002d84       0x10 build/ST/STM32469IDISCO/target/os/FreeRTOS7.6.0/Source/portable/GCC/ARM_CM4F/port.o
                0x0000000008002d84                ulPortSetInterruptMask
 .text.prvTaskExitError
                0x0000000008002d94       0x1c build/ST/STM32469IDISCO/target/os/FreeRTOS7.6.0/Source/portable/GCC/ARM_CM4F/port.o
 .text.vPortEnterCritical
                0x0000000008002db0       0x1c build/ST/STM32469IDISCO/target/os/FreeRTOS7.6.0/Source/portable/GCC/ARM_CM4F/port.o
                0x0000000008002db0                vPortEnterCritical
 .text.vPortClearInterruptMask
                0x0000000008002dcc        0x6 build/ST/STM32469IDISCO/target/os/FreeRTOS7.6.0/Source/portable/GCC/ARM_CM4F/port.o
                0x0000000008002dcc                vPortClearInterruptMask
 *fill*         0x0000000008002dd2        0x2 00000000
 .text.vPortExitCritical
                0x0000000008002dd4       0x14 build/ST/STM32469IDISCO/target/os/FreeRTOS7.6.0/Source/portable/GCC/ARM_CM4F/port.o
                0x0000000008002dd4                vPortExitCritical
 .text.PendSV_Handler
                0x0000000008002de8       0x50 build/ST/STM32469IDISCO/target/os/FreeRTOS7.6.0/Source/portable/GCC/ARM_CM4F/port.o
                0x0000000008002de8                PendSV_Handler
 .text.OS_SysTick
                0x0000000008002e38       0x24 build/ST/STM32469IDISCO/target/os/FreeRTOS7.6.0/Source/portable/GCC/ARM_CM4F/port.o
                0x0000000008002e38                OS_SysTick
 .text.vPortSetupTimerInterrupt
                0x0000000008002e5c       0x28 build/ST/STM32469IDISCO/target/os/FreeRTOS7.6.0/Source/portable/GCC/ARM_CM4F/port.o
                0x0000000008002e5c                vPortSetupTimerInterrupt
 .text.xPortStartScheduler
                0x0000000008002e84       0xa8 build/ST/STM32469IDISCO/target/os/FreeRTOS7.6.0/Source/portable/GCC/ARM_CM4F/port.o
                0x0000000008002e84                xPortStartScheduler
 .text.vPortValidateInterruptPriority
                0x0000000008002f2c       0x44 build/ST/STM32469IDISCO/target/os/FreeRTOS7.6.0/Source/portable/GCC/ARM_CM4F/port.o
                0x0000000008002f2c                vPortValidateInterruptPriority
 .text.NMI_Handler
                0x0000000008002f70        0xc build/ST/STM32469IDISCO/target/gcc/isr.o
                0x0000000008002f70                NMI_Handler
 .text.HardFault_Handler
                0x0000000008002f7c        0xc build/ST/STM32469IDISCO/target/gcc/isr.o
                0x0000000008002f7c                HardFault_Handler
 .text.MemManage_Handler
                0x0000000008002f88        0xc build/ST/STM32469IDISCO/target/gcc/isr.o
                0x0000000008002f88                MemManage_Handler
 .text.BusFault_Handler
                0x0000000008002f94        0xc build/ST/STM32469IDISCO/target/gcc/isr.o
                0x0000000008002f94                BusFault_Handler
 .text.UsageFault_Handler
                0x0000000008002fa0        0xc build/ST/STM32469IDISCO/target/gcc/isr.o
                0x0000000008002fa0                UsageFault_Handler
 .text.DebugMon_Handler
                0x0000000008002fac        0xc build/ST/STM32469IDISCO/target/gcc/isr.o
                0x0000000008002fac                DebugMon_Handler
 .text.WWDG_IRQHandler
                0x0000000008002fb8       0x12 build/ST/STM32469IDISCO/target/gcc/isr.o
                0x0000000008002fb8                WWDG_IRQHandler
 *fill*         0x0000000008002fca        0x2 00000000
 .text.ResetISR
                0x0000000008002fcc       0x74 build/ST/STM32469IDISCO/target/gcc/isr.o
                0x0000000008002fcc                ResetISR
 .text.PVD_IRQHandler
                0x0000000008003040       0x12 build/ST/STM32469IDISCO/target/gcc/isr.o
                0x0000000008003040                PVD_IRQHandler
 .text.TAMP_STAMP_IRQHandler
                0x0000000008003052       0x12 build/ST/STM32469IDISCO/target/gcc/isr.o
                0x0000000008003052                TAMP_STAMP_IRQHandler
 .text.RTC_WKUP_IRQHandler
                0x0000000008003064       0x12 build/ST/STM32469IDISCO/target/gcc/isr.o
                0x0000000008003064                RTC_WKUP_IRQHandler
 .text.FLASH_IRQHandler
                0x0000000008003076       0x12 build/ST/STM32469IDISCO/target/gcc/isr.o
                0x0000000008003076                FLASH_IRQHandler
 .text.RCC_IRQHandler
                0x0000000008003088       0x12 build/ST/STM32469IDISCO/target/gcc/isr.o
                0x0000000008003088                RCC_IRQHandler
 .text.EXTI0_IRQHandler
                0x000000000800309a       0x12 build/ST/STM32469IDISCO/target/gcc/isr.o
                0x000000000800309a                EXTI0_IRQHandler
 .text.EXTI1_IRQHandler
                0x00000000080030ac       0x12 build/ST/STM32469IDISCO/target/gcc/isr.o
                0x00000000080030ac                EXTI1_IRQHandler
 .text.EXTI2_IRQHandler
                0x00000000080030be       0x12 build/ST/STM32469IDISCO/target/gcc/isr.o
                0x00000000080030be                EXTI2_IRQHandler
 .text.EXTI3_IRQHandler
                0x00000000080030d0       0x12 build/ST/STM32469IDISCO/target/gcc/isr.o
                0x00000000080030d0                EXTI3_IRQHandler
 .text.EXTI4_IRQHandler
                0x00000000080030e2       0x12 build/ST/STM32469IDISCO/target/gcc/isr.o
                0x00000000080030e2                EXTI4_IRQHandler
 .text.DMA1_Stream0_IRQHandler
                0x00000000080030f4       0x12 build/ST/STM32469IDISCO/target/gcc/isr.o
                0x00000000080030f4                DMA1_Stream0_IRQHandler
 .text.DMA1_Stream1_IRQHandler
                0x0000000008003106       0x12 build/ST/STM32469IDISCO/target/gcc/isr.o
                0x0000000008003106                DMA1_Stream1_IRQHandler
 .text.DMA1_Stream2_IRQHandler
                0x0000000008003118       0x12 build/ST/STM32469IDISCO/target/gcc/isr.o
                0x0000000008003118                DMA1_Stream2_IRQHandler
 .text.DMA1_Stream3_IRQHandler
                0x000000000800312a       0x12 build/ST/STM32469IDISCO/target/gcc/isr.o
                0x000000000800312a                DMA1_Stream3_IRQHandler
 .text.DMA1_Stream4_IRQHandler
                0x000000000800313c       0x12 build/ST/STM32469IDISCO/target/gcc/isr.o
                0x000000000800313c                DMA1_Stream4_IRQHandler
 .text.DMA1_Stream5_IRQHandler
                0x000000000800314e       0x12 build/ST/STM32469IDISCO/target/gcc/isr.o
                0x000000000800314e                DMA1_Stream5_IRQHandler
 .text.DMA1_Stream6_IRQHandler
                0x0000000008003160       0x12 build/ST/STM32469IDISCO/target/gcc/isr.o
                0x0000000008003160                DMA1_Stream6_IRQHandler
 .text.ADC_IRQHandler
                0x0000000008003172       0x12 build/ST/STM32469IDISCO/target/gcc/isr.o
                0x0000000008003172                ADC_IRQHandler
 .text.CAN1_TX_IRQHandler
                0x0000000008003184       0x12 build/ST/STM32469IDISCO/target/gcc/isr.o
                0x0000000008003184                CAN1_TX_IRQHandler
 .text.CAN1_RX0_IRQHandler
                0x0000000008003196       0x12 build/ST/STM32469IDISCO/target/gcc/isr.o
                0x0000000008003196                CAN1_RX0_IRQHandler
 .text.CAN1_RX1_IRQHandler
                0x00000000080031a8       0x12 build/ST/STM32469IDISCO/target/gcc/isr.o
                0x00000000080031a8                CAN1_RX1_IRQHandler
 .text.CAN1_SCE_IRQHandler
                0x00000000080031ba       0x12 build/ST/STM32469IDISCO/target/gcc/isr.o
                0x00000000080031ba                CAN1_SCE_IRQHandler
 .text.EXTI9_5_IRQHandler
                0x00000000080031cc       0x12 build/ST/STM32469IDISCO/target/gcc/isr.o
                0x00000000080031cc                EXTI9_5_IRQHandler
 .text.TIM1_BRK_TIM9_IRQHandler
                0x00000000080031de       0x12 build/ST/STM32469IDISCO/target/gcc/isr.o
                0x00000000080031de                TIM1_BRK_TIM9_IRQHandler
 .text.TIM1_UP_TIM10_IRQHandler
                0x00000000080031f0       0x12 build/ST/STM32469IDISCO/target/gcc/isr.o
                0x00000000080031f0                TIM1_UP_TIM10_IRQHandler
 .text.TIM1_TRG_COM_TIM11_IRQHandler
                0x0000000008003202       0x12 build/ST/STM32469IDISCO/target/gcc/isr.o
                0x0000000008003202                TIM1_TRG_COM_TIM11_IRQHandler
 .text.TIM1_CC_IRQHandler
                0x0000000008003214       0x12 build/ST/STM32469IDISCO/target/gcc/isr.o
                0x0000000008003214                TIM1_CC_IRQHandler
 .text.TIM2_IRQHandler
                0x0000000008003226       0x12 build/ST/STM32469IDISCO/target/gcc/isr.o
                0x0000000008003226                TIM2_IRQHandler
 .text.TIM3_IRQHandler
                0x0000000008003238       0x12 build/ST/STM32469IDISCO/target/gcc/isr.o
                0x0000000008003238                TIM3_IRQHandler
 .text.TIM4_IRQHandler
                0x000000000800324a       0x12 build/ST/STM32469IDISCO/target/gcc/isr.o
                0x000000000800324a                TIM4_IRQHandler
 .text.I2C1_EV_IRQHandler
                0x000000000800325c       0x12 build/ST/STM32469IDISCO/target/gcc/isr.o
                0x000000000800325c                I2C1_EV_IRQHandler
 .text.I2C1_ER_IRQHandler
                0x000000000800326e       0x12 build/ST/STM32469IDISCO/target/gcc/isr.o
                0x000000000800326e                I2C1_ER_IRQHandler
 .text.I2C2_EV_IRQHandler
                0x0000000008003280       0x12 build/ST/STM32469IDISCO/target/gcc/isr.o
                0x0000000008003280                I2C2_EV_IRQHandler
 .text.I2C2_ER_IRQHandler
                0x0000000008003292       0x12 build/ST/STM32469IDISCO/target/gcc/isr.o
                0x0000000008003292                I2C2_ER_IRQHandler
 .text.SPI1_IRQHandler
                0x00000000080032a4       0x12 build/ST/STM32469IDISCO/target/gcc/isr.o
                0x00000000080032a4                SPI1_IRQHandler
 .text.SPI2_IRQHandler
                0x00000000080032b6       0x12 build/ST/STM32469IDISCO/target/gcc/isr.o
                0x00000000080032b6                SPI2_IRQHandler
 .text.USART1_IRQHandler
                0x00000000080032c8       0x12 build/ST/STM32469IDISCO/target/gcc/isr.o
                0x00000000080032c8                USART1_IRQHandler
 .text.USART2_IRQHandler
                0x00000000080032da       0x12 build/ST/STM32469IDISCO/target/gcc/isr.o
                0x00000000080032da                USART2_IRQHandler
 .text.USART3_IRQHandler
                0x00000000080032ec       0x12 build/ST/STM32469IDISCO/target/gcc/isr.o
                0x00000000080032ec                USART3_IRQHandler
 .text.EXTI15_10_IRQHandler
                0x00000000080032fe       0x12 build/ST/STM32469IDISCO/target/gcc/isr.o
                0x00000000080032fe                EXTI15_10_IRQHandler
 .text.RTC_Alarm_IRQHandler
                0x0000000008003310       0x12 build/ST/STM32469IDISCO/target/gcc/isr.o
                0x0000000008003310                RTC_Alarm_IRQHandler
 .text.OTG_FS_WKUP_IRQHandler
                0x0000000008003322       0x12 build/ST/STM32469IDISCO/target/gcc/isr.o
                0x0000000008003322                OTG_FS_WKUP_IRQHandler
 .text.TIM8_BRK_TIM12_IRQHandler
                0x0000000008003334       0x12 build/ST/STM32469IDISCO/target/gcc/isr.o
                0x0000000008003334                TIM8_BRK_TIM12_IRQHandler
 .text.TIM8_UP_TIM13_IRQHandler
                0x0000000008003346       0x12 build/ST/STM32469IDISCO/target/gcc/isr.o
                0x0000000008003346                TIM8_UP_TIM13_IRQHandler
 .text.TIM8_TRG_COM_TIM14_IRQHandler
                0x0000000008003358       0x12 build/ST/STM32469IDISCO/target/gcc/isr.o
                0x0000000008003358                TIM8_TRG_COM_TIM14_IRQHandler
 .text.TIM8_CC_IRQHandler
                0x000000000800336a       0x12 build/ST/STM32469IDISCO/target/gcc/isr.o
                0x000000000800336a                TIM8_CC_IRQHandler
 .text.DMA1_Stream7_IRQHandler
                0x000000000800337c       0x12 build/ST/STM32469IDISCO/target/gcc/isr.o
                0x000000000800337c                DMA1_Stream7_IRQHandler
 .text.FMC_IRQHandler
                0x000000000800338e       0x12 build/ST/STM32469IDISCO/target/gcc/isr.o
                0x000000000800338e                FMC_IRQHandler
 .text.SDIO_IRQHandler
                0x00000000080033a0       0x12 build/ST/STM32469IDISCO/target/gcc/isr.o
                0x00000000080033a0                SDIO_IRQHandler
 .text.TIM5_IRQHandler
                0x00000000080033b2       0x12 build/ST/STM32469IDISCO/target/gcc/isr.o
                0x00000000080033b2                TIM5_IRQHandler
 .text.SPI3_IRQHandler
                0x00000000080033c4       0x12 build/ST/STM32469IDISCO/target/gcc/isr.o
                0x00000000080033c4                SPI3_IRQHandler
 .text.UART4_IRQHandler
                0x00000000080033d6       0x12 build/ST/STM32469IDISCO/target/gcc/isr.o
                0x00000000080033d6                UART4_IRQHandler
 .text.UART5_IRQHandler
                0x00000000080033e8       0x12 build/ST/STM32469IDISCO/target/gcc/isr.o
                0x00000000080033e8                UART5_IRQHandler
 .text.TIM6_DAC_IRQHandler
                0x00000000080033fa       0x12 build/ST/STM32469IDISCO/target/gcc/isr.o
                0x00000000080033fa                TIM6_DAC_IRQHandler
 .text.TIM7_IRQHandler
                0x000000000800340c       0x12 build/ST/STM32469IDISCO/target/gcc/isr.o
                0x000000000800340c                TIM7_IRQHandler
 .text.DMA2_Stream0_IRQHandler
                0x000000000800341e       0x12 build/ST/STM32469IDISCO/target/gcc/isr.o
                0x000000000800341e                DMA2_Stream0_IRQHandler
 .text.DMA2_Stream1_IRQHandler
                0x0000000008003430       0x12 build/ST/STM32469IDISCO/target/gcc/isr.o
                0x0000000008003430                DMA2_Stream1_IRQHandler
 .text.DMA2_Stream2_IRQHandler
                0x0000000008003442       0x12 build/ST/STM32469IDISCO/target/gcc/isr.o
                0x0000000008003442                DMA2_Stream2_IRQHandler
 .text.DMA2_Stream3_IRQHandler
                0x0000000008003454       0x12 build/ST/STM32469IDISCO/target/gcc/isr.o
                0x0000000008003454                DMA2_Stream3_IRQHandler
 .text.DMA2_Stream4_IRQHandler
                0x0000000008003466       0x12 build/ST/STM32469IDISCO/target/gcc/isr.o
                0x0000000008003466                DMA2_Stream4_IRQHandler
 .text.ETH_IRQHandler
                0x0000000008003478       0x12 build/ST/STM32469IDISCO/target/gcc/isr.o
                0x0000000008003478                ETH_IRQHandler
 .text.ETH_WKUP_IRQHandler
                0x000000000800348a       0x12 build/ST/STM32469IDISCO/target/gcc/isr.o
                0x000000000800348a                ETH_WKUP_IRQHandler
 .text.CAN2_TX_IRQHandler
                0x000000000800349c       0x12 build/ST/STM32469IDISCO/target/gcc/isr.o
                0x000000000800349c                CAN2_TX_IRQHandler
 .text.CAN2_RX0_IRQHandler
                0x00000000080034ae       0x12 build/ST/STM32469IDISCO/target/gcc/isr.o
                0x00000000080034ae                CAN2_RX0_IRQHandler
 .text.CAN2_RX1_IRQHandler
                0x00000000080034c0       0x12 build/ST/STM32469IDISCO/target/gcc/isr.o
                0x00000000080034c0                CAN2_RX1_IRQHandler
 .text.CAN2_SCE_IRQHandler
                0x00000000080034d2       0x12 build/ST/STM32469IDISCO/target/gcc/isr.o
                0x00000000080034d2                CAN2_SCE_IRQHandler
 .text.OTG_FS_IRQHandler
                0x00000000080034e4       0x12 build/ST/STM32469IDISCO/target/gcc/isr.o
                0x00000000080034e4                OTG_FS_IRQHandler
 .text.DMA2_Stream5_IRQHandler
                0x00000000080034f6       0x12 build/ST/STM32469IDISCO/target/gcc/isr.o
                0x00000000080034f6                DMA2_Stream5_IRQHandler
 .text.DMA2_Stream6_IRQHandler
                0x0000000008003508       0x12 build/ST/STM32469IDISCO/target/gcc/isr.o
                0x0000000008003508                DMA2_Stream6_IRQHandler
 .text.DMA2_Stream7_IRQHandler
                0x000000000800351a       0x12 build/ST/STM32469IDISCO/target/gcc/isr.o
                0x000000000800351a                DMA2_Stream7_IRQHandler
 .text.USART6_IRQHandler
                0x000000000800352c       0x12 build/ST/STM32469IDISCO/target/gcc/isr.o
                0x000000000800352c                USART6_IRQHandler
 .text.I2C3_EV_IRQHandler
                0x000000000800353e       0x12 build/ST/STM32469IDISCO/target/gcc/isr.o
                0x000000000800353e                I2C3_EV_IRQHandler
 .text.I2C3_ER_IRQHandler
                0x0000000008003550       0x12 build/ST/STM32469IDISCO/target/gcc/isr.o
                0x0000000008003550                I2C3_ER_IRQHandler
 .text.OTG_HS_EP1_OUT_IRQHandler
                0x0000000008003562       0x12 build/ST/STM32469IDISCO/target/gcc/isr.o
                0x0000000008003562                OTG_HS_EP1_OUT_IRQHandler
 .text.OTG_HS_EP1_IN_IRQHandler
                0x0000000008003574       0x12 build/ST/STM32469IDISCO/target/gcc/isr.o
                0x0000000008003574                OTG_HS_EP1_IN_IRQHandler
 .text.OTG_HS_WKUP_IRQHandler
                0x0000000008003586       0x12 build/ST/STM32469IDISCO/target/gcc/isr.o
                0x0000000008003586                OTG_HS_WKUP_IRQHandler
 .text.OTG_HS_IRQHandler
                0x0000000008003598       0x12 build/ST/STM32469IDISCO/target/gcc/isr.o
                0x0000000008003598                OTG_HS_IRQHandler
 .text.DCMI_IRQHandler
                0x00000000080035aa       0x12 build/ST/STM32469IDISCO/target/gcc/isr.o
                0x00000000080035aa                DCMI_IRQHandler
 .text.CRYP_IRQHandler
                0x00000000080035bc       0x12 build/ST/STM32469IDISCO/target/gcc/isr.o
                0x00000000080035bc                CRYP_IRQHandler
 .text.HASH_RNG_IRQHandler
                0x00000000080035ce       0x12 build/ST/STM32469IDISCO/target/gcc/isr.o
                0x00000000080035ce                HASH_RNG_IRQHandler
 .text.FPU_IRQHandler
                0x00000000080035e0       0x12 build/ST/STM32469IDISCO/target/gcc/isr.o
                0x00000000080035e0                FPU_IRQHandler
 .text.UART7_IRQHandler
                0x00000000080035f2       0x12 build/ST/STM32469IDISCO/target/gcc/isr.o
                0x00000000080035f2                UART7_IRQHandler
 .text.UART8_IRQHandler
                0x0000000008003604       0x12 build/ST/STM32469IDISCO/target/gcc/isr.o
                0x0000000008003604                UART8_IRQHandler
 .text.SPI4_IRQHandler
                0x0000000008003616       0x12 build/ST/STM32469IDISCO/target/gcc/isr.o
                0x0000000008003616                SPI4_IRQHandler
 .text.SPI5_IRQHandler
                0x0000000008003628       0x12 build/ST/STM32469IDISCO/target/gcc/isr.o
                0x0000000008003628                SPI5_IRQHandler
 .text.SPI6_IRQHandler
                0x000000000800363a       0x12 build/ST/STM32469IDISCO/target/gcc/isr.o
                0x000000000800363a                SPI6_IRQHandler
 .text.SAI1_IRQHandler
                0x000000000800364c       0x12 build/ST/STM32469IDISCO/target/gcc/isr.o
                0x000000000800364c                SAI1_IRQHandler
 .text.LTDC_ER_IRQHandler
                0x000000000800365e       0x12 build/ST/STM32469IDISCO/target/gcc/isr.o
                0x000000000800365e                LTDC_ER_IRQHandler
 .text.QUADSPI_IRQHandler
                0x0000000008003670       0x12 build/ST/STM32469IDISCO/target/gcc/isr.o
                0x0000000008003670                QUADSPI_IRQHandler
 *fill*         0x0000000008003682        0x2 00000000
 .text.I2C1_Init
                0x0000000008003684       0xcc build/ST/STM32469IDISCO/target/bsp/source/vendor/STM32469I-Discovery/stm32469i_discovery.o
 .text.I2C1_Error.isra.3
                0x0000000008003750       0x14 build/ST/STM32469IDISCO/target/bsp/source/vendor/STM32469I-Discovery/stm32469i_discovery.o
 .text.BSP_LED_Init
                0x0000000008003764       0x9c build/ST/STM32469IDISCO/target/bsp/source/vendor/STM32469I-Discovery/stm32469i_discovery.o
                0x0000000008003764                BSP_LED_Init
 .text.BSP_LED_On
                0x0000000008003800       0x20 build/ST/STM32469IDISCO/target/bsp/source/vendor/STM32469I-Discovery/stm32469i_discovery.o
                0x0000000008003800                BSP_LED_On
 .text.BSP_LED_Off
                0x0000000008003820       0x20 build/ST/STM32469IDISCO/target/bsp/source/vendor/STM32469I-Discovery/stm32469i_discovery.o
                0x0000000008003820                BSP_LED_Off
 .text.BSP_PB_Init
                0x0000000008003840       0x74 build/ST/STM32469IDISCO/target/bsp/source/vendor/STM32469I-Discovery/stm32469i_discovery.o
                0x0000000008003840                BSP_PB_Init
 .text.BSP_PB_GetState
                0x00000000080038b4       0x14 build/ST/STM32469IDISCO/target/bsp/source/vendor/STM32469I-Discovery/stm32469i_discovery.o
                0x00000000080038b4                BSP_PB_GetState
 .text.TS_IO_Init
                0x00000000080038c8        0x4 build/ST/STM32469IDISCO/target/bsp/source/vendor/STM32469I-Discovery/stm32469i_discovery.o
                0x00000000080038c8                TS_IO_Init
 .text.TS_IO_Write
                0x00000000080038cc       0x2c build/ST/STM32469IDISCO/target/bsp/source/vendor/STM32469I-Discovery/stm32469i_discovery.o
                0x00000000080038cc                TS_IO_Write
 .text.TS_IO_Read
                0x00000000080038f8       0x34 build/ST/STM32469IDISCO/target/bsp/source/vendor/STM32469I-Discovery/stm32469i_discovery.o
                0x00000000080038f8                TS_IO_Read
 .text.TS_IO_ReadMultiple
                0x000000000800392c       0x2c build/ST/STM32469IDISCO/target/bsp/source/vendor/STM32469I-Discovery/stm32469i_discovery.o
                0x000000000800392c                TS_IO_ReadMultiple
 .text.OTM8009A_IO_Delay
                0x0000000008003958        0x4 build/ST/STM32469IDISCO/target/bsp/source/vendor/STM32469I-Discovery/stm32469i_discovery.o
                0x0000000008003958                OTM8009A_IO_Delay
 .text.BSP_LCD_Reset
                0x000000000800395c       0x60 build/ST/STM32469IDISCO/target/bsp/source/vendor/STM32469I-Discovery/stm32469i_discovery_lcd.o
                0x000000000800395c                BSP_LCD_Reset
 .text.BSP_LCD_GetXSize
                0x00000000080039bc        0xc build/ST/STM32469IDISCO/target/bsp/source/vendor/STM32469I-Discovery/stm32469i_discovery_lcd.o
                0x00000000080039bc                BSP_LCD_GetXSize
 .text.BSP_LCD_GetYSize
                0x00000000080039c8        0xc build/ST/STM32469IDISCO/target/bsp/source/vendor/STM32469I-Discovery/stm32469i_discovery_lcd.o
                0x00000000080039c8                BSP_LCD_GetYSize
 .text.BSP_LCD_SelectLayer
                0x00000000080039d4        0xc build/ST/STM32469IDISCO/target/bsp/source/vendor/STM32469I-Discovery/stm32469i_discovery_lcd.o
                0x00000000080039d4                BSP_LCD_SelectLayer
 .text.DSI_IO_WriteCmd
                0x00000000080039e0       0x34 build/ST/STM32469IDISCO/target/bsp/source/vendor/STM32469I-Discovery/stm32469i_discovery_lcd.o
                0x00000000080039e0                DSI_IO_WriteCmd
 .text.BSP_LCD_MspInit
                0x0000000008003a14       0xa4 build/ST/STM32469IDISCO/target/bsp/source/vendor/STM32469I-Discovery/stm32469i_discovery_lcd.o
                0x0000000008003a14                BSP_LCD_MspInit
 .text.QSPI_AutoPollingMemReady.constprop.1
                0x0000000008003ab8       0x54 build/ST/STM32469IDISCO/target/bsp/source/vendor/STM32469I-Discovery/stm32469i_discovery_qspi.o
 .text.QSPI_WriteEnable.constprop.3
                0x0000000008003b0c       0x70 build/ST/STM32469IDISCO/target/bsp/source/vendor/STM32469I-Discovery/stm32469i_discovery_qspi.o
 .text.BSP_QSPI_MemoryMappedMode
                0x0000000008003b7c       0x4c build/ST/STM32469IDISCO/target/bsp/source/vendor/STM32469I-Discovery/stm32469i_discovery_qspi.o
                0x0000000008003b7c                BSP_QSPI_MemoryMappedMode
 .text.BSP_QSPI_MspInit
                0x0000000008003bc8       0xc0 build/ST/STM32469IDISCO/target/bsp/source/vendor/STM32469I-Discovery/stm32469i_discovery_qspi.o
                0x0000000008003bc8                BSP_QSPI_MspInit
 .text.BSP_QSPI_Init