Archive member included to satisfy reference by file (symbol)

touchgfx//lib/core/cortex_m4f/gcc\libtouchgfx.a(AbstractPartition.o)
                              build/ST/STM32469IDISCO/target/bsp/source/BoardConfiguration.o (touchgfx::AbstractPartition::getAllocationCount() const)
touchgfx//lib/core/cortex_m4f/gcc\libtouchgfx.a(Container.o)
                              build/ST/STM32469IDISCO/generated/gui_generated/src/screen1_screen/Screen1ViewBase.o (touchgfx::Container::add(touchgfx::Drawable&))
touchgfx//lib/core/cortex_m4f/gcc\libtouchgfx.a(HAL.o)
                              build/ST/STM32469IDISCO/target/bsp/source/platform/hal/mcu/stm32f4cube/STM32F4HAL_DSI.o (touchgfx::HAL::flushFrameBuffer())
touchgfx//lib/core/cortex_m4f/gcc\libtouchgfx.a(DMA.o)
                              build/ST/STM32469IDISCO/target/bsp/source/platform/hal/mcu/stm32f4cube/STM32F4DMA.o (touchgfx::DMA_Interface::seedExecution())
touchgfx//lib/core/cortex_m4f/gcc\libtouchgfx.a(Box.o)
                              build/ST/STM32469IDISCO/generated/gui_generated/src/screen1_screen/Screen1ViewBase.o (vtable for touchgfx::Box)
touchgfx//lib/core/cortex_m4f/gcc\libtouchgfx.a(Button.o)
                              build/ST/STM32469IDISCO/generated/gui_generated/src/screen1_screen/Screen1ViewBase.o (touchgfx::Button::setBitmaps(touchgfx::Bitmap const&, touchgfx::Bitmap const&))
touchgfx//lib/core/cortex_m4f/gcc\libtouchgfx.a(LCD.o)
                              build/ST/STM32469IDISCO/generated/texts/src/Texts.o (touchgfx::LCD::drawStringLTR(touchgfx::Rect const&, touchgfx::Rect const&, touchgfx::LCD::StringVisuals const&, unsigned short const*, std::__va_list))
touchgfx//lib/core/cortex_m4f/gcc\libtouchgfx.a(TouchCalibration.o)
                              touchgfx//lib/core/cortex_m4f/gcc\libtouchgfx.a(HAL.o) (touchgfx::TouchCalibration::translatePoint(touchgfx::Point&))
touchgfx//lib/core/cortex_m4f/gcc\libtouchgfx.a(DisplayTransformation.o)
                              touchgfx//lib/core/cortex_m4f/gcc\libtouchgfx.a(HAL.o) (touchgfx::DisplayTransformation::transformFrameBufferToDisplay(short&, short&))
touchgfx//lib/core/cortex_m4f/gcc\libtouchgfx.a(Application.o)
                              build/ST/STM32469IDISCO/gui/src/common/FrontendApplication.o (touchgfx::Application::handleClickEvent(touchgfx::ClickEvent const&))
touchgfx//lib/core/cortex_m4f/gcc\libtouchgfx.a(TypedText.o)
                              build/ST/STM32469IDISCO/generated/texts/src/Texts.o (touchgfx::TypedText::numberOfTypedTexts)
touchgfx//lib/core/cortex_m4f/gcc\libtouchgfx.a(Font.o)
                              build/ST/STM32469IDISCO/generated/texts/src/Texts.o (touchgfx::Font::getStringWidthLTR(unsigned char, unsigned short const*, std::__va_list) const)
touchgfx//lib/core/cortex_m4f/gcc\libtouchgfx.a(Drawable.o)
                              touchgfx//lib/core/cortex_m4f/gcc\libtouchgfx.a(Container.o) (touchgfx::Drawable::invalidate() const)
touchgfx//lib/core/cortex_m4f/gcc\libtouchgfx.a(Utils.o)
                              touchgfx//lib/core/cortex_m4f/gcc\libtouchgfx.a(TouchCalibration.o) (touchgfx::memset(void*, unsigned char, unsigned long))
touchgfx//lib/core/cortex_m4f/gcc\libtouchgfx.a(Screen.o)
                              build/ST/STM32469IDISCO/gui/src/screen1_screen/Screen1View.o (touchgfx::Screen::handleGestureEvent(touchgfx::GestureEvent const&))
touchgfx//lib/core/cortex_m4f/gcc\libtouchgfx.a(InternalFlashFont.o)
                              build/ST/STM32469IDISCO/generated/fonts/src/FontGetters.o (touchgfx::InternalFlashFont::InternalFlashFont(touchgfx::GlyphNode const*, unsigned short, unsigned short, unsigned char, unsigned char, unsigned char, unsigned char, unsigned char const*, touchgfx::KerningNode const*, unsigned short, unsigned short))
touchgfx//lib/core/cortex_m4f/gcc\libtouchgfx.a(TextProvider.o)
                              touchgfx//lib/core/cortex_m4f/gcc\libtouchgfx.a(Font.o) (touchgfx::TextProvider::getNextChar())
touchgfx//lib/core/cortex_m4f/gcc\libtouchgfx.a(TextureMapTypes.o)
                              touchgfx//lib/core/cortex_m4f/gcc\libtouchgfx.a(LCD.o) (touchgfx::Gradients::Gradients(touchgfx::Point3D const*))
touchgfx//lib/core/cortex_m4f/gcc\libtouchgfx.a(Color.o)
                              build/ST/STM32469IDISCO/generated/gui_generated/src/screen1_screen/Screen1ViewBase.o (touchgfx::Color::getColorFrom24BitRGB(unsigned char, unsigned char, unsigned char))
touchgfx//lib/core/cortex_m4f/gcc\libtouchgfx.a(FontManager.o)
                              build/ST/STM32469IDISCO/target/bsp/source/BoardConfiguration.o (touchgfx::FontManager::setFontProvider(touchgfx::FontProvider*))
touchgfx//lib/core/cortex_m4f/gcc\libtouchgfx.a(Bitmap.o)
[...]
Memory Configuration

Name             Origin             Length             Attributes
CODE             0x0000000008000000 0x0000000000200000 xr
RAM              0x0000000020000000 0x0000000000050000 rw
CCMRAM           0x0000000010000000 0x0000000000010000 rw
QUADSPI          0x0000000090000000 0x0000000001000000 r
*default*        0x0000000000000000 0xffffffffffffffff

Linker script and memory map

LOAD build/ST/STM32469IDISCO/gui/src/screen1_screen/Screen1Presenter.o
LOAD build/ST/STM32469IDISCO/gui/src/screen1_screen/Screen1View.o
LOAD build/ST/STM32469IDISCO/gui/src/model/Model.o
LOAD build/ST/STM32469IDISCO/gui/src/common/FrontendApplication.o
LOAD build/ST/STM32469IDISCO/generated/gui_generated/src/screen1_screen/Screen1ViewBase.o
LOAD build/ST/STM32469IDISCO/generated/gui_generated/src/common/FrontendApplicationBase.o
LOAD build/ST/STM32469IDISCO/generated/fonts/src/Kerning_verdana_10_4bpp.o
LOAD build/ST/STM32469IDISCO/generated/fonts/src/Font_verdana_40_4bpp.o
LOAD build/ST/STM32469IDISCO/generated/fonts/src/FontGetters.o
LOAD build/ST/STM32469IDISCO/generated/fonts/src/Font_verdana_20_4bpp.o
LOAD build/ST/STM32469IDISCO/generated/fonts/src/Kerning_verdana_40_4bpp.o
LOAD build/ST/STM32469IDISCO/generated/fonts/src/Table_verdana_10_4bpp.o
LOAD build/ST/STM32469IDISCO/generated/fonts/src/Kerning_verdana_20_4bpp.o
LOAD build/ST/STM32469IDISCO/generated/fonts/src/Font_verdana_10_4bpp.o
LOAD build/ST/STM32469IDISCO/generated/fonts/src/Table_verdana_40_4bpp.o
LOAD build/ST/STM32469IDISCO/generated/fonts/src/Table_verdana_20_4bpp.o
LOAD build/ST/STM32469IDISCO/generated/fonts/src/ApplicationFontProvider.o
LOAD build/ST/STM32469IDISCO/generated/images/src/__designer/blue_buttons_round_edge_small.o
LOAD build/ST/STM32469IDISCO/generated/images/src/__designer/blue_buttons_round_edge_small_pressed.o
LOAD build/ST/STM32469IDISCO/generated/images/src/BitmapDatabase.o
LOAD build/ST/STM32469IDISCO/generated/texts/src/TypedTextDatabase.o
LOAD build/ST/STM32469IDISCO/generated/texts/src/Texts.o
LOAD build/ST/STM32469IDISCO/target/os/FreeRTOS7.6.0/OSWrappers.o
LOAD build/ST/STM32469IDISCO/target/gcc/gccstubs.o
LOAD build/ST/STM32469IDISCO/target/main.o
LOAD build/ST/STM32469IDISCO/target/bsp/source/bsp/OTM8009TouchController.o
LOAD build/ST/STM32469IDISCO/target/bsp/source/platform/hal/mcu/stm32f4cube/STM32F4DMA.o
LOAD build/ST/STM32469IDISCO/target/bsp/source/platform/hal/mcu/stm32f4cube/STM32F4HAL_DSI.o
LOAD build/ST/STM32469IDISCO/target/bsp/source/platform/cortex-m/CortexMMCUInstrumentation.o
LOAD build/ST/STM32469IDISCO/target/bsp/source/bsp/KeySampler.o
LOAD build/ST/STM32469IDISCO/target/bsp/source/bsp/Buttons.o
LOAD build/ST/STM32469IDISCO/target/bsp/source/BoardConfiguration.o
LOAD build/ST/STM32469IDISCO/target/bsp/source/GPIO.o
LOAD build/ST/STM32469IDISCO/target/os/FreeRTOS7.6.0/Source/croutine.o
LOAD build/ST/STM32469IDISCO/target/os/FreeRTOS7.6.0/Source/list.o
LOAD build/ST/STM32469IDISCO/target/os/FreeRTOS7.6.0/Source/queue.o
LOAD build/ST/STM32469IDISCO/target/os/FreeRTOS7.6.0/Source/tasks.o
LOAD build/ST/STM32469IDISCO/target/os/FreeRTOS7.6.0/Source/timers.o
LOAD build/ST/STM32469IDISCO/target/os/FreeRTOS7.6.0/Source/portable/MemMang/heap_2.o
LOAD build/ST/STM32469IDISCO/target/os/FreeRTOS7.6.0/Source/portable/GCC/ARM_CM4F/port.o
LOAD build/ST/STM32469IDISCO/target/gcc/isr.o
LOAD build/ST/STM32469IDISCO/target/bsp/source/vendor/STM32469I-Discovery/stm32469i_discovery.o
LOAD build/ST/STM32469IDISCO/target/bsp/source/vendor/STM32469I-Discovery/stm32469i_discovery_lcd.o
LOAD build/ST/STM32469IDISCO/target/bsp/source/vendor/STM32469I-Discovery/stm32469i_discovery_qspi.o
LOAD build/ST/STM32469IDISCO/target/bsp/source/vendor/STM32469I-Discovery/stm32469i_discovery_sdram.o
LOAD build/ST/STM32469IDISCO/target/bsp/source/vendor/STM32469I-Discovery/stm32469i_discovery_ts.o
LOAD build/ST/STM32469IDISCO/target/bsp/source/vendor/Components/ft6x06/ft6x06.o
LOAD build/ST/STM32469IDISCO/target/bsp/source/vendor/Components/otm8009a/otm8009a.o
LOAD build/ST/STM32469IDISCO/target/bsp/source/platform/hal/mcu/stm32f4cube/STM32F4xx_HAL_Driver/stm32f4xx_hal.o
LOAD build/ST/STM32469IDISCO/target/bsp/source/platform/hal/mcu/stm32f4cube/STM32F4xx_HAL_Driver/stm32f4xx_hal_cortex.o
LOAD build/ST/STM32469IDISCO/target/bsp/source/platform/hal/mcu/stm32f4cube/STM32F4xx_HAL_Driver/stm32f4xx_hal_dma.o
LOAD build/ST/STM32469IDISCO/target/bsp/source/platform/hal/mcu/stm32f4cube/STM32F4xx_HAL_Driver/stm32f4xx_hal_dma2d.o
LOAD build/ST/STM32469IDISCO/target/bsp/source/platform/hal/mcu/stm32f4cube/STM32F4xx_HAL_Driver/stm32f4xx_hal_dma_ex.o
LOAD build/ST/STM32469IDISCO/target/bsp/source/platform/hal/mcu/stm32f4cube/STM32F4xx_HAL_Driver/stm32f4xx_hal_gpio.o
LOAD build/ST/STM32469IDISCO/target/bsp/source/platform/hal/mcu/stm32f4cube/STM32F4xx_HAL_Driver/stm32f4xx_hal_i2c.o
LOAD build/ST/STM32469IDISCO/target/bsp/source/platform/hal/mcu/stm32f4cube/STM32F4xx_HAL_Driver/stm32f4xx_hal_ltdc.o
LOAD build/ST/STM32469IDISCO/target/bsp/source/platform/hal/mcu/stm32f4cube/STM32F4xx_HAL_Driver/stm32f4xx_hal_ltdc_ex.o
LOAD build/ST/STM32469IDISCO/target/bsp/source/platform/hal/mcu/stm32f4cube/STM32F4xx_HAL_Driver/stm32f4xx_hal_qspi.o
LOAD build/ST/STM32469IDISCO/target/bsp/source/platform/hal/mcu/stm32f4cube/STM32F4xx_HAL_Driver/stm32f4xx_hal_dsi.o
LOAD build/ST/STM32469IDISCO/target/bsp/source/platform/hal/mcu/stm32f4cube/STM32F4xx_HAL_Driver/stm32f4xx_hal_pwr_ex.o
LOAD build/ST/STM32469IDISCO/target/bsp/source/platform/hal/mcu/stm32f4cube/STM32F4xx_HAL_Driver/stm32f4xx_hal_rcc.o
LOAD build/ST/STM32469IDISCO/target/bsp/source/platform/hal/mcu/stm32f4cube/STM32F4xx_HAL_Driver/stm32f4xx_hal_rcc_ex.o
LOAD build/ST/STM32469IDISCO/target/bsp/source/platform/hal/mcu/stm32f4cube/STM32F4xx_HAL_Driver/stm32f4xx_hal_sdram.o
LOAD build/ST/STM32469IDISCO/target/bsp/source/platform/hal/mcu/stm32f4cube/STM32F4xx_HAL_Driver/stm32f4xx_ll_fmc.o
LOAD build/ST/STM32469IDISCO/target/bsp/source/platform/hal/mcu/stm32f4cube/STM32F4xx_HAL_Driver/stm32f4xx_ll_fsmc.o
LOAD build/ST/STM32469IDISCO/target/bsp/source/platform/hal/mcu/stm32f4cube/CMSIS/system_stm32f4xx.o
START GROUP
LOAD touchgfx//lib/core/cortex_m4f/gcc\libtouchgfx.a
END GROUP
LOAD c:/st/stm32cubeide_1.0.0/stm32cubeide/plugins/com.st.stm32cube.ide.mcu.externaltools.gnu-tools-for-stm32.7-2018-q2-update.win32_1.0.0.201904181610/tools/bin/../lib/gcc/arm-none-eabi/7.3.1/../../../../arm-none-eabi/lib/thumb/v7e-m/fpv4-sp/softfp\libstdc++.a
LOAD c:/st/stm32cubeide_1.0.0/stm32cubeide/plugins/com.st.stm32cube.ide.mcu.externaltools.gnu-tools-for-stm32.7-2018-q2-update.win32_1.0.0.201904181610/tools/bin/../lib/gcc/arm-none-eabi/7.3.1/../../../../arm-none-eabi/lib/thumb/v7e-m/fpv4-sp/softfp\libm.a
START GROUP
LOAD c:/st/stm32cubeide_1.0.0/stm32cubeide/plugins/com.st.stm32cube.ide.mcu.externaltools.gnu-tools-for-stm32.7-2018-q2-update.win32_1.0.0.201904181610/tools/bin/../lib/gcc/arm-none-eabi/7.3.1/thumb/v7e-m/fpv4-sp/softfp\libgcc.a
LOAD c:/st/stm32cubeide_1.0.0/stm32cubeide/plugins/com.st.stm32cube.ide.mcu.externaltools.gnu-tools-for-stm32.7-2018-q2-update.win32_1.0.0.201904181610/tools/bin/../lib/gcc/arm-none-eabi/7.3.1/../../../../arm-none-eabi/lib/thumb/v7e-m/fpv4-sp/softfp\libg.a
LOAD c:/st/stm32cubeide_1.0.0/stm32cubeide/plugins/com.st.stm32cube.ide.mcu.externaltools.gnu-tools-for-stm32.7-2018-q2-update.win32_1.0.0.201904181610/tools/bin/../lib/gcc/arm-none-eabi/7.3.1/../../../../arm-none-eabi/lib/thumb/v7e-m/fpv4-sp/softfp\libc.a
END GROUP
                0x0000000000000400                _STACKSIZE = 0x400
                0x0000000000000200                _HEAPSIZE = 0x200

.text           0x0000000008000000     0xb03c
 CREATE_OBJECT_SYMBOLS
 *(.isr_vectors)
 .isr_vectors   0x0000000008000000      0x1b4 build/ST/STM32469IDISCO/target/gcc/isr.o
                0x0000000008000000                g_pfnVectors
 *(.text .text.*)
 .text._ZN16Screen1PresenterD2Ev
                0x00000000080001b4        0x6 build/ST/STM32469IDISCO/gui/src/screen1_screen/Screen1Presenter.o
                0x00000000080001b4                Screen1Presenter::~Screen1Presenter()
                0x00000000080001b4                Screen1Presenter::~Screen1Presenter()
                0x00000000080001b6                non-virtual thunk to Screen1Presenter::~Screen1Presenter()
 .text._ZN16Screen1Presenter8activateEv
                0x00000000080001ba        0x2 build/ST/STM32469IDISCO/gui/src/screen1_screen/Screen1Presenter.o
                0x00000000080001ba                Screen1Presenter::deactivate()
                0x00000000080001ba                Screen1Presenter::activate()
 .text._ZN16Screen1PresenterD0Ev
                0x00000000080001bc       0x14 build/ST/STM32469IDISCO/gui/src/screen1_screen/Screen1Presenter.o
                0x00000000080001bc                Screen1Presenter::~Screen1Presenter()
                0x00000000080001ca                non-virtual thunk to Screen1Presenter::~Screen1Presenter()
 .text._ZN16Screen1PresenterC2ER11Screen1View
                0x00000000080001d0       0x1c build/ST/STM32469IDISCO/gui/src/screen1_screen/Screen1Presenter.o
                0x00000000080001d0                Screen1Presenter::Screen1Presenter(Screen1View&)
                0x00000000080001d0                Screen1Presenter::Screen1Presenter(Screen1View&)
 .text._ZN8touchgfx6Screen15afterTransitionEv
                0x00000000080001ec        0x2 build/ST/STM32469IDISCO/gui/src/screen1_screen/Screen1View.o
                0x00000000080001ec                touchgfx::Screen::afterTransition()
 .text._ZN8touchgfx6Screen15handleTickEventEv
                0x00000000080001ee        0x2 build/ST/STM32469IDISCO/gui/src/screen1_screen/Screen1View.o
                0x00000000080001ee                touchgfx::Screen::handleTickEvent()
 .text._ZN8touchgfx6Screen14handleKeyEventEh
                0x00000000080001f0        0x2 build/ST/STM32469IDISCO/gui/src/screen1_screen/Screen1View.o
                0x00000000080001f0                touchgfx::Screen::handleKeyEvent(unsigned char)
 .text._ZN11Screen1ViewD2Ev
                0x00000000080001f2        0x2 build/ST/STM32469IDISCO/gui/src/screen1_screen/Screen1View.o
                0x00000000080001f2                Screen1View::~Screen1View()
                0x00000000080001f2                Screen1View::~Screen1View()
 .text._ZN11Screen1View14tearDownScreenEv
                0x00000000080001f4        0x2 build/ST/STM32469IDISCO/gui/src/screen1_screen/Screen1View.o
                0x00000000080001f4                Screen1View::tearDownScreen()
 .text._ZN11Screen1View11setupScreenEv
                0x00000000080001f6        0x4 build/ST/STM32469IDISCO/gui/src/screen1_screen/Screen1View.o
                0x00000000080001f6                Screen1View::setupScreen()
 .text._ZN11Screen1ViewD0Ev
                0x00000000080001fa        0xe build/ST/STM32469IDISCO/gui/src/screen1_screen/Screen1View.o
                0x00000000080001fa                Screen1View::~Screen1View()
 .text._ZN11Screen1ViewC2Ev
                0x0000000008000208       0x14 build/ST/STM32469IDISCO/gui/src/screen1_screen/Screen1View.o
                0x0000000008000208                Screen1View::Screen1View()
                0x0000000008000208                Screen1View::Screen1View()
 .text._ZN5ModelC2Ev
                0x000000000800021c        0x6 build/ST/STM32469IDISCO/gui/src/model/Model.o
                0x000000000800021c                Model::Model()
                0x000000000800021c                Model::Model()
 .text._ZN5Model4tickEv
                0x0000000008000222        0x2 build/ST/STM32469IDISCO/gui/src/model/Model.o
                0x0000000008000222                Model::tick()
 .text._ZN8touchgfx11Application15appSwitchScreenEh
                0x0000000008000224        0x2 build/ST/STM32469IDISCO/gui/src/common/FrontendApplication.o
                0x0000000008000224                touchgfx::Application::appSwitchScreen(unsigned char)
 .text._ZN19FrontendApplicationD2Ev
                0x0000000008000226        0x2 build/ST/STM32469IDISCO/gui/src/common/FrontendApplication.o
                0x0000000008000226                FrontendApplication::~FrontendApplication()
                0x0000000008000226                FrontendApplication::~FrontendApplication()
 .text._ZN19FrontendApplicationD0Ev
                0x0000000008000228       0x10 build/ST/STM32469IDISCO/gui/src/common/FrontendApplication.o
                0x0000000008000228                FrontendApplication::~FrontendApplication()
 .text._ZN19FrontendApplication15handleTickEventEv
                0x0000000008000238       0x16 build/ST/STM32469IDISCO/gui/src/common/FrontendApplication.o
                0x0000000008000238                FrontendApplication::handleTickEvent()
 .text._ZN8touchgfx14MVPApplication29handlePendingScreenTransitionEv
                0x000000000800024e       0x24 build/ST/STM32469IDISCO/gui/src/common/FrontendApplication.o
                0x000000000800024e                touchgfx::MVPApplication::handlePendingScreenTransition()
 *fill*         0x0000000008000272        0x2 00000000
 .text._ZN19FrontendApplicationC2ER5ModelR12FrontendHeap
                0x0000000008000274       0x14 build/ST/STM32469IDISCO/gui/src/common/FrontendApplication.o
                0x0000000008000274                FrontendApplication::FrontendApplication(Model&, FrontendHeap&)
                0x0000000008000274                FrontendApplication::FrontendApplication(Model&, FrontendHeap&)
 .text._ZN8touchgfx8Drawable11setPositionEssss
                0x0000000008000288       0x28 build/ST/STM32469IDISCO/generated/gui_generated/src/screen1_screen/Screen1ViewBase.o
                0x0000000008000288                touchgfx::Drawable::setPosition(short, short, short, short)
 .text._ZN8touchgfx8Drawable4setXEs
                0x00000000080002b0        0x4 build/ST/STM32469IDISCO/generated/gui_generated/src/screen1_screen/Screen1ViewBase.o
                0x00000000080002b0                touchgfx::Drawable::setX(short)
 .text._ZN8touchgfx8Drawable4setYEs
                0x00000000080002b4        0x4 build/ST/STM32469IDISCO/generated/gui_generated/src/screen1_screen/Screen1ViewBase.o
                0x00000000080002b4                touchgfx::Drawable::setY(short)
 .text._ZN8touchgfx8Drawable5setXYEss
                0x00000000080002b8       0x1a build/ST/STM32469IDISCO/generated/gui_generated/src/screen1_screen/Screen1ViewBase.o
                0x00000000080002b8                touchgfx::Drawable::setXY(short, short)
 .text._ZN8touchgfx8Drawable8setWidthEs
                0x00000000080002d2        0x4 build/ST/STM32469IDISCO/generated/gui_generated/src/screen1_screen/Screen1ViewBase.o
                0x00000000080002d2                touchgfx::Drawable::setWidth(short)
 .text._ZN8touchgfx8Drawable9setHeightEs
                0x00000000080002d6        0x4 build/ST/STM32469IDISCO/generated/gui_generated/src/screen1_screen/Screen1ViewBase.o
                0x00000000080002d6                touchgfx::Drawable::setHeight(short)
 .text._ZN8touchgfx8Drawable20childGeometryChangedEv
                0x00000000080002da        0x2 build/ST/STM32469IDISCO/generated/gui_generated/src/screen1_screen/Screen1ViewBase.o
                0x00000000080002da                touchgfx::Drawable::childGeometryChanged()
 .text._ZN8touchgfx8Drawable16handleClickEventERKNS_10ClickEventE
                0x00000000080002dc        0x2 build/ST/STM32469IDISCO/generated/gui_generated/src/screen1_screen/Screen1ViewBase.o
                0x00000000080002dc                touchgfx::Drawable::handleClickEvent(touchgfx::ClickEvent const&)
 .text._ZN8touchgfx8Drawable18handleGestureEventERKNS_12GestureEventE
                0x00000000080002de        0x2 build/ST/STM32469IDISCO/generated/gui_generated/src/screen1_screen/Screen1ViewBase.o
                0x00000000080002de                touchgfx::Drawable::handleGestureEvent(touchgfx::GestureEvent const&)
 .text._ZN8touchgfx8Drawable15handleDragEventERKNS_9DragEventE
                0x00000000080002e0        0x2 build/ST/STM32469IDISCO/generated/gui_generated/src/screen1_screen/Screen1ViewBase.o
                0x00000000080002e0                touchgfx::Drawable::handleDragEvent(touchgfx::DragEvent const&)
 .text._ZN8touchgfx8Drawable15handleTickEventEv
                0x00000000080002e2        0x2 build/ST/STM32469IDISCO/generated/gui_generated/src/screen1_screen/Screen1ViewBase.o
                0x00000000080002e2                touchgfx::Drawable::handleTickEvent()
 .text._ZN8touchgfx8Drawable6moveToEss
                0x00000000080002e4       0x18 build/ST/STM32469IDISCO/generated/gui_generated/src/screen1_screen/Screen1ViewBase.o
                0x00000000080002e4                touchgfx::Drawable::moveTo(short, short)
 .text._ZN8touchgfx8Drawable14setupDrawChainERKNS_4RectEPPS0_
                0x00000000080002fc       0x14 build/ST/STM32469IDISCO/generated/gui_generated/src/screen1_screen/Screen1ViewBase.o
                0x00000000080002fc                touchgfx::Drawable::setupDrawChain(touchgfx::Rect const&, touchgfx::Drawable**)
 .text._ZN8touchgfx6Screen11setupScreenEv
                0x0000000008000310        0x2 build/ST/STM32469IDISCO/generated/gui_generated/src/screen1_screen/Screen1ViewBase.o
                0x0000000008000310                touchgfx::Screen::setupScreen()
 .text._ZN8touchgfx6Screen14tearDownScreenEv
                0x0000000008000312        0x2 build/ST/STM32469IDISCO/generated/gui_generated/src/screen1_screen/Screen1ViewBase.o
                0x0000000008000312                touchgfx::Screen::tearDownScreen()
 .text._ZN8touchgfx6Widget12getLastChildEssPPNS_8DrawableE
                0x0000000008000314       0x10 build/ST/STM32469IDISCO/generated/gui_generated/src/screen1_screen/Screen1ViewBase.o
                0x0000000008000314                touchgfx::Widget::getLastChild(short, short, touchgfx::Drawable**)
 .text._ZN15Screen1ViewBaseD2Ev
                0x0000000008000324        0x2 build/ST/STM32469IDISCO/generated/gui_generated/src/screen1_screen/Screen1ViewBase.o
                0x0000000008000324                Screen1ViewBase::~Screen1ViewBase()
                0x0000000008000324                Screen1ViewBase::~Screen1ViewBase()
 .text._ZN15Screen1ViewBase11setupScreenEv
                0x0000000008000326        0x2 build/ST/STM32469IDISCO/generated/gui_generated/src/screen1_screen/Screen1ViewBase.o
                0x0000000008000326                Screen1ViewBase::setupScreen()
 .text._ZN15Screen1ViewBaseD0Ev
                0x0000000008000328        0xe build/ST/STM32469IDISCO/generated/gui_generated/src/screen1_screen/Screen1ViewBase.o
                0x0000000008000328                Screen1ViewBase::~Screen1ViewBase()
 *fill*         0x0000000008000336        0x2 00000000
 .text._ZN8touchgfx6ButtonC2Ev
                0x0000000008000338       0x40 build/ST/STM32469IDISCO/generated/gui_generated/src/screen1_screen/Screen1ViewBase.o
                0x0000000008000338                touchgfx::Button::Button()
                0x0000000008000338                touchgfx::Button::Button()
 .text._ZN15Screen1ViewBaseC2Ev
                0x0000000008000378       0xfc build/ST/STM32469IDISCO/generated/gui_generated/src/screen1_screen/Screen1ViewBase.o
                0x0000000008000378                Screen1ViewBase::Screen1ViewBase()
                0x0000000008000378                Screen1ViewBase::Screen1ViewBase()
 .text._ZN8touchgfx10Transition8tearDownEv
                0x0000000008000474        0x2 build/ST/STM32469IDISCO/generated/gui_generated/src/common/FrontendApplicationBase.o
                0x0000000008000474                touchgfx::Transition::tearDown()
 .text._ZN8touchgfx10Transition4initEv
                0x0000000008000476        0x2 build/ST/STM32469IDISCO/generated/gui_generated/src/common/FrontendApplicationBase.o
                0x0000000008000476                touchgfx::Transition::init()
 .text._ZN8touchgfx10Transition18setScreenContainerERNS_9ContainerE
                0x0000000008000478        0x4 build/ST/STM32469IDISCO/generated/gui_generated/src/common/FrontendApplicationBase.o
                0x0000000008000478                touchgfx::Transition::setScreenContainer(touchgfx::Container&)
 .text._ZN23FrontendApplicationBaseD2Ev
                0x000000000800047c        0x2 build/ST/STM32469IDISCO/generated/gui_generated/src/common/FrontendApplicationBase.o
                0x000000000800047c                FrontendApplicationBase::~FrontendApplicationBase()
                0x000000000800047c                FrontendApplicationBase::~FrontendApplicationBase()
 .text._ZN8touchgfx12NoTransitionD2Ev
                0x000000000800047e        0x2 build/ST/STM32469IDISCO/generated/gui_generated/src/common/FrontendApplicationBase.o
                0x000000000800047e                touchgfx::NoTransition::~NoTransition()
                0x000000000800047e                touchgfx::NoTransition::~NoTransition()
 .text._ZN8touchgfx12NoTransition15handleTickEventEv
                0x0000000008000480        0x6 build/ST/STM32469IDISCO/generated/gui_generated/src/common/FrontendApplicationBase.o
                0x0000000008000480                touchgfx::NoTransition::handleTickEvent()
 .text._ZN8touchgfx8CallbackI23FrontendApplicationBasevvvED2Ev
                0x0000000008000486        0x2 build/ST/STM32469IDISCO/generated/gui_generated/src/common/FrontendApplicationBase.o
                0x0000000008000486                touchgfx::Callback<FrontendApplicationBase, void, void, void>::~Callback()
                0x0000000008000486                touchgfx::Callback<FrontendApplicationBase, void, void, void>::~Callback()
 .text._ZN8touchgfx8CallbackI23FrontendApplicationBasevvvE7executeEv
                0x0000000008000488       0x20 build/ST/STM32469IDISCO/generated/gui_generated/src/common/FrontendApplicationBase.o
                0x0000000008000488                touchgfx::Callback<FrontendApplicationBase, void, void, void>::execute()
 .text._ZNK8touchgfx8CallbackI23FrontendApplicationBasevvvE7isValidEv
                0x00000000080004a8       0x18 build/ST/STM32469IDISCO/generated/gui_generated/src/common/FrontendApplicationBase.o
                0x00000000080004a8                touchgfx::Callback<FrontendApplicationBase, void, void, void>::isValid() const
 .text._ZN8touchgfx12NoTransitionD0Ev
                0x00000000080004c0        0xe build/ST/STM32469IDISCO/generated/gui_generated/src/common/FrontendApplicationBase.o
                0x00000000080004c0                touchgfx::NoTransition::~NoTransition()
 .text._ZN23FrontendApplicationBaseD0Ev
                0x00000000080004ce       0x10 build/ST/STM32469IDISCO/generated/gui_generated/src/common/FrontendApplicationBase.o
                0x00000000080004ce                FrontendApplicationBase::~FrontendApplicationBase()
 .text._ZN8touchgfx8CallbackI23FrontendApplicationBasevvvED0Ev
                0x00000000080004de        0xe build/ST/STM32469IDISCO/generated/gui_generated/src/common/FrontendApplicationBase.o
                0x00000000080004de                touchgfx::Callback<FrontendApplicationBase, void, void, void>::~Callback()
 .text._ZN23FrontendApplicationBaseC2ER5ModelR12FrontendHeap
                0x00000000080004ec       0x48 build/ST/STM32469IDISCO/generated/gui_generated/src/common/FrontendApplicationBase.o
                0x00000000080004ec                FrontendApplicationBase::FrontendApplicationBase(Model&, FrontendHeap&)
                0x00000000080004ec                FrontendApplicationBase::FrontendApplicationBase(Model&, FrontendHeap&)
 .text._ZN23FrontendApplicationBase29gotoScreen1ScreenNoTransitionEv
                0x0000000008000534       0x20 build/ST/STM32469IDISCO/generated/gui_generated/src/common/FrontendApplicationBase.o
                0x0000000008000534                FrontendApplicationBase::gotoScreen1ScreenNoTransition()
 .text._ZN8touchgfx14makeTransitionI11Screen1View16Screen1PresenterNS_12NoTransitionE5ModelEEPT0_PPNS_6ScreenEPPNS_9PresenterERNS_7MVPHeapEPPNS_10TransitionEPT2_
                0x0000000008000554      0x140 build/ST/STM32469IDISCO/generated/gui_generated/src/common/FrontendApplicationBase.o
                0x0000000008000554                Screen1Presenter* touchgfx::makeTransition<Screen1View, Screen1Presenter, touchgfx::NoTransition, Model>(touchgfx::Screen**, touchgfx::Presenter**, touchgfx::MVPHeap&, touchgfx::Transition**, Model*)
 .text._ZN23FrontendApplicationBase33gotoScreen1ScreenNoTransitionImplEv
                0x0000000008000694       0x28 build/ST/STM32469IDISCO/generated/gui_generated/src/common/FrontendApplicationBase.o
                0x0000000008000694                FrontendApplicationBase::gotoScreen1ScreenNoTransitionImpl()
 .text._ZN8touchgfx17InternalFlashFontD2Ev
                0x00000000080006bc        0x2 build/ST/STM32469IDISCO/generated/fonts/src/FontGetters.o
                0x00000000080006bc                touchgfx::InternalFlashFont::~InternalFlashFont()
                0x00000000080006bc                touchgfx::InternalFlashFont::~InternalFlashFont()
 *fill*         0x00000000080006be        0x2 00000000
 .text._Z23getFont_verdana_10_4bppv
                0x00000000080006c0       0x70 build/ST/STM32469IDISCO/generated/fonts/src/FontGetters.o
                0x00000000080006c0                getFont_verdana_10_4bpp()
 .text._Z23getFont_verdana_20_4bppv
                0x0000000008000730       0x70 build/ST/STM32469IDISCO/generated/fonts/src/FontGetters.o
                0x0000000008000730                getFont_verdana_20_4bpp()
 .text._Z23getFont_verdana_40_4bppv
                0x00000000080007a0       0x70 build/ST/STM32469IDISCO/generated/fonts/src/FontGetters.o
                0x00000000080007a0                getFont_verdana_40_4bpp()
 .text._ZN8touchgfx17InternalFlashFontD0Ev
                0x0000000008000810        0xe build/ST/STM32469IDISCO/generated/fonts/src/FontGetters.o
                0x0000000008000810                touchgfx::InternalFlashFont::~InternalFlashFont()
 .text._ZN23ApplicationFontProviderD2Ev
                0x000000000800081e        0x2 build/ST/STM32469IDISCO/generated/fonts/src/ApplicationFontProvider.o
                0x000000000800081e                ApplicationFontProvider::~ApplicationFontProvider()
                0x000000000800081e                ApplicationFontProvider::~ApplicationFontProvider()
 .text._ZN23ApplicationFontProvider7getFontEt
                0x0000000008000820       0x1a build/ST/STM32469IDISCO/generated/fonts/src/ApplicationFontProvider.o
                0x0000000008000820                ApplicationFontProvider::getFont(unsigned short)
 .text._ZN23ApplicationFontProviderD0Ev
                0x000000000800083a        0xe build/ST/STM32469IDISCO/generated/fonts/src/ApplicationFontProvider.o
                0x000000000800083a                ApplicationFontProvider::~ApplicationFontProvider()
 .text._ZN14BitmapDatabase11getInstanceEv
                0x0000000008000848        0x8 build/ST/STM32469IDISCO/generated/images/src/BitmapDatabase.o
                0x0000000008000848                BitmapDatabase::getInstance()
 .text._ZN14BitmapDatabase15getInstanceSizeEv
                0x0000000008000850        0x4 build/ST/STM32469IDISCO/generated/images/src/BitmapDatabase.o
                0x0000000008000850                BitmapDatabase::getInstanceSize()
 .text._ZN17TypedTextDatabase11getInstanceEt
                0x0000000008000854        0x8 build/ST/STM32469IDISCO/generated/texts/src/TypedTextDatabase.o
                0x0000000008000854                TypedTextDatabase::getInstance(unsigned short)
 .text._ZN17TypedTextDatabase15getInstanceSizeEv
                0x000000000800085c        0x4 build/ST/STM32469IDISCO/generated/texts/src/TypedTextDatabase.o
                0x000000000800085c                TypedTextDatabase::getInstanceSize()
 .text._ZN17TypedTextDatabase8getFontsEv
                0x0000000008000860        0x8 build/ST/STM32469IDISCO/generated/texts/src/TypedTextDatabase.o
                0x0000000008000860                TypedTextDatabase::getFonts()
 .text.startup._GLOBAL__sub_I__ZN17TypedTextDatabase11getInstanceEt
                0x0000000008000868       0x1c build/ST/STM32469IDISCO/generated/texts/src/TypedTextDatabase.o
 .text._ZN8touchgfx5Texts11setLanguageEt
                0x0000000008000884       0x40 build/ST/STM32469IDISCO/generated/texts/src/Texts.o
                0x0000000008000884                touchgfx::Texts::setLanguage(unsigned short)
 .text.startup._GLOBAL__sub_I__ZN8touchgfx4Font22getStringWidthFunctionE
                0x00000000080008c4        0xc build/ST/STM32469IDISCO/generated/texts/src/Texts.o
 .text._ZL12IdleTaskHookPv
                0x00000000080008d0       0x1c build/ST/STM32469IDISCO/target/os/FreeRTOS7.6.0/OSWrappers.o
 .text._ZN8touchgfx10OSWrappers10initializeEv
                0x00000000080008ec       0x34 build/ST/STM32469IDISCO/target/os/FreeRTOS7.6.0/OSWrappers.o
                0x00000000080008ec                touchgfx::OSWrappers::initialize()
 .text._ZN8touchgfx10OSWrappers24takeFrameBufferSemaphoreEv
                0x0000000008000920       0x14 build/ST/STM32469IDISCO/target/os/FreeRTOS7.6.0/OSWrappers.o
                0x0000000008000920                touchgfx::OSWrappers::takeFrameBufferSemaphore()
 .text._ZN8touchgfx10OSWrappers24giveFrameBufferSemaphoreEv
                0x0000000008000934       0x14 build/ST/STM32469IDISCO/target/os/FreeRTOS7.6.0/OSWrappers.o
                0x0000000008000934                touchgfx::OSWrappers::giveFrameBufferSemaphore()
 .text._ZN8touchgfx10OSWrappers27tryTakeFrameBufferSemaphoreEv
                0x0000000008000948       0x14 build/ST/STM32469IDISCO/target/os/FreeRTOS7.6.0/OSWrappers.o
                0x0000000008000948                touchgfx::OSWrappers::tryTakeFrameBufferSemaphore()
 .text._ZN8touchgfx10OSWrappers31giveFrameBufferSemaphoreFromISREv
                0x000000000800095c       0x30 build/ST/STM32469IDISCO/target/os/FreeRTOS7.6.0/OSWrappers.o
                0x000000000800095c                touchgfx::OSWrappers::giveFrameBufferSemaphoreFromISR()
 .text._ZN8touchgfx10OSWrappers11signalVSyncEv
                0x000000000800098c       0x34 build/ST/STM32469IDISCO/target/os/FreeRTOS7.6.0/OSWrappers.o
                0x000000000800098c                touchgfx::OSWrappers::signalVSync()
 .text._ZN8touchgfx10OSWrappers12waitForVSyncEv
                0x00000000080009c0       0x2c build/ST/STM32469IDISCO/target/os/FreeRTOS7.6.0/OSWrappers.o
                0x00000000080009c0                touchgfx::OSWrappers::waitForVSync()
 .text.vApplicationStackOverflowHook
                0x00000000080009ec        0x2 build/ST/STM32469IDISCO/target/os/FreeRTOS7.6.0/OSWrappers.o
                0x00000000080009ec                vApplicationStackOverflowHook
 .text.vApplicationMallocFailedHook
                0x00000000080009ee        0x2 build/ST/STM32469IDISCO/target/os/FreeRTOS7.6.0/OSWrappers.o
                0x00000000080009ee                vApplicationMallocFailedHook
 .text.vApplicationIdleHook
                0x00000000080009f0        0xc build/ST/STM32469IDISCO/target/os/FreeRTOS7.6.0/OSWrappers.o
                0x00000000080009f0                vApplicationIdleHook
 .text.__cxa_atexit
                0x00000000080009fc        0x2 build/ST/STM32469IDISCO/target/gcc/gccstubs.o
                0x00000000080009fc                __cxa_atexit
 .text.__cxa_guard_acquire
                0x00000000080009fe        0x2 build/ST/STM32469IDISCO/target/gcc/gccstubs.o
                0x00000000080009fe                __cxa_guard_acquire
 .text.__cxa_guard_release
                0x0000000008000a00        0x2 build/ST/STM32469IDISCO/target/gcc/gccstubs.o
                0x0000000008000a00                __cxa_guard_release
 .text.__cxa_pure_virtual
                0x0000000008000a02        0x2 build/ST/STM32469IDISCO/target/gcc/gccstubs.o
                0x0000000008000a02                __cxa_pure_virtual
 .text._sbrk    0x0000000008000a04       0x2c build/ST/STM32469IDISCO/target/gcc/gccstubs.o
                0x0000000008000a04                _sbrk
 .text.__assert_func
                0x0000000008000a30        0x2 build/ST/STM32469IDISCO/target/gcc/gccstubs.o
                0x0000000008000a30                __assert_func
 *fill*         0x0000000008000a32        0x2 00000000
 .text._ZL7GUITaskPv
                0x0000000008000a34       0x10 build/ST/STM32469IDISCO/target/main.o
 .text.startup.main
                0x0000000008000a44       0x30 build/ST/STM32469IDISCO/target/main.o
                0x0000000008000a44                main
 .text._ZN22OTM8009TouchControllerD2Ev
                0x0000000008000a74        0x2 build/ST/STM32469IDISCO/target/bsp/source/bsp/OTM8009TouchController.o
                0x0000000008000a74                OTM8009TouchController::~OTM8009TouchController()
                0x0000000008000a74                OTM8009TouchController::~OTM8009TouchController()
 .text._ZN22OTM8009TouchController4initEv
                0x0000000008000a76       0x1e build/ST/STM32469IDISCO/target/bsp/source/bsp/OTM8009TouchController.o
                0x0000000008000a76                OTM8009TouchController::init()
 .text._ZN22OTM8009TouchControllerD0Ev
                0x0000000008000a94        0xe build/ST/STM32469IDISCO/target/bsp/source/bsp/OTM8009TouchController.o
                0x0000000008000a94                OTM8009TouchController::~OTM8009TouchController()
 .text._ZN22OTM8009TouchController11sampleTouchERlS0_
                0x0000000008000aa2       0x2c build/ST/STM32469IDISCO/target/bsp/source/bsp/OTM8009TouchController.o
                0x0000000008000aa2                OTM8009TouchController::sampleTouch(long&, long&)
 .text._ZN8touchgfx13DMA_Interface5flushEv
                0x0000000008000ace        0x6 build/ST/STM32469IDISCO/target/bsp/source/platform/hal/mcu/stm32f4cube/STM32F4DMA.o
                0x0000000008000ace                touchgfx::DMA_Interface::flush()
 .text._ZN10STM32F4DMA18signalDMAInterruptEv
                0x0000000008000ad4        0x6 build/ST/STM32469IDISCO/target/bsp/source/platform/hal/mcu/stm32f4cube/STM32F4DMA.o
                0x0000000008000ad4                STM32F4DMA::signalDMAInterrupt()
 .text._ZN10STM32F4DMA11enableAlphaEh
                0x0000000008000ada        0x2 build/ST/STM32469IDISCO/target/bsp/source/platform/hal/mcu/stm32f4cube/STM32F4DMA.o
                0x0000000008000ada                STM32F4DMA::enableAlpha(unsigned char)
 .text._ZN10STM32F4DMAD2Ev
                0x0000000008000adc        0x2 build/ST/STM32469IDISCO/target/bsp/source/platform/hal/mcu/stm32f4cube/STM32F4DMA.o
                0x0000000008000adc                STM32F4DMA::~STM32F4DMA()
                0x0000000008000adc                STM32F4DMA::~STM32F4DMA()
 *fill*         0x0000000008000ade        0x2 00000000
 .text._ZN10STM32F4DMA10initializeEv
                0x0000000008000ae0       0x18 build/ST/STM32469IDISCO/target/bsp/source/platform/hal/mcu/stm32f4cube/STM32F4DMA.o
                0x0000000008000ae0                STM32F4DMA::initialize()
 .text._ZN10STM32F4DMA11getBlitCapsEv
                0x0000000008000af8       0x14 build/ST/STM32469IDISCO/target/bsp/source/platform/hal/mcu/stm32f4cube/STM32F4DMA.o
                0x0000000008000af8                STM32F4DMA::getBlitCaps()
 .text._ZN10STM32F4DMA18setupFillWithAlphaERKN8touchgfx6BlitOpE
                0x0000000008000b0c      0x11c build/ST/STM32469IDISCO/target/bsp/source/platform/hal/mcu/stm32f4cube/STM32F4DMA.o
                0x0000000008000b0c                STM32F4DMA::setupFillWithAlpha(touchgfx::BlitOp const&)
 .text._ZN10STM32F4DMAD0Ev
                0x0000000008000c28       0x10 build/ST/STM32469IDISCO/target/bsp/source/platform/hal/mcu/stm32f4cube/STM32F4DMA.o
                0x0000000008000c28                STM32F4DMA::~STM32F4DMA()
 .text._ZN10STM32F4DMA13setupDataCopyERKN8touchgfx6BlitOpE
                0x0000000008000c38      0x1a8 build/ST/STM32469IDISCO/target/bsp/source/platform/hal/mcu/stm32f4cube/STM32F4DMA.o
                0x0000000008000c38                STM32F4DMA::setupDataCopy(touchgfx::BlitOp const&)
 .text._ZN10STM32F4DMA13setupDataFillERKN8touchgfx6BlitOpE
                0x0000000008000de0       0xf0 build/ST/STM32469IDISCO/target/bsp/source/platform/hal/mcu/stm32f4cube/STM32F4DMA.o
                0x0000000008000de0                STM32F4DMA::setupDataFill(touchgfx::BlitOp const&)
 .text._ZN10STM32F4DMAC2Ev
                0x0000000008000ed0       0x4c build/ST/STM32469IDISCO/target/bsp/source/platform/hal/mcu/stm32f4cube/STM32F4DMA.o
                0x0000000008000ed0                STM32F4DMA::STM32F4DMA()
                0x0000000008000ed0                STM32F4DMA::STM32F4DMA()
 .text._ZN8touchgfx3HAL21setDisplayOrientationENS_18DisplayOrientationE
                0x0000000008000f1c        0xc build/ST/STM32469IDISCO/target/bsp/source/platform/hal/mcu/stm32f4cube/STM32F4HAL_DSI.o
                0x0000000008000f1c                touchgfx::HAL::setDisplayOrientation(touchgfx::DisplayOrientation)
 .text._ZN8touchgfx3HAL11getBlitCapsEv
                0x0000000008000f28        0x8 build/ST/STM32469IDISCO/target/bsp/source/platform/hal/mcu/stm32f4cube/STM32F4HAL_DSI.o
                0x0000000008000f28                touchgfx::HAL::getBlitCaps()
 .text._ZN8touchgfx3HAL9sampleKeyERh
                0x0000000008000f30        0x4 build/ST/STM32469IDISCO/target/bsp/source/platform/hal/mcu/stm32f4cube/STM32F4HAL_DSI.o
                0x0000000008000f30                touchgfx::HAL::sampleKey(unsigned char&)
 .text._ZN8touchgfx3HAL9taskDelayEt
                0x0000000008000f34        0xa build/ST/STM32469IDISCO/target/bsp/source/platform/hal/mcu/stm32f4cube/STM32F4HAL_DSI.o
                0x0000000008000f34                touchgfx::HAL::taskDelay(unsigned short)
 .text._ZN8touchgfx3HAL17getTFTCurrentLineEv
                0x0000000008000f3e        0x6 build/ST/STM32469IDISCO/target/bsp/source/platform/hal/mcu/stm32f4cube/STM32F4HAL_DSI.o
                0x0000000008000f3e                touchgfx::HAL::getTFTCurrentLine()
 .text._ZNK14STM32F4HAL_DSI17getTFTFrameBufferEv
                0x0000000008000f44        0xc build/ST/STM32469IDISCO/target/bsp/source/platform/hal/mcu/stm32f4cube/STM32F4HAL_DSI.o
                0x0000000008000f44                STM32F4HAL_DSI::getTFTFrameBuffer() const
 .text._ZN14STM32F4HAL_DSI19configureInterruptsEv
                0x0000000008000f50       0x14 build/ST/STM32469IDISCO/target/bsp/source/platform/hal/mcu/stm32f4cube/STM32F4HAL_DSI.o
                0x0000000008000f50                STM32F4HAL_DSI::configureInterrupts()
 .text._ZN14STM32F4HAL_DSI17disableInterruptsEv
                0x0000000008000f64       0x18 build/ST/STM32469IDISCO/target/bsp/source/platform/hal/mcu/stm32f4cube/STM32F4HAL_DSI.o
                0x0000000008000f64                STM32F4HAL_DSI::disableInterrupts()
 .text._ZN14STM32F4HAL_DSI16enableInterruptsEv
                0x0000000008000f7c       0x14 build/ST/STM32469IDISCO/target/bsp/source/platform/hal/mcu/stm32f4cube/STM32F4HAL_DSI.o
                0x0000000008000f7c                STM32F4HAL_DSI::enableInterrupts()
 .text._ZN14STM32F4HAL_DSID2Ev
                0x0000000008000f90        0x2 build/ST/STM32469IDISCO/target/bsp/source/platform/hal/mcu/stm32f4cube/STM32F4HAL_DSI.o
                0x0000000008000f90                STM32F4HAL_DSI::~STM32F4HAL_DSI()
                0x0000000008000f90                STM32F4HAL_DSI::~STM32F4HAL_DSI()
 *fill*         0x0000000008000f92        0x2 00000000
 .text._ZN8touchgfx3HAL28setFrameBufferStartAddressesEPvS1_S1_
                0x0000000008000f94       0x44 build/ST/STM32469IDISCO/target/bsp/source/platform/hal/mcu/stm32f4cube/STM32F4HAL_DSI.o
                0x0000000008000f94                touchgfx::HAL::setFrameBufferStartAddresses(void*, void*, void*)
 .text._ZN14STM32F4HAL_DSI28enableLCDControllerInterruptEv
                0x0000000008000fd8       0x34 build/ST/STM32469IDISCO/target/bsp/source/platform/hal/mcu/stm32f4cube/STM32F4HAL_DSI.o
                0x0000000008000fd8                STM32F4HAL_DSI::enableLCDControllerInterrupt()
 .text._ZN14STM32F4HAL_DSI10beginFrameEv
                0x000000000800100c       0x10 build/ST/STM32469IDISCO/target/bsp/source/platform/hal/mcu/stm32f4cube/STM32F4HAL_DSI.o
                0x000000000800100c                STM32F4HAL_DSI::beginFrame()
 .text._ZN14STM32F4HAL_DSI8endFrameEv
                0x000000000800101c       0x1c build/ST/STM32469IDISCO/target/bsp/source/platform/hal/mcu/stm32f4cube/STM32F4HAL_DSI.o
                0x000000000800101c                STM32F4HAL_DSI::endFrame()
 .text._ZN8touchgfx3HAL15backPorchExitedEv
                0x0000000008001038       0x16 build/ST/STM32469IDISCO/target/bsp/source/platform/hal/mcu/stm32f4cube/STM32F4HAL_DSI.o
                0x0000000008001038                touchgfx::HAL::backPorchExited()
 .text._ZN14STM32F4HAL_DSID0Ev
                0x000000000800104e        0xe build/ST/STM32469IDISCO/target/bsp/source/platform/hal/mcu/stm32f4cube/STM32F4HAL_DSI.o
                0x000000000800104e                STM32F4HAL_DSI::~STM32F4HAL_DSI()
 .text._ZN8touchgfx3HAL31performDisplayOrientationChangeEv
                0x000000000800105c       0x60 build/ST/STM32469IDISCO/target/bsp/source/platform/hal/mcu/stm32f4cube/STM32F4HAL_DSI.o
                0x000000000800105c                touchgfx::HAL::performDisplayOrientationChange()
 .text._ZN14STM32F4HAL_DSI17setTFTFrameBufferEPt
                0x00000000080010bc       0x4c build/ST/STM32469IDISCO/target/bsp/source/platform/hal/mcu/stm32f4cube/STM32F4HAL_DSI.o
                0x00000000080010bc                STM32F4HAL_DSI::setTFTFrameBuffer(unsigned short*)
 .text._ZN14STM32F4HAL_DSI26setFrameBufferStartAddressEPvtbb
                0x0000000008001108       0x9c build/ST/STM32469IDISCO/target/bsp/source/platform/hal/mcu/stm32f4cube/STM32F4HAL_DSI.o
                0x0000000008001108                STM32F4HAL_DSI::setFrameBufferStartAddress(void*, unsigned short, bool, bool)
 .text._ZN8touchgfx3HAL17frontPorchEnteredEv
                0x00000000080011a4        0x6 build/ST/STM32469IDISCO/target/bsp/source/platform/hal/mcu/stm32f4cube/STM32F4HAL_DSI.o
                0x00000000080011a4                touchgfx::HAL::frontPorchEntered()
 *fill*         0x00000000080011aa        0x2 00000000
 .text.DSI_IRQHandler
                0x00000000080011ac      0x188 build/ST/STM32469IDISCO/target/bsp/source/platform/hal/mcu/stm32f4cube/STM32F4HAL_DSI.o
                0x00000000080011ac                DSI_IRQHandler
 .text.DMA2D_IRQHandler
                0x0000000008001334       0x24 build/ST/STM32469IDISCO/target/bsp/source/platform/hal/mcu/stm32f4cube/STM32F4HAL_DSI.o
                0x0000000008001334                DMA2D_IRQHandler
 .text._ZN8touchgfx18MCUInstrumentation13getCCConsumedEv
                0x0000000008001358        0x4 build/ST/STM32469IDISCO/target/bsp/source/platform/cortex-m/CortexMMCUInstrumentation.o
                0x0000000008001358                touchgfx::MCUInstrumentation::getCCConsumed()
 .text._ZN8touchgfx18MCUInstrumentation13setCCConsumedEm
                0x000000000800135c        0x4 build/ST/STM32469IDISCO/target/bsp/source/platform/cortex-m/CortexMMCUInstrumentation.o
                0x000000000800135c                touchgfx::MCUInstrumentation::setCCConsumed(unsigned long)
 .text._ZN8touchgfx25CortexMMCUInstrumentation4initEv
                0x0000000008001360       0x20 build/ST/STM32469IDISCO/target/bsp/source/platform/cortex-m/CortexMMCUInstrumentation.o
                0x0000000008001360                touchgfx::CortexMMCUInstrumentation::init()
 .text._ZN8touchgfx25CortexMMCUInstrumentation12getElapsedUSEjjj
                0x0000000008001380        0xc build/ST/STM32469IDISCO/target/bsp/source/platform/cortex-m/CortexMMCUInstrumentation.o
                0x0000000008001380                touchgfx::CortexMMCUInstrumentation::getElapsedUS(unsigned int, unsigned int, unsigned int)
 .text._ZN8touchgfx25CortexMMCUInstrumentation12getCPUCyclesEv
                0x000000000800138c        0xc build/ST/STM32469IDISCO/target/bsp/source/platform/cortex-m/CortexMMCUInstrumentation.o
                0x000000000800138c                touchgfx::CortexMMCUInstrumentation::getCPUCycles()
 .text._ZN8touchgfx25CortexMMCUInstrumentationD2Ev
                0x0000000008001398        0x2 build/ST/STM32469IDISCO/target/bsp/source/platform/cortex-m/CortexMMCUInstrumentation.o
                0x0000000008001398                touchgfx::CortexMMCUInstrumentation::~CortexMMCUInstrumentation()
                0x0000000008001398                touchgfx::CortexMMCUInstrumentation::~CortexMMCUInstrumentation()
 .text._ZN8touchgfx25CortexMMCUInstrumentationD0Ev
                0x000000000800139a        0xe build/ST/STM32469IDISCO/target/bsp/source/platform/cortex-m/CortexMMCUInstrumentation.o
                0x000000000800139a                touchgfx::CortexMMCUInstrumentation::~CortexMMCUInstrumentation()
 .text._ZN8touchgfx25CortexMMCUInstrumentation12setMCUActiveEb
                0x00000000080013a8       0x1e build/ST/STM32469IDISCO/target/bsp/source/platform/cortex-m/CortexMMCUInstrumentation.o
                0x00000000080013a8                touchgfx::CortexMMCUInstrumentation::setMCUActive(bool)
 .text._ZN8touchgfx16ButtonController5resetEv
                0x00000000080013c6        0x2 build/ST/STM32469IDISCO/target/bsp/source/bsp/KeySampler.o
                0x00000000080013c6                touchgfx::ButtonController::reset()
 .text._ZN8touchgfx10KeySamplerD2Ev
                0x00000000080013c8        0x2 build/ST/STM32469IDISCO/target/bsp/source/bsp/KeySampler.o
                0x00000000080013c8                touchgfx::KeySampler::~KeySampler()
                0x00000000080013c8                touchgfx::KeySampler::~KeySampler()
 *fill*         0x00000000080013ca        0x2 00000000
 .text._ZN8touchgfx10KeySampler4initEv
                0x00000000080013cc       0x14 build/ST/STM32469IDISCO/target/bsp/source/bsp/KeySampler.o
                0x00000000080013cc                touchgfx::KeySampler::init()
 .text._ZN8touchgfx10KeySampler6sampleERh
                0x00000000080013e0       0x3c build/ST/STM32469IDISCO/target/bsp/source/bsp/KeySampler.o
                0x00000000080013e0                touchgfx::KeySampler::sample(unsigned char&)
 .text._ZN8touchgfx10KeySamplerD0Ev
                0x000000000800141c        0xe build/ST/STM32469IDISCO/target/bsp/source/bsp/KeySampler.o
                0x000000000800141c                touchgfx::KeySampler::~KeySampler()
 .text._ZN8touchgfx7Buttons4initEv
                0x000000000800142a        0x8 build/ST/STM32469IDISCO/target/bsp/source/bsp/Buttons.o
                0x000000000800142a                touchgfx::Buttons::init()
 .text._ZN8touchgfx7Buttons6sampleEv
                0x0000000008001432        0x6 build/ST/STM32469IDISCO/target/bsp/source/bsp/Buttons.o
                0x0000000008001432                touchgfx::Buttons::sample()
 .text._ZN8touchgfx8LCD24bppD2Ev
                0x0000000008001438        0x2 build/ST/STM32469IDISCO/target/bsp/source/BoardConfiguration.o
                0x0000000008001438                touchgfx::LCD24bpp::~LCD24bpp()
                0x0000000008001438                touchgfx::LCD24bpp::~LCD24bpp()
 .text._ZNK8touchgfx9PartitionINS_4meta8TypeListINS_12NoTransitionENS2_INS1_3NilES4_EEEELt1EE8capacityEv
                0x000000000800143a        0x4 build/ST/STM32469IDISCO/target/bsp/source/BoardConfiguration.o
                0x000000000800143a                touchgfx::Partition<touchgfx::meta::TypeList<touchgfx::NoTransition, touchgfx::meta::TypeList<touchgfx::meta::Nil, touchgfx::meta::Nil> >, (unsigned short)1>::capacity() const
 .text._ZN8touchgfx9PartitionINS_4meta8TypeListINS_12NoTransitionENS2_INS1_3NilES4_EEEELt1EE12element_sizeEv
                0x000000000800143e        0x4 build/ST/STM32469IDISCO/target/bsp/source/BoardConfiguration.o
                0x000000000800143e                touchgfx::Partition<touchgfx::meta::TypeList<touchgfx::NoTransition, touchgfx::meta::TypeList<touchgfx::meta::Nil, touchgfx::meta::Nil> >, (unsigned short)1>::element_size()
 .text._ZN8touchgfx9PartitionINS_4meta8TypeListINS_12NoTransitionENS2_INS1_3NilES4_EEEELt1EE7elementEt
                0x0000000008001442        0xa build/ST/STM32469IDISCO/target/bsp/source/BoardConfiguration.o
                0x0000000008001442                touchgfx::Partition<touchgfx::meta::TypeList<touchgfx::NoTransition, touchgfx::meta::TypeList<touchgfx::meta::Nil, touchgfx::meta::Nil> >, (unsigned short)1>::element(unsigned short)
 .text._ZNK8touchgfx9PartitionINS_4meta8TypeListINS_12NoTransitionENS2_INS1_3NilES4_EEEELt1EE7elementEt
                0x000000000800144c        0xa build/ST/STM32469IDISCO/target/bsp/source/BoardConfiguration.o
                0x000000000800144c                touchgfx::Partition<touchgfx::meta::TypeList<touchgfx::NoTransition, touchgfx::meta::TypeList<touchgfx::meta::Nil, touchgfx::meta::Nil> >, (unsigned short)1>::element(unsigned short) const
 .text._ZNK8touchgfx9PartitionINS_4meta8TypeListI11Screen1ViewNS2_INS1_3NilES4_EEEELt1EE8capacityEv
                0x0000000008001456        0x4 build/ST/STM32469IDISCO/target/bsp/source/BoardConfiguration.o
                0x0000000008001456                touchgfx::Partition<touchgfx::meta::TypeList<Screen1View, touchgfx::meta::TypeList<touchgfx::meta::Nil, touchgfx::meta::Nil> >, (unsigned short)1>::capacity() const
 .text._ZN8touchgfx9PartitionINS_4meta8TypeListI11Screen1ViewNS2_INS1_3NilES4_EEEELt1EE12element_sizeEv
                0x000000000800145a        0x4 build/ST/STM32469IDISCO/target/bsp/source/BoardConfiguration.o
                0x000000000800145a                touchgfx::Partition<touchgfx::meta::TypeList<Screen1View, touchgfx::meta::TypeList<touchgfx::meta::Nil, touchgfx::meta::Nil> >, (unsigned short)1>::element_size()
 .text._ZN8touchgfx9PartitionINS_4meta8TypeListI11Screen1ViewNS2_INS1_3NilES4_EEEELt1EE7elementEt
                0x000000000800145e        0xa build/ST/STM32469IDISCO/target/bsp/source/BoardConfiguration.o
                0x000000000800145e                touchgfx::Partition<touchgfx::meta::TypeList<Screen1View, touchgfx::meta::TypeList<touchgfx::meta::Nil, touchgfx::meta::Nil> >, (unsigned short)1>::element(unsigned short)
 .text._ZNK8touchgfx9PartitionINS_4meta8TypeListI11Screen1ViewNS2_INS1_3NilES4_EEEELt1EE7elementEt
                0x0000000008001468        0xa build/ST/STM32469IDISCO/target/bsp/source/BoardConfiguration.o
                0x0000000008001468                touchgfx::Partition<touchgfx::meta::TypeList<Screen1View, touchgfx::meta::TypeList<touchgfx::meta::Nil, touchgfx::meta::Nil> >, (unsigned short)1>::element(unsigned short) const
 .text._ZNK8touchgfx9PartitionINS_4meta8TypeListI16Screen1PresenterNS2_INS1_3NilES4_EEEELt1EE8capacityEv
                0x0000000008001472        0x4 build/ST/STM32469IDISCO/target/bsp/source/BoardConfiguration.o
                0x0000000008001472                touchgfx::Partition<touchgfx::meta::TypeList<Screen1Presenter, touchgfx::meta::TypeList<touchgfx::meta::Nil, touchgfx::meta::Nil> >, (unsigned short)1>::capacity() const
 .text._ZN8touchgfx9PartitionINS_4meta8TypeListI16Screen1PresenterNS2_INS1_3NilES4_EEEELt1EE12element_sizeEv
                0x0000000008001476        0x4 build/ST/STM32469IDISCO/target/bsp/source/BoardConfiguration.o
                0x0000000008001476                touchgfx::Partition<touchgfx::meta::TypeList<Screen1Presenter, touchgfx::meta::TypeList<touchgfx::meta::Nil, touchgfx::meta::Nil> >, (unsigned short)1>::element_size()
 .text._ZN8touchgfx9PartitionINS_4meta8TypeListI16Screen1PresenterNS2_INS1_3NilES4_EEEELt1EE7elementEt
                0x000000000800147a        0x8 build/ST/STM32469IDISCO/target/bsp/source/BoardConfiguration.o
                0x000000000800147a                touchgfx::Partition<touchgfx::meta::TypeList<Screen1Presenter, touchgfx::meta::TypeList<touchgfx::meta::Nil, touchgfx::meta::Nil> >, (unsigned short)1>::element(unsigned short)
 .text._ZNK8touchgfx9PartitionINS_4meta8TypeListI16Screen1PresenterNS2_INS1_3NilES4_EEEELt1EE7elementEt
                0x0000000008001482        0x8 build/ST/STM32469IDISCO/target/bsp/source/BoardConfiguration.o
                0x0000000008001482                touchgfx::Partition<touchgfx::meta::TypeList<Screen1Presenter, touchgfx::meta::TypeList<touchgfx::meta::Nil, touchgfx::meta::Nil> >, (unsigned short)1>::element(unsigned short) const
 .text._ZN16FrontendHeapBase15gotoStartScreenER19FrontendApplication
                0x000000000800148a        0x6 build/ST/STM32469IDISCO/target/bsp/source/BoardConfiguration.o
                0x000000000800148a                FrontendHeapBase::gotoStartScreen(FrontendApplication&)
 .text._ZN8touchgfx9PartitionINS_4meta8TypeListINS_12NoTransitionENS2_INS1_3NilES4_EEEELt1EED2Ev
                0x0000000008001490       0x14 build/ST/STM32469IDISCO/target/bsp/source/BoardConfiguration.o
                0x0000000008001490                touchgfx::Partition<touchgfx::meta::TypeList<touchgfx::NoTransition, touchgfx::meta::TypeList<touchgfx::meta::Nil, touchgfx::meta::Nil> >, (unsigned short)1>::~Partition()
                0x0000000008001490                touchgfx::Partition<touchgfx::meta::TypeList<touchgfx::NoTransition, touchgfx::meta::TypeList<touchgfx::meta::Nil, touchgfx::meta::Nil> >, (unsigned short)1>::~Partition()
 .text._ZN8touchgfx9PartitionINS_4meta8TypeListINS_12NoTransitionENS2_INS1_3NilES4_EEEELt1EED0Ev
                0x00000000080014a4       0x14 build/ST/STM32469IDISCO/target/bsp/source/BoardConfiguration.o
                0x00000000080014a4                touchgfx::Partition<touchgfx::meta::TypeList<touchgfx::NoTransition, touchgfx::meta::TypeList<touchgfx::meta::Nil, touchgfx::meta::Nil> >, (unsigned short)1>::~Partition()
 .text._ZN8touchgfx9PartitionINS_4meta8TypeListI11Screen1ViewNS2_INS1_3NilES4_EEEELt1EED2Ev
                0x00000000080014b8       0x14 build/ST/STM32469IDISCO/target/bsp/source/BoardConfiguration.o
                0x00000000080014b8                touchgfx::Partition<touchgfx::meta::TypeList<Screen1View, touchgfx::meta::TypeList<touchgfx::meta::Nil, touchgfx::meta::Nil> >, (unsigned short)1>::~Partition()
                0x00000000080014b8                touchgfx::Partition<touchgfx::meta::TypeList<Screen1View, touchgfx::meta::TypeList<touchgfx::meta::Nil, touchgfx::meta::Nil> >, (unsigned short)1>::~Partition()
 .text._ZN8touchgfx9PartitionINS_4meta8TypeListI11Screen1ViewNS2_INS1_3NilES4_EEEELt1EED0Ev
                0x00000000080014cc       0x14 build/ST/STM32469IDISCO/target/bsp/source/BoardConfiguration.o
                0x00000000080014cc                touchgfx::Partition<touchgfx::meta::TypeList<Screen1View, touchgfx::meta::TypeList<touchgfx::meta::Nil, touchgfx::meta::Nil> >, (unsigned short)1>::~Partition()
 .text._ZN8touchgfx9PartitionINS_4meta8TypeListI16Screen1PresenterNS2_INS1_3NilES4_EEEELt1EED2Ev
                0x00000000080014e0       0x14 build/ST/STM32469IDISCO/target/bsp/source/BoardConfiguration.o
                0x00000000080014e0                touchgfx::Partition<touchgfx::meta::TypeList<Screen1Presenter, touchgfx::meta::TypeList<touchgfx::meta::Nil, touchgfx::meta::Nil> >, (unsigned short)1>::~Partition()
                0x00000000080014e0                touchgfx::Partition<touchgfx::meta::TypeList<Screen1Presenter, touchgfx::meta::TypeList<touchgfx::meta::Nil, touchgfx::meta::Nil> >, (unsigned short)1>::~Partition()
 .text._ZN8touchgfx9PartitionINS_4meta8TypeListI16Screen1PresenterNS2_INS1_3NilES4_EEEELt1EED0Ev
                0x00000000080014f4       0x14 build/ST/STM32469IDISCO/target/bsp/source/BoardConfiguration.o
                0x00000000080014f4                touchgfx::Partition<touchgfx::meta::TypeList<Screen1Presenter, touchgfx::meta::TypeList<touchgfx::meta::Nil, touchgfx::meta::Nil> >, (unsigned short)1>::~Partition()
 .text._ZN12FrontendHeapD2Ev
                0x0000000008001508       0x28 build/ST/STM32469IDISCO/target/bsp/source/BoardConfiguration.o
                0x0000000008001508                FrontendHeap::~FrontendHeap()
                0x0000000008001508                FrontendHeap::~FrontendHeap()
 .text._ZN12FrontendHeapD0Ev
                0x0000000008001530       0x16 build/ST/STM32469IDISCO/target/bsp/source/BoardConfiguration.o
                0x0000000008001530                FrontendHeap::~FrontendHeap()
 .text._ZN8touchgfx8LCD24bppD0Ev
                0x0000000008001546        0xe build/ST/STM32469IDISCO/target/bsp/source/BoardConfiguration.o
                0x0000000008001546                touchgfx::LCD24bpp::~LCD24bpp()
 .text.SysTick_Handler
                0x0000000008001554       0x1c build/ST/STM32469IDISCO/target/bsp/source/BoardConfiguration.o
                0x0000000008001554                SysTick_Handler
 .text._ZN8touchgfx7hw_initEv
                0x0000000008001570      0x2e8 build/ST/STM32469IDISCO/target/bsp/source/BoardConfiguration.o
                0x0000000008001570                touchgfx::hw_init()
 .text.LCD_ReqTear
                0x0000000008001858       0x38 build/ST/STM32469IDISCO/target/bsp/source/BoardConfiguration.o
                0x0000000008001858                LCD_ReqTear
 .text.LCD_SetUpdateRegion
                0x0000000008001890       0x28 build/ST/STM32469IDISCO/target/bsp/source/BoardConfiguration.o
                0x0000000008001890                LCD_SetUpdateRegion
 .text.LCD_SetUpdateRegionLeft
                0x00000000080018b8       0x24 build/ST/STM32469IDISCO/target/bsp/source/BoardConfiguration.o
                0x00000000080018b8                LCD_SetUpdateRegionLeft
 .text.LCD_SetUpdateRegionRight
                0x00000000080018dc       0x24 build/ST/STM32469IDISCO/target/bsp/source/BoardConfiguration.o
                0x00000000080018dc                LCD_SetUpdateRegionRight
 .text._ZN8touchgfx21touchgfx_generic_initI14STM32F4HAL_DSIEERNS_3HALERNS_13DMA_InterfaceERNS_3LCDERNS_15TouchControllerEssPtmm
                0x0000000008001900      0x1cc build/ST/STM32469IDISCO/target/bsp/source/BoardConfiguration.o
                0x0000000008001900                touchgfx::HAL& touchgfx::touchgfx_generic_init<STM32F4HAL_DSI>(touchgfx::DMA_Interface&, touchgfx::LCD&, touchgfx::TouchController&, short, short, unsigned short*, unsigned long, unsigned long)
 .text._ZN8touchgfx13touchgfx_initEv
                0x0000000008001acc       0x80 build/ST/STM32469IDISCO/target/bsp/source/BoardConfiguration.o
                0x0000000008001acc                touchgfx::touchgfx_init()
 .text.startup._GLOBAL__sub_I_os_inited
                0x0000000008001b4c       0xa8 build/ST/STM32469IDISCO/target/bsp/source/BoardConfiguration.o
 .text._ZN8touchgfx4GPIO3setENS0_7GPIO_IDE
                0x0000000008001bf4       0x20 build/ST/STM32469IDISCO/target/bsp/source/GPIO.o
                0x0000000008001bf4                touchgfx::GPIO::set(touchgfx::GPIO::GPIO_ID)
 .text._ZN8touchgfx4GPIO5clearENS0_7GPIO_IDE
                0x0000000008001c14       0x20 build/ST/STM32469IDISCO/target/bsp/source/GPIO.o
                0x0000000008001c14                touchgfx::GPIO::clear(touchgfx::GPIO::GPIO_ID)
 .text._ZN8touchgfx4GPIO4initEv
                0x0000000008001c34       0x36 build/ST/STM32469IDISCO/target/bsp/source/GPIO.o
                0x0000000008001c34                touchgfx::GPIO::init()
 *fill*         0x0000000008001c6a        0x2 00000000
 .text._ZN8touchgfx4GPIO6toggleENS0_7GPIO_IDE
                0x0000000008001c6c       0x14 build/ST/STM32469IDISCO/target/bsp/source/GPIO.o
                0x0000000008001c6c                touchgfx::GPIO::toggle(touchgfx::GPIO::GPIO_ID)
 .text.vListInitialise
                0x0000000008001c80       0x16 build/ST/STM32469IDISCO/target/os/FreeRTOS7.6.0/Source/list.o
                0x0000000008001c80                vListInitialise
 .text.vListInitialiseItem
                0x0000000008001c96        0x6 build/ST/STM32469IDISCO/target/os/FreeRTOS7.6.0/Source/list.o
                0x0000000008001c96                vListInitialiseItem
 .text.vListInsertEnd
                0x0000000008001c9c       0x18 build/ST/STM32469IDISCO/target/os/FreeRTOS7.6.0/Source/list.o
                0x0000000008001c9c                vListInsertEnd
 .text.vListInsert
                0x0000000008001cb4       0x2e build/ST/STM32469IDISCO/target/os/FreeRTOS7.6.0/Source/list.o
                0x0000000008001cb4                vListInsert
 .text.uxListRemove
                0x0000000008001ce2       0x24 build/ST/STM32469IDISCO/target/os/FreeRTOS7.6.0/Source/list.o
                0x0000000008001ce2                uxListRemove
 .text.prvCopyDataToQueue
                0x0000000008001d06       0x68 build/ST/STM32469IDISCO/target/os/FreeRTOS7.6.0/Source/queue.o
 .text.prvCopyDataFromQueue
                0x0000000008001d6e       0x26 build/ST/STM32469IDISCO/target/os/FreeRTOS7.6.0/Source/queue.o
 .text.prvUnlockQueue
                0x0000000008001d94       0x6c build/ST/STM32469IDISCO/target/os/FreeRTOS7.6.0/Source/queue.o
 .text.xQueueGenericReset
                0x0000000008001e00       0x62 build/ST/STM32469IDISCO/target/os/FreeRTOS7.6.0/Source/queue.o
                0x0000000008001e00                xQueueGenericReset
 .text.xQueueGenericCreate
                0x0000000008001e62       0x42 build/ST/STM32469IDISCO/target/os/FreeRTOS7.6.0/Source/queue.o
                0x0000000008001e62                xQueueGenericCreate
 .text.xQueueGenericSend
                0x0000000008001ea4      0x100 build/ST/STM32469IDISCO/target/os/FreeRTOS7.6.0/Source/queue.o
                0x0000000008001ea4                xQueueGenericSend
 .text.xQueueGenericSendFromISR
                0x0000000008001fa4       0x8a build/ST/STM32469IDISCO/target/os/FreeRTOS7.6.0/Source/queue.o
                0x0000000008001fa4                xQueueGenericSendFromISR
 .text.xQueueGenericReceive
                0x000000000800202e      0x128 build/ST/STM32469IDISCO/target/os/FreeRTOS7.6.0/Source/queue.o
                0x000000000800202e                xQueueGenericReceive
 *fill*         0x0000000008002156        0x2 00000000
 .text.prvAddCurrentTaskToDelayedList
                0x0000000008002158       0x50 build/ST/STM32469IDISCO/target/os/FreeRTOS7.6.0/Source/tasks.o
 .text.xTaskGenericCreate
                0x00000000080021a8      0x1cc build/ST/STM32469IDISCO/target/os/FreeRTOS7.6.0/Source/tasks.o
                0x00000000080021a8                xTaskGenericCreate
 .text.vTaskStartScheduler
                0x0000000008002374       0x54 build/ST/STM32469IDISCO/target/os/FreeRTOS7.6.0/Source/tasks.o
                0x0000000008002374                vTaskStartScheduler
 .text.vTaskSuspendAll
                0x00000000080023c8       0x10 build/ST/STM32469IDISCO/target/os/FreeRTOS7.6.0/Source/tasks.o
                0x00000000080023c8                vTaskSuspendAll
 .text.xTaskIncrementTick
                0x00000000080023d8      0x12c build/ST/STM32469IDISCO/target/os/FreeRTOS7.6.0/Source/tasks.o
                0x00000000080023d8                xTaskIncrementTick
 .text.xTaskResumeAll
                0x0000000008002504       0xc8 build/ST/STM32469IDISCO/target/os/FreeRTOS7.6.0/Source/tasks.o
                0x0000000008002504                xTaskResumeAll
 .text.prvIdleTask
                0x00000000080025cc       0x68 build/ST/STM32469IDISCO/target/os/FreeRTOS7.6.0/Source/tasks.o
 .text.vTaskSetApplicationTaskTag
                0x0000000008002634       0x20 build/ST/STM32469IDISCO/target/os/FreeRTOS7.6.0/Source/tasks.o
                0x0000000008002634                vTaskSetApplicationTaskTag
 .text.xTaskCallApplicationTaskHook
                0x0000000008002654       0x18 build/ST/STM32469IDISCO/target/os/FreeRTOS7.6.0/Source/tasks.o
                0x0000000008002654                xTaskCallApplicationTaskHook
 .text.vTaskSwitchContext
                0x000000000800266c       0xb4 build/ST/STM32469IDISCO/target/os/FreeRTOS7.6.0/Source/tasks.o
                0x000000000800266c                vTaskSwitchContext
 .text.vTaskPlaceOnEventList
                0x0000000008002720       0x4c build/ST/STM32469IDISCO/target/os/FreeRTOS7.6.0/Source/tasks.o
                0x0000000008002720                vTaskPlaceOnEventList
 .text.xTaskRemoveFromEventList
                0x000000000800276c       0x74 build/ST/STM32469IDISCO/target/os/FreeRTOS7.6.0/Source/tasks.o
                0x000000000800276c                xTaskRemoveFromEventList
 .text.vTaskSetTimeOutState
                0x00000000080027e0       0x20 build/ST/STM32469IDISCO/target/os/FreeRTOS7.6.0/Source/tasks.o
                0x00000000080027e0                vTaskSetTimeOutState
 .text.xTaskCheckForTimeOut
                0x0000000008002800       0x5c build/ST/STM32469IDISCO/target/os/FreeRTOS7.6.0/Source/tasks.o
                0x0000000008002800                xTaskCheckForTimeOut
 .text.vTaskMissedYield
                0x000000000800285c        0xc build/ST/STM32469IDISCO/target/os/FreeRTOS7.6.0/Source/tasks.o
                0x000000000800285c                vTaskMissedYield
 .text.xTaskGetCurrentTaskHandle
                0x0000000008002868        0xc build/ST/STM32469IDISCO/target/os/FreeRTOS7.6.0/Source/tasks.o
                0x0000000008002868                xTaskGetCurrentTaskHandle
 .text.vTaskPriorityInherit
                0x0000000008002874       0x68 build/ST/STM32469IDISCO/target/os/FreeRTOS7.6.0/Source/tasks.o
                0x0000000008002874                vTaskPriorityInherit
 .text.vTaskPriorityDisinherit
                0x00000000080028dc       0x48 build/ST/STM32469IDISCO/target/os/FreeRTOS7.6.0/Source/tasks.o
                0x00000000080028dc                vTaskPriorityDisinherit
 .text.pvPortMalloc
                0x0000000008002924       0xc0 build/ST/STM32469IDISCO/target/os/FreeRTOS7.6.0/Source/portable/MemMang/heap_2.o
                0x0000000008002924                pvPortMalloc
 .text.vPortFree
                0x00000000080029e4       0x44 build/ST/STM32469IDISCO/target/os/FreeRTOS7.6.0/Source/portable/MemMang/heap_2.o
                0x00000000080029e4                vPortFree
 .text.prvPortStartFirstTask
                0x0000000008002a28       0x14 build/ST/STM32469IDISCO/target/os/FreeRTOS7.6.0/Source/portable/GCC/ARM_CM4F/port.o
 .text.vPortEnableVFP
                0x0000000008002a3c       0x14 build/ST/STM32469IDISCO/target/os/FreeRTOS7.6.0/Source/portable/GCC/ARM_CM4F/port.o
 .text.pxPortInitialiseStack
                0x0000000008002a50       0x24 build/ST/STM32469IDISCO/target/os/FreeRTOS7.6.0/Source/portable/GCC/ARM_CM4F/port.o
                0x0000000008002a50                pxPortInitialiseStack
 .text.SVC_Handler
                0x0000000008002a74       0x1c build/ST/STM32469IDISCO/target/os/FreeRTOS7.6.0/Source/portable/GCC/ARM_CM4F/port.o
                0x0000000008002a74                SVC_Handler
 .text.vPortYield
                0x0000000008002a90       0x18 build/ST/STM32469IDISCO/target/os/FreeRTOS7.6.0/Source/portable/GCC/ARM_CM4F/port.o
                0x0000000008002a90                vPortYield
 .text.ulPortSetInterruptMask
                0x0000000008002aa8       0x10 build/ST/STM32469IDISCO/target/os/FreeRTOS7.6.0/Source/portable/GCC/ARM_CM4F/port.o
                0x0000000008002aa8                ulPortSetInterruptMask
 .text.prvTaskExitError
                0x0000000008002ab8       0x1c build/ST/STM32469IDISCO/target/os/FreeRTOS7.6.0/Source/portable/GCC/ARM_CM4F/port.o
 .text.vPortEnterCritical
                0x0000000008002ad4       0x1c build/ST/STM32469IDISCO/target/os/FreeRTOS7.6.0/Source/portable/GCC/ARM_CM4F/port.o
                0x0000000008002ad4                vPortEnterCritical
 .text.vPortClearInterruptMask
                0x0000000008002af0        0x6 build/ST/STM32469IDISCO/target/os/FreeRTOS7.6.0/Source/portable/GCC/ARM_CM4F/port.o
                0x0000000008002af0                vPortClearInterruptMask
 *fill*         0x0000000008002af6        0x2 00000000
 .text.vPortExitCritical
                0x0000000008002af8       0x14 build/ST/STM32469IDISCO/target/os/FreeRTOS7.6.0/Source/portable/GCC/ARM_CM4F/port.o
                0x0000000008002af8                vPortExitCritical
 .text.PendSV_Handler
                0x0000000008002b0c       0x50 build/ST/STM32469IDISCO/target/os/FreeRTOS7.6.0/Source/portable/GCC/ARM_CM4F/port.o
                0x0000000008002b0c                PendSV_Handler
 .text.OS_SysTick
                0x0000000008002b5c       0x24 build/ST/STM32469IDISCO/target/os/FreeRTOS7.6.0/Source/portable/GCC/ARM_CM4F/port.o
                0x0000000008002b5c                OS_SysTick
 .text.vPortSetupTimerInterrupt
                0x0000000008002b80       0x28 build/ST/STM32469IDISCO/target/os/FreeRTOS7.6.0/Source/portable/GCC/ARM_CM4F/port.o
                0x0000000008002b80                vPortSetupTimerInterrupt
 .text.xPortStartScheduler
                0x0000000008002ba8       0xa8 build/ST/STM32469IDISCO/target/os/FreeRTOS7.6.0/Source/portable/GCC/ARM_CM4F/port.o
                0x0000000008002ba8                xPortStartScheduler
 .text.vPortValidateInterruptPriority
                0x0000000008002c50       0x44 build/ST/STM32469IDISCO/target/os/FreeRTOS7.6.0/Source/portable/GCC/ARM_CM4F/port.o
                0x0000000008002c50                vPortValidateInterruptPriority
 .text.NMI_Handler
                0x0000000008002c94        0xc build/ST/STM32469IDISCO/target/gcc/isr.o
                0x0000000008002c94                NMI_Handler
 .text.HardFault_Handler
                0x0000000008002ca0        0xc build/ST/STM32469IDISCO/target/gcc/isr.o
                0x0000000008002ca0                HardFault_Handler
 .text.MemManage_Handler
                0x0000000008002cac        0xc build/ST/STM32469IDISCO/target/gcc/isr.o
                0x0000000008002cac                MemManage_Handler
 .text.BusFault_Handler
                0x0000000008002cb8        0xc build/ST/STM32469IDISCO/target/gcc/isr.o
                0x0000000008002cb8                BusFault_Handler
 .text.UsageFault_Handler
                0x0000000008002cc4        0xc build/ST/STM32469IDISCO/target/gcc/isr.o
                0x0000000008002cc4                UsageFault_Handler
 .text.DebugMon_Handler
                0x0000000008002cd0        0xc build/ST/STM32469IDISCO/target/gcc/isr.o
                0x0000000008002cd0                DebugMon_Handler
 .text.WWDG_IRQHandler
                0x0000000008002cdc       0x12 build/ST/STM32469IDISCO/target/gcc/isr.o
                0x0000000008002cdc                WWDG_IRQHandler
 *fill*         0x0000000008002cee        0x2 00000000
 .text.ResetISR
                0x0000000008002cf0       0x74 build/ST/STM32469IDISCO/target/gcc/isr.o
                0x0000000008002cf0                ResetISR
 .text.PVD_IRQHandler
                0x0000000008002d64       0x12 build/ST/STM32469IDISCO/target/gcc/isr.o
                0x0000000008002d64                PVD_IRQHandler
 .text.TAMP_STAMP_IRQHandler
                0x0000000008002d76       0x12 build/ST/STM32469IDISCO/target/gcc/isr.o
                0x0000000008002d76                TAMP_STAMP_IRQHandler
 .text.RTC_WKUP_IRQHandler
                0x0000000008002d88       0x12 build/ST/STM32469IDISCO/target/gcc/isr.o
                0x0000000008002d88                RTC_WKUP_IRQHandler
 .text.FLASH_IRQHandler
                0x0000000008002d9a       0x12 build/ST/STM32469IDISCO/target/gcc/isr.o
                0x0000000008002d9a                FLASH_IRQHandler
 .text.RCC_IRQHandler
                0x0000000008002dac       0x12 build/ST/STM32469IDISCO/target/gcc/isr.o
                0x0000000008002dac                RCC_IRQHandler
 .text.EXTI0_IRQHandler
                0x0000000008002dbe       0x12 build/ST/STM32469IDISCO/target/gcc/isr.o
                0x0000000008002dbe                EXTI0_IRQHandler
 .text.EXTI1_IRQHandler
                0x0000000008002dd0       0x12 build/ST/STM32469IDISCO/target/gcc/isr.o
                0x0000000008002dd0                EXTI1_IRQHandler
 .text.EXTI2_IRQHandler
                0x0000000008002de2       0x12 build/ST/STM32469IDISCO/target/gcc/isr.o
                0x0000000008002de2                EXTI2_IRQHandler
 .text.EXTI3_IRQHandler
                0x0000000008002df4       0x12 build/ST/STM32469IDISCO/target/gcc/isr.o
                0x0000000008002df4                EXTI3_IRQHandler
 .text.EXTI4_IRQHandler
                0x0000000008002e06       0x12 build/ST/STM32469IDISCO/target/gcc/isr.o
                0x0000000008002e06                EXTI4_IRQHandler
 .text.DMA1_Stream0_IRQHandler
                0x0000000008002e18       0x12 build/ST/STM32469IDISCO/target/gcc/isr.o
                0x0000000008002e18                DMA1_Stream0_IRQHandler
 .text.DMA1_Stream1_IRQHandler
                0x0000000008002e2a       0x12 build/ST/STM32469IDISCO/target/gcc/isr.o
                0x0000000008002e2a                DMA1_Stream1_IRQHandler
 .text.DMA1_Stream2_IRQHandler
                0x0000000008002e3c       0x12 build/ST/STM32469IDISCO/target/gcc/isr.o
                0x0000000008002e3c                DMA1_Stream2_IRQHandler
 .text.DMA1_Stream3_IRQHandler
                0x0000000008002e4e       0x12 build/ST/STM32469IDISCO/target/gcc/isr.o
                0x0000000008002e4e                DMA1_Stream3_IRQHandler
 .text.DMA1_Stream4_IRQHandler
                0x0000000008002e60       0x12 build/ST/STM32469IDISCO/target/gcc/isr.o
                0x0000000008002e60                DMA1_Stream4_IRQHandler
 .text.DMA1_Stream5_IRQHandler
                0x0000000008002e72       0x12 build/ST/STM32469IDISCO/target/gcc/isr.o
                0x0000000008002e72                DMA1_Stream5_IRQHandler
 .text.DMA1_Stream6_IRQHandler
                0x0000000008002e84       0x12 build/ST/STM32469IDISCO/target/gcc/isr.o
                0x0000000008002e84                DMA1_Stream6_IRQHandler
 .text.ADC_IRQHandler
                0x0000000008002e96       0x12 build/ST/STM32469IDISCO/target/gcc/isr.o
                0x0000000008002e96                ADC_IRQHandler
 .text.CAN1_TX_IRQHandler
                0x0000000008002ea8       0x12 build/ST/STM32469IDISCO/target/gcc/isr.o
                0x0000000008002ea8                CAN1_TX_IRQHandler
 .text.CAN1_RX0_IRQHandler
                0x0000000008002eba       0x12 build/ST/STM32469IDISCO/target/gcc/isr.o
                0x0000000008002eba                CAN1_RX0_IRQHandler
 .text.CAN1_RX1_IRQHandler
                0x0000000008002ecc       0x12 build/ST/STM32469IDISCO/target/gcc/isr.o
                0x0000000008002ecc                CAN1_RX1_IRQHandler
 .text.CAN1_SCE_IRQHandler
                0x0000000008002ede       0x12 build/ST/STM32469IDISCO/target/gcc/isr.o
                0x0000000008002ede                CAN1_SCE_IRQHandler
 .text.EXTI9_5_IRQHandler
                0x0000000008002ef0       0x12 build/ST/STM32469IDISCO/target/gcc/isr.o
                0x0000000008002ef0                EXTI9_5_IRQHandler
 .text.TIM1_BRK_TIM9_IRQHandler
                0x0000000008002f02       0x12 build/ST/STM32469IDISCO/target/gcc/isr.o
                0x0000000008002f02                TIM1_BRK_TIM9_IRQHandler
 .text.TIM1_UP_TIM10_IRQHandler
                0x0000000008002f14       0x12 build/ST/STM32469IDISCO/target/gcc/isr.o
                0x0000000008002f14                TIM1_UP_TIM10_IRQHandler
 .text.TIM1_TRG_COM_TIM11_IRQHandler
                0x0000000008002f26       0x12 build/ST/STM32469IDISCO/target/gcc/isr.o
                0x0000000008002f26                TIM1_TRG_COM_TIM11_IRQHandler
 .text.TIM1_CC_IRQHandler
                0x0000000008002f38       0x12 build/ST/STM32469IDISCO/target/gcc/isr.o
                0x0000000008002f38                TIM1_CC_IRQHandler
 .text.TIM2_IRQHandler
                0x0000000008002f4a       0x12 build/ST/STM32469IDISCO/target/gcc/isr.o
                0x0000000008002f4a                TIM2_IRQHandler
 .text.TIM3_IRQHandler
                0x0000000008002f5c       0x12 build/ST/STM32469IDISCO/target/gcc/isr.o
                0x0000000008002f5c                TIM3_IRQHandler
 .text.TIM4_IRQHandler
                0x0000000008002f6e       0x12 build/ST/STM32469IDISCO/target/gcc/isr.o
                0x0000000008002f6e                TIM4_IRQHandler
 .text.I2C1_EV_IRQHandler
                0x0000000008002f80       0x12 build/ST/STM32469IDISCO/target/gcc/isr.o
                0x0000000008002f80                I2C1_EV_IRQHandler
 .text.I2C1_ER_IRQHandler
                0x0000000008002f92       0x12 build/ST/STM32469IDISCO/target/gcc/isr.o
                0x0000000008002f92                I2C1_ER_IRQHandler
 .text.I2C2_EV_IRQHandler
                0x0000000008002fa4       0x12 build/ST/STM32469IDISCO/target/gcc/isr.o
                0x0000000008002fa4                I2C2_EV_IRQHandler
 .text.I2C2_ER_IRQHandler
                0x0000000008002fb6       0x12 build/ST/STM32469IDISCO/target/gcc/isr.o
                0x0000000008002fb6                I2C2_ER_IRQHandler
 .text.SPI1_IRQHandler
                0x0000000008002fc8       0x12 build/ST/STM32469IDISCO/target/gcc/isr.o
                0x0000000008002fc8                SPI1_IRQHandler
 .text.SPI2_IRQHandler
                0x0000000008002fda       0x12 build/ST/STM32469IDISCO/target/gcc/isr.o
                0x0000000008002fda                SPI2_IRQHandler
 .text.USART1_IRQHandler
                0x0000000008002fec       0x12 build/ST/STM32469IDISCO/target/gcc/isr.o
                0x0000000008002fec                USART1_IRQHandler
 .text.USART2_IRQHandler
                0x0000000008002ffe       0x12 build/ST/STM32469IDISCO/target/gcc/isr.o
                0x0000000008002ffe                USART2_IRQHandler
 .text.USART3_IRQHandler
                0x0000000008003010       0x12 build/ST/STM32469IDISCO/target/gcc/isr.o
                0x0000000008003010                USART3_IRQHandler
 .text.EXTI15_10_IRQHandler
                0x0000000008003022       0x12 build/ST/STM32469IDISCO/target/gcc/isr.o
                0x0000000008003022                EXTI15_10_IRQHandler
 .text.RTC_Alarm_IRQHandler
                0x0000000008003034       0x12 build/ST/STM32469IDISCO/target/gcc/isr.o
                0x0000000008003034                RTC_Alarm_IRQHandler
 .text.OTG_FS_WKUP_IRQHandler
                0x0000000008003046       0x12 build/ST/STM32469IDISCO/target/gcc/isr.o
                0x0000000008003046                OTG_FS_WKUP_IRQHandler
 .text.TIM8_BRK_TIM12_IRQHandler
                0x0000000008003058       0x12 build/ST/STM32469IDISCO/target/gcc/isr.o
                0x0000000008003058                TIM8_BRK_TIM12_IRQHandler
 .text.TIM8_UP_TIM13_IRQHandler
                0x000000000800306a       0x12 build/ST/STM32469IDISCO/target/gcc/isr.o
                0x000000000800306a                TIM8_UP_TIM13_IRQHandler
 .text.TIM8_TRG_COM_TIM14_IRQHandler
                0x000000000800307c       0x12 build/ST/STM32469IDISCO/target/gcc/isr.o
                0x000000000800307c                TIM8_TRG_COM_TIM14_IRQHandler
 .text.TIM8_CC_IRQHandler
                0x000000000800308e       0x12 build/ST/STM32469IDISCO/target/gcc/isr.o
                0x000000000800308e                TIM8_CC_IRQHandler
 .text.DMA1_Stream7_IRQHandler
                0x00000000080030a0       0x12 build/ST/STM32469IDISCO/target/gcc/isr.o
                0x00000000080030a0                DMA1_Stream7_IRQHandler
 .text.FMC_IRQHandler
                0x00000000080030b2       0x12 build/ST/STM32469IDISCO/target/gcc/isr.o
                0x00000000080030b2                FMC_IRQHandler
 .text.SDIO_IRQHandler
                0x00000000080030c4       0x12 build/ST/STM32469IDISCO/target/gcc/isr.o
                0x00000000080030c4                SDIO_IRQHandler
 .text.TIM5_IRQHandler
                0x00000000080030d6       0x12 build/ST/STM32469IDISCO/target/gcc/isr.o
                0x00000000080030d6                TIM5_IRQHandler
 .text.SPI3_IRQHandler
                0x00000000080030e8       0x12 build/ST/STM32469IDISCO/target/gcc/isr.o
                0x00000000080030e8                SPI3_IRQHandler
 .text.UART4_IRQHandler
                0x00000000080030fa       0x12 build/ST/STM32469IDISCO/target/gcc/isr.o
                0x00000000080030fa                UART4_IRQHandler
 .text.UART5_IRQHandler
                0x000000000800310c       0x12 build/ST/STM32469IDISCO/target/gcc/isr.o
                0x000000000800310c                UART5_IRQHandler
 .text.TIM6_DAC_IRQHandler
                0x000000000800311e       0x12 build/ST/STM32469IDISCO/target/gcc/isr.o
                0x000000000800311e                TIM6_DAC_IRQHandler
 .text.TIM7_IRQHandler
                0x0000000008003130       0x12 build/ST/STM32469IDISCO/target/gcc/isr.o
                0x0000000008003130                TIM7_IRQHandler
 .text.DMA2_Stream0_IRQHandler
                0x0000000008003142       0x12 build/ST/STM32469IDISCO/target/gcc/isr.o
                0x0000000008003142                DMA2_Stream0_IRQHandler
 .text.DMA2_Stream1_IRQHandler
                0x0000000008003154       0x12 build/ST/STM32469IDISCO/target/gcc/isr.o
                0x0000000008003154                DMA2_Stream1_IRQHandler
 .text.DMA2_Stream2_IRQHandler
                0x0000000008003166       0x12 build/ST/STM32469IDISCO/target/gcc/isr.o
                0x0000000008003166                DMA2_Stream2_IRQHandler
 .text.DMA2_Stream3_IRQHandler
                0x0000000008003178       0x12 build/ST/STM32469IDISCO/target/gcc/isr.o
                0x0000000008003178                DMA2_Stream3_IRQHandler
 .text.DMA2_Stream4_IRQHandler
                0x000000000800318a       0x12 build/ST/STM32469IDISCO/target/gcc/isr.o
                0x000000000800318a                DMA2_Stream4_IRQHandler
 .text.ETH_IRQHandler
                0x000000000800319c       0x12 build/ST/STM32469IDISCO/target/gcc/isr.o
                0x000000000800319c                ETH_IRQHandler
 .text.ETH_WKUP_IRQHandler
                0x00000000080031ae       0x12 build/ST/STM32469IDISCO/target/gcc/isr.o
                0x00000000080031ae                ETH_WKUP_IRQHandler
 .text.CAN2_TX_IRQHandler
                0x00000000080031c0       0x12 build/ST/STM32469IDISCO/target/gcc/isr.o
                0x00000000080031c0                CAN2_TX_IRQHandler
 .text.CAN2_RX0_IRQHandler
                0x00000000080031d2       0x12 build/ST/STM32469IDISCO/target/gcc/isr.o
                0x00000000080031d2                CAN2_RX0_IRQHandler
 .text.CAN2_RX1_IRQHandler
                0x00000000080031e4       0x12 build/ST/STM32469IDISCO/target/gcc/isr.o
                0x00000000080031e4                CAN2_RX1_IRQHandler
 .text.CAN2_SCE_IRQHandler
                0x00000000080031f6       0x12 build/ST/STM32469IDISCO/target/gcc/isr.o
                0x00000000080031f6                CAN2_SCE_IRQHandler
 .text.OTG_FS_IRQHandler
                0x0000000008003208       0x12 build/ST/STM32469IDISCO/target/gcc/isr.o
                0x0000000008003208                OTG_FS_IRQHandler
 .text.DMA2_Stream5_IRQHandler
                0x000000000800321a       0x12 build/ST/STM32469IDISCO/target/gcc/isr.o
                0x000000000800321a                DMA2_Stream5_IRQHandler
 .text.DMA2_Stream6_IRQHandler
                0x000000000800322c       0x12 build/ST/STM32469IDISCO/target/gcc/isr.o
                0x000000000800322c                DMA2_Stream6_IRQHandler
 .text.DMA2_Stream7_IRQHandler
                0x000000000800323e       0x12 build/ST/STM32469IDISCO/target/gcc/isr.o
                0x000000000800323e                DMA2_Stream7_IRQHandler
 .text.USART6_IRQHandler
                0x0000000008003250       0x12 build/ST/STM32469IDISCO/target/gcc/isr.o
                0x0000000008003250                USART6_IRQHandler
 .text.I2C3_EV_IRQHandler
                0x0000000008003262       0x12 build/ST/STM32469IDISCO/target/gcc/isr.o
                0x0000000008003262                I2C3_EV_IRQHandler
 .text.I2C3_ER_IRQHandler
                0x0000000008003274       0x12 build/ST/STM32469IDISCO/target/gcc/isr.o
                0x0000000008003274                I2C3_ER_IRQHandler
 .text.OTG_HS_EP1_OUT_IRQHandler
                0x0000000008003286       0x12 build/ST/STM32469IDISCO/target/gcc/isr.o
                0x0000000008003286                OTG_HS_EP1_OUT_IRQHandler
 .text.OTG_HS_EP1_IN_IRQHandler
                0x0000000008003298       0x12 build/ST/STM32469IDISCO/target/gcc/isr.o
                0x0000000008003298                OTG_HS_EP1_IN_IRQHandler
 .text.OTG_HS_WKUP_IRQHandler
                0x00000000080032aa       0x12 build/ST/STM32469IDISCO/target/gcc/isr.o
                0x00000000080032aa                OTG_HS_WKUP_IRQHandler
 .text.OTG_HS_IRQHandler
                0x00000000080032bc       0x12 build/ST/STM32469IDISCO/target/gcc/isr.o
                0x00000000080032bc                OTG_HS_IRQHandler
 .text.DCMI_IRQHandler
                0x00000000080032ce       0x12 build/ST/STM32469IDISCO/target/gcc/isr.o
                0x00000000080032ce                DCMI_IRQHandler
 .text.CRYP_IRQHandler
                0x00000000080032e0       0x12 build/ST/STM32469IDISCO/target/gcc/isr.o
                0x00000000080032e0                CRYP_IRQHandler
 .text.HASH_RNG_IRQHandler
                0x00000000080032f2       0x12 build/ST/STM32469IDISCO/target/gcc/isr.o
                0x00000000080032f2                HASH_RNG_IRQHandler
 .text.FPU_IRQHandler
                0x0000000008003304       0x12 build/ST/STM32469IDISCO/target/gcc/isr.o
                0x0000000008003304                FPU_IRQHandler
 .text.UART7_IRQHandler
                0x0000000008003316       0x12 build/ST/STM32469IDISCO/target/gcc/isr.o
                0x0000000008003316                UART7_IRQHandler
 .text.UART8_IRQHandler
                0x0000000008003328       0x12 build/ST/STM32469IDISCO/target/gcc/isr.o
                0x0000000008003328                UART8_IRQHandler
 .text.SPI4_IRQHandler
                0x000000000800333a       0x12 build/ST/STM32469IDISCO/target/gcc/isr.o
                0x000000000800333a                SPI4_IRQHandler
 .text.SPI5_IRQHandler
                0x000000000800334c       0x12 build/ST/STM32469IDISCO/target/gcc/isr.o
                0x000000000800334c                SPI5_IRQHandler
 .text.SPI6_IRQHandler
                0x000000000800335e       0x12 build/ST/STM32469IDISCO/target/gcc/isr.o
                0x000000000800335e                SPI6_IRQHandler
 .text.SAI1_IRQHandler
                0x0000000008003370       0x12 build/ST/STM32469IDISCO/target/gcc/isr.o
                0x0000000008003370                SAI1_IRQHandler
 .text.LTDC_ER_IRQHandler
                0x0000000008003382       0x12 build/ST/STM32469IDISCO/target/gcc/isr.o
                0x0000000008003382                LTDC_ER_IRQHandler
 .text.QUADSPI_IRQHandler
                0x0000000008003394       0x12 build/ST/STM32469IDISCO/target/gcc/isr.o
                0x0000000008003394                QUADSPI_IRQHandler
 *fill*         0x00000000080033a6        0x2 00000000
 .text.I2C1_Init
                0x00000000080033a8       0xcc build/ST/STM32469IDISCO/target/bsp/source/vendor/STM32469I-Discovery/stm32469i_discovery.o
 .text.I2C1_Error.isra.3
                0x0000000008003474       0x14 build/ST/STM32469IDISCO/target/bsp/source/vendor/STM32469I-Discovery/stm32469i_discovery.o
 .text.BSP_LED_Init
                0x0000000008003488       0x9c build/ST/STM32469IDISCO/target/bsp/source/vendor/STM32469I-Discovery/stm32469i_discovery.o
                0x0000000008003488                BSP_LED_Init
 .text.BSP_LED_On
                0x0000000008003524       0x20 build/ST/STM32469IDISCO/target/bsp/source/vendor/STM32469I-Discovery/stm32469i_discovery.o
                0x0000000008003524                BSP_LED_On
 .text.BSP_LED_Off
                0x0000000008003544       0x20 build/ST/STM32469IDISCO/target/bsp/source/vendor/STM32469I-Discovery/stm32469i_discovery.o
                0x0000000008003544                BSP_LED_Off
 .text.BSP_PB_Init
                0x0000000008003564       0x74 build/ST/STM32469IDISCO/target/bsp/source/vendor/STM32469I-Discovery/stm32469i_discovery.o
                0x0000000008003564                BSP_PB_Init
 .text.BSP_PB_GetState
                0x00000000080035d8       0x14 build/ST/STM32469IDISCO/target/bsp/source/vendor/STM32469I-Discovery/stm32469i_discovery.o
                0x00000000080035d8                BSP_PB_GetState
 .text.TS_IO_Init
                0x00000000080035ec        0x4 build/ST/STM32469IDISCO/target/bsp/source/vendor/STM32469I-Discovery/stm32469i_discovery.o
                0x00000000080035ec                TS_IO_Init
 .text.TS_IO_Write
                0x00000000080035f0       0x2c build/ST/STM32469IDISCO/target/bsp/source/vendor/STM32469I-Discovery/stm32469i_discovery.o
                0x00000000080035f0                TS_IO_Write
 .text.TS_IO_Read
                0x000000000800361c       0x34 build/ST/STM32469IDISCO/target/bsp/source/vendor/STM32469I-Discovery/stm32469i_discovery.o
                0x000000000800361c                TS_IO_Read
 .text.TS_IO_ReadMultiple
                0x0000000008003650       0x2c build/ST/STM32469IDISCO/target/bsp/source/vendor/STM32469I-Discovery/stm32469i_discovery.o
                0x0000000008003650                TS_IO_ReadMultiple
 .text.OTM8009A_IO_Delay
                0x000000000800367c        0x4 build/ST/STM32469IDISCO/target/bsp/source/vendor/STM32469I-Discovery/stm32469i_discovery.o
                0x000000000800367c                OTM8009A_IO_Delay
 .text.BSP_LCD_Reset
                0x0000000008003680       0x60 build/ST/STM32469IDISCO/target/bsp/source/vendor/STM32469I-Discovery/stm32469i_discovery_lcd.o
                0x0000000008003680                BSP_LCD_Reset
 .text.BSP_LCD_GetXSize
                0x00000000080036e0        0xc build/ST/STM32469IDISCO/target/bsp/source/vendor/STM32469I-Discovery/stm32469i_discovery_lcd.o
                0x00000000080036e0                BSP_LCD_GetXSize
 .text.BSP_LCD_GetYSize
                0x00000000080036ec        0xc build/ST/STM32469IDISCO/target/bsp/source/vendor/STM32469I-Discovery/stm32469i_discovery_lcd.o
                0x00000000080036ec                BSP_LCD_GetYSize
 .text.BSP_LCD_SelectLayer
                0x00000000080036f8        0xc build/ST/STM32469IDISCO/target/bsp/source/vendor/STM32469I-Discovery/stm32469i_discovery_lcd.o
                0x00000000080036f8                BSP_LCD_SelectLayer
 .text.DSI_IO_WriteCmd
                0x0000000008003704       0x34 build/ST/STM32469IDISCO/target/bsp/source/vendor/STM32469I-Discovery/stm32469i_discovery_lcd.o
                0x0000000008003704                DSI_IO_WriteCmd
 .text.BSP_LCD_MspInit
                0x0000000008003738       0xa4 build/ST/STM32469IDISCO/target/bsp/source/vendor/STM32469I-Discovery/stm32469i_discovery_lcd.o
                0x0000000008003738                BSP_LCD_MspInit
 .text.QSPI_AutoPollingMemReady.constprop.1
                0x00000000080037dc       0x54 build/ST/STM32469IDISCO/target/bsp/source/vendor/STM32469I-Discovery/stm32469i_discovery_qspi.o
 .text.QSPI_WriteEnable.constprop.3
                0x0000000008003830       0x70 build/ST/STM32469IDISCO/target/bsp/source/vendor/STM32469I-Discovery/stm32469i_discovery_qspi.o
 .text.BSP_QSPI_MemoryMappedMode
                0x00000000080038a0       0x4c build/ST/STM32469IDISCO/target/bsp/source/vendor/STM32469I-Discovery/stm32469i_discovery_qspi.o
                0x00000000080038a0                BSP_QSPI_MemoryMappedMode
 .text.BSP_QSPI_MspInit
                0x00000000080038ec       0xc0 build/ST/STM32469IDISCO/target/bsp/source/vendor/STM32469I-Discovery/stm32469i_discovery_qspi.o
                0x00000000080038ec                BSP_QSPI_MspInit
 .text.BSP_QSPI_Init
                0x00000000080039ac      0x138 build/ST/STM32469IDISCO/target/bsp/source/vendor/STM32469I-Discovery/stm32469i_discovery_qspi.o
                0x00000000080039ac                BSP_QSPI_Init
 .text.BSP_SDRAM_Initialization_sequence
                0x0000000008003ae4       0x94 build/ST/STM32469IDISCO/target/bsp/source/vendor/STM32469I-Discovery/stm32469i_discovery_sdram.o
                0x0000000008003ae4                BSP_SDRAM_Initialization_sequence
 .text.BSP_SDRAM_MspInit
                0x0000000008003b78      0x1a4 build/ST/STM32469IDISCO/target/bsp/source/vendor/STM32469I-Discovery/stm32469i_discovery_sdram.o
                0x0000000008003b78                BSP_SDRAM_MspInit
 .text.BSP_SDRAM_Init
                0x0000000008003d1c       0x7c build/ST/STM32469IDISCO/target/bsp/source/vendor/STM32469I-Discovery/stm32469i_discovery_sdram.o
                0x0000000008003d1c                BSP_SDRAM_Init
 .text.BSP_TS_Init
                0x0000000008003d98       0x58 build/ST/STM32469IDISCO/target/bsp/source/vendor/STM32469I-Discovery/stm32469i_discovery_ts.o
                0x0000000008003d98                BSP_TS_Init
 .text.BSP_TS_GetState